Archive member included to satisfy reference by file (symbol)

s:/program files (x86)/atmel/studio/7.0/toolchain/arm/arm-gnu-toolchain/bin/../lib/gcc/arm-none-eabi/6.3.1/../../../../arm-none-eabi/lib/thumb/v7e-m\libc.a(lib_a-exit.o)
                              s:/program files (x86)/atmel/studio/7.0/toolchain/arm/arm-gnu-toolchain/bin/../lib/gcc/arm-none-eabi/6.3.1/../../../../arm-none-eabi/lib/thumb/v7e-m/crt0.o (exit)
s:/program files (x86)/atmel/studio/7.0/toolchain/arm/arm-gnu-toolchain/bin/../lib/gcc/arm-none-eabi/6.3.1/../../../../arm-none-eabi/lib/thumb/v7e-m\libc.a(lib_a-impure.o)
                              s:/program files (x86)/atmel/studio/7.0/toolchain/arm/arm-gnu-toolchain/bin/../lib/gcc/arm-none-eabi/6.3.1/../../../../arm-none-eabi/lib/thumb/v7e-m\libc.a(lib_a-exit.o) (_global_impure_ptr)
s:/program files (x86)/atmel/studio/7.0/toolchain/arm/arm-gnu-toolchain/bin/../lib/gcc/arm-none-eabi/6.3.1/../../../../arm-none-eabi/lib/thumb/v7e-m\libc.a(lib_a-init.o)
                              s:/program files (x86)/atmel/studio/7.0/toolchain/arm/arm-gnu-toolchain/bin/../lib/gcc/arm-none-eabi/6.3.1/../../../../arm-none-eabi/lib/thumb/v7e-m/crt0.o (__libc_init_array)
s:/program files (x86)/atmel/studio/7.0/toolchain/arm/arm-gnu-toolchain/bin/../lib/gcc/arm-none-eabi/6.3.1/../../../../arm-none-eabi/lib/thumb/v7e-m\libc.a(lib_a-memset.o)
                              s:/program files (x86)/atmel/studio/7.0/toolchain/arm/arm-gnu-toolchain/bin/../lib/gcc/arm-none-eabi/6.3.1/../../../../arm-none-eabi/lib/thumb/v7e-m/crt0.o (memset)
s:/program files (x86)/atmel/studio/7.0/toolchain/arm/arm-gnu-toolchain/bin/../lib/gcc/arm-none-eabi/6.3.1/../../../../arm-none-eabi/lib/thumb/v7e-m\libc.a(lib_a-__call_atexit.o)
                              s:/program files (x86)/atmel/studio/7.0/toolchain/arm/arm-gnu-toolchain/bin/../lib/gcc/arm-none-eabi/6.3.1/../../../../arm-none-eabi/lib/thumb/v7e-m\libc.a(lib_a-exit.o) (__call_exitprocs)
s:/program files (x86)/atmel/studio/7.0/toolchain/arm/arm-gnu-toolchain/bin/../lib/gcc/arm-none-eabi/6.3.1/../../../../arm-none-eabi/lib/thumb/v7e-m\libc.a(lib_a-atexit.o)
                              s:/program files (x86)/atmel/studio/7.0/toolchain/arm/arm-gnu-toolchain/bin/../lib/gcc/arm-none-eabi/6.3.1/../../../../arm-none-eabi/lib/thumb/v7e-m\libc.a(lib_a-__call_atexit.o) (atexit)
s:/program files (x86)/atmel/studio/7.0/toolchain/arm/arm-gnu-toolchain/bin/../lib/gcc/arm-none-eabi/6.3.1/../../../../arm-none-eabi/lib/thumb/v7e-m\libc.a(lib_a-fini.o)
                              s:/program files (x86)/atmel/studio/7.0/toolchain/arm/arm-gnu-toolchain/bin/../lib/gcc/arm-none-eabi/6.3.1/../../../../arm-none-eabi/lib/thumb/v7e-m\libc.a(lib_a-__call_atexit.o) (__libc_fini_array)
s:/program files (x86)/atmel/studio/7.0/toolchain/arm/arm-gnu-toolchain/bin/../lib/gcc/arm-none-eabi/6.3.1/../../../../arm-none-eabi/lib/thumb/v7e-m\libc.a(lib_a-lock.o)
                              s:/program files (x86)/atmel/studio/7.0/toolchain/arm/arm-gnu-toolchain/bin/../lib/gcc/arm-none-eabi/6.3.1/../../../../arm-none-eabi/lib/thumb/v7e-m\libc.a(lib_a-__call_atexit.o) (__retarget_lock_acquire_recursive)
s:/program files (x86)/atmel/studio/7.0/toolchain/arm/arm-gnu-toolchain/bin/../lib/gcc/arm-none-eabi/6.3.1/../../../../arm-none-eabi/lib/thumb/v7e-m\libc.a(lib_a-__atexit.o)
                              s:/program files (x86)/atmel/studio/7.0/toolchain/arm/arm-gnu-toolchain/bin/../lib/gcc/arm-none-eabi/6.3.1/../../../../arm-none-eabi/lib/thumb/v7e-m\libc.a(lib_a-atexit.o) (__register_exitproc)

Allocating common symbols
Common symbol       size              file

__lock___atexit_recursive_mutex
                    0x1               s:/program files (x86)/atmel/studio/7.0/toolchain/arm/arm-gnu-toolchain/bin/../lib/gcc/arm-none-eabi/6.3.1/../../../../arm-none-eabi/lib/thumb/v7e-m\libc.a(lib_a-lock.o)
__lock___arc4random_mutex
                    0x1               s:/program files (x86)/atmel/studio/7.0/toolchain/arm/arm-gnu-toolchain/bin/../lib/gcc/arm-none-eabi/6.3.1/../../../../arm-none-eabi/lib/thumb/v7e-m\libc.a(lib_a-lock.o)
__lock___env_recursive_mutex
                    0x1               s:/program files (x86)/atmel/studio/7.0/toolchain/arm/arm-gnu-toolchain/bin/../lib/gcc/arm-none-eabi/6.3.1/../../../../arm-none-eabi/lib/thumb/v7e-m\libc.a(lib_a-lock.o)
__lock___sinit_recursive_mutex
                    0x1               s:/program files (x86)/atmel/studio/7.0/toolchain/arm/arm-gnu-toolchain/bin/../lib/gcc/arm-none-eabi/6.3.1/../../../../arm-none-eabi/lib/thumb/v7e-m\libc.a(lib_a-lock.o)
__lock___malloc_recursive_mutex
                    0x1               s:/program files (x86)/atmel/studio/7.0/toolchain/arm/arm-gnu-toolchain/bin/../lib/gcc/arm-none-eabi/6.3.1/../../../../arm-none-eabi/lib/thumb/v7e-m\libc.a(lib_a-lock.o)
pio_capture_enable_flag
                    0x4               src/ASF/sam/drivers/pio/pio.o
__lock___at_quick_exit_mutex
[...]
Memory Configuration

Name             Origin             Length             Attributes
rom              0x00400000         0x00200000         xr
ram              0x20000000         0x00028000         xrw
*default*        0x00000000         0xffffffff

Linker script and memory map

LOAD s:/program files (x86)/atmel/studio/7.0/toolchain/arm/arm-gnu-toolchain/bin/../lib/gcc/arm-none-eabi/6.3.1/thumb/v7e-m/crti.o
LOAD s:/program files (x86)/atmel/studio/7.0/toolchain/arm/arm-gnu-toolchain/bin/../lib/gcc/arm-none-eabi/6.3.1/thumb/v7e-m/crtbegin.o
LOAD s:/program files (x86)/atmel/studio/7.0/toolchain/arm/arm-gnu-toolchain/bin/../lib/gcc/arm-none-eabi/6.3.1/../../../../arm-none-eabi/lib/thumb/v7e-m/crt0.o
LOAD src/ASF/common/services/clock/sam4s/sysclk.o
LOAD src/ASF/common/services/serial/usart_serial.o
LOAD src/ASF/common/utils/interrupt/interrupt_sam_nvic.o
LOAD src/ASF/sam/boards/sam4s_ek2/init.o
LOAD src/ASF/sam/boards/sam4s_ek2/led.o
LOAD src/ASF/sam/drivers/pio/pio.o
LOAD src/ASF/sam/drivers/pio/pio_handler.o
LOAD src/ASF/sam/drivers/pmc/pmc.o
LOAD src/ASF/sam/drivers/pmc/sleep.o
LOAD src/ASF/sam/drivers/uart/uart.o
LOAD src/ASF/sam/drivers/usart/usart.o
LOAD src/ASF/sam/utils/cmsis/sam4s/source/templates/gcc/startup_sam4s.o
LOAD src/ASF/sam/utils/cmsis/sam4s/source/templates/system_sam4s.o
LOAD src/ASF/sam/utils/syscalls/gcc/syscalls.o
LOAD src/main.o
START GROUP
LOAD ../src/ASF/thirdparty/CMSIS/Lib/GCC\libarm_cortexM4l_math.a
LOAD s:/program files (x86)/atmel/studio/7.0/toolchain/arm/arm-gnu-toolchain/bin/../lib/gcc/arm-none-eabi/6.3.1/../../../../arm-none-eabi/lib/thumb/v7e-m\libm.a
END GROUP
START GROUP
LOAD s:/program files (x86)/atmel/studio/7.0/toolchain/arm/arm-gnu-toolchain/bin/../lib/gcc/arm-none-eabi/6.3.1/thumb/v7e-m\libgcc.a
LOAD s:/program files (x86)/atmel/studio/7.0/toolchain/arm/arm-gnu-toolchain/bin/../lib/gcc/arm-none-eabi/6.3.1/../../../../arm-none-eabi/lib/thumb/v7e-m\libc.a
END GROUP
LOAD s:/program files (x86)/atmel/studio/7.0/toolchain/arm/arm-gnu-toolchain/bin/../lib/gcc/arm-none-eabi/6.3.1/thumb/v7e-m/crtend.o
LOAD s:/program files (x86)/atmel/studio/7.0/toolchain/arm/arm-gnu-toolchain/bin/../lib/gcc/arm-none-eabi/6.3.1/thumb/v7e-m/crtn.o
                0x00003000                __stack_size__ = DEFINED (__stack_size__)?__stack_size__:0x3000
                0x20027ffc                __ram_end__ = ((ORIGIN (ram) + LENGTH (ram)) - 0x4)

.text           0x00400000      0xca0
                0x00400000                . = ALIGN (0x4)
                0x00400000                _sfixed = .
 *(.vectors .vectors.*)
 .vectors       0x00400000       0xcc src/ASF/sam/utils/cmsis/sam4s/source/templates/gcc/startup_sam4s.o
                0x00400000                exception_table
 *(.text .text.* .gnu.linkonce.t.*)
 .text          0x004000cc       0x6c s:/program files (x86)/atmel/studio/7.0/toolchain/arm/arm-gnu-toolchain/bin/../lib/gcc/arm-none-eabi/6.3.1/thumb/v7e-m/crtbegin.o
 .text.sysclk_init
                0x00400138       0x64 src/ASF/common/services/clock/sam4s/sysclk.o
                0x00400138                sysclk_init
 .text.board_init
                0x0040019c      0x144 src/ASF/sam/boards/sam4s_ek2/init.o
                0x0040019c                board_init
 .text.pio_set_peripheral
                0x004002e0       0x90 src/ASF/sam/drivers/pio/pio.o
                0x004002e0                pio_set_peripheral
 .text.pio_set_input
                0x00400370       0x32 src/ASF/sam/drivers/pio/pio.o
                0x00400370                pio_set_input
 .text.pio_set_output
                0x004003a2       0x26 src/ASF/sam/drivers/pio/pio.o
                0x004003a2                pio_set_output
 .text.pio_get_interrupt_status
                0x004003c8        0x4 src/ASF/sam/drivers/pio/pio.o
                0x004003c8                pio_get_interrupt_status
 .text.pio_get_interrupt_mask
                0x004003cc        0x4 src/ASF/sam/drivers/pio/pio.o
                0x004003cc                pio_get_interrupt_mask
 .text.pio_set_pin_low
                0x004003d0       0x1a src/ASF/sam/drivers/pio/pio.o
                0x004003d0                pio_set_pin_low
 *fill*         0x004003ea        0x2 
 .text.pio_configure_pin
                0x004003ec      0x120 src/ASF/sam/drivers/pio/pio.o
                0x004003ec                pio_configure_pin
 .text.pio_configure_pin_group
                0x0040050c       0xd8 src/ASF/sam/drivers/pio/pio.o
                0x0040050c                pio_configure_pin_group
 .text.pio_handler_process
                0x004005e4       0x68 src/ASF/sam/drivers/pio/pio_handler.o
                0x004005e4                pio_handler_process
 .text.PIOA_Handler
                0x0040064c       0x14 src/ASF/sam/drivers/pio/pio_handler.o
                0x0040064c                PIOA_Handler
 .text.PIOB_Handler
                0x00400660       0x14 src/ASF/sam/drivers/pio/pio_handler.o
                0x00400660                PIOB_Handler
 .text.PIOC_Handler
                0x00400674       0x14 src/ASF/sam/drivers/pio/pio_handler.o
                0x00400674                PIOC_Handler
 .text.pmc_switch_mck_to_pllack
                0x00400688       0x64 src/ASF/sam/drivers/pmc/pmc.o
                0x00400688                pmc_switch_mck_to_pllack
 .text.pmc_switch_mainck_to_xtal
                0x004006ec       0x54 src/ASF/sam/drivers/pmc/pmc.o
                0x004006ec                pmc_switch_mainck_to_xtal
 .text.pmc_osc_is_ready_mainck
                0x00400740       0x10 src/ASF/sam/drivers/pmc/pmc.o
                0x00400740                pmc_osc_is_ready_mainck
 .text.pmc_disable_pllack
                0x00400750       0x10 src/ASF/sam/drivers/pmc/pmc.o
                0x00400750                pmc_disable_pllack
 .text.pmc_is_locked_pllack
                0x00400760       0x10 src/ASF/sam/drivers/pmc/pmc.o
                0x00400760                pmc_is_locked_pllack
 .text.pmc_enable_periph_clk
                0x00400770       0x54 src/ASF/sam/drivers/pmc/pmc.o
                0x00400770                pmc_enable_periph_clk
 .text.uart_init
                0x004007c4       0x36 src/ASF/sam/drivers/uart/uart.o
                0x004007c4                uart_init
 .text.uart_write
                0x004007fa       0x10 src/ASF/sam/drivers/uart/uart.o
                0x004007fa                uart_write
 .text.uart_read
                0x0040080a       0x12 src/ASF/sam/drivers/uart/uart.o
                0x0040080a                uart_read
 .text.Dummy_Handler
                0x0040081c        0x2 src/ASF/sam/utils/cmsis/sam4s/source/templates/gcc/startup_sam4s.o
                0x0040081c                DACC_Handler
                0x0040081c                DebugMon_Handler
                0x0040081c                HardFault_Handler
                0x0040081c                TC2_Handler
                0x0040081c                SPI_Handler
                0x0040081c                SysTick_Handler
                0x0040081c                TWI1_Handler
                0x0040081c                PendSV_Handler
                0x0040081c                NMI_Handler
                0x0040081c                ADC_Handler
                0x0040081c                CRCCU_Handler
                0x0040081c                USART0_Handler
                0x0040081c                RTT_Handler
                0x0040081c                EFC1_Handler
                0x0040081c                RTC_Handler
                0x0040081c                UsageFault_Handler
                0x0040081c                WDT_Handler
                0x0040081c                TC4_Handler
                0x0040081c                TC1_Handler
                0x0040081c                HSMCI_Handler
                0x0040081c                UART1_Handler
                0x0040081c                TC3_Handler
                0x0040081c                Dummy_Handler
                0x0040081c                TWI0_Handler
                0x0040081c                USART1_Handler
                0x0040081c                SSC_Handler
                0x0040081c                EFC0_Handler
                0x0040081c                ACC_Handler
                0x0040081c                PMC_Handler
                0x0040081c                PWM_Handler
                0x0040081c                MemManage_Handler
                0x0040081c                SUPC_Handler
                0x0040081c                SVC_Handler
                0x0040081c                UART0_Handler
                0x0040081c                UDP_Handler
                0x0040081c                BusFault_Handler
                0x0040081c                RSTC_Handler
                0x0040081c                TC0_Handler
                0x0040081c                TC5_Handler
 *fill*         0x0040081e        0x2 
 .text.Reset_Handler
                0x00400820       0xac src/ASF/sam/utils/cmsis/sam4s/source/templates/gcc/startup_sam4s.o
                0x00400820                Reset_Handler
 .text.SystemCoreClockUpdate
                0x004008cc      0x110 src/ASF/sam/utils/cmsis/sam4s/source/templates/system_sam4s.o
                0x004008cc                SystemCoreClockUpdate
 .text.system_init_flash
                0x004009dc       0x94 src/ASF/sam/utils/cmsis/sam4s/source/templates/system_sam4s.o
                0x004009dc                system_init_flash
 .text.inicializacao_UART
                0x00400a70       0x3c src/main.o
                0x00400a70                inicializacao_UART
 .text.main     0x00400aac       0x5c src/main.o
                0x00400aac                main
 .text.__libc_init_array
                0x00400b08       0x50 s:/program files (x86)/atmel/studio/7.0/toolchain/arm/arm-gnu-toolchain/bin/../lib/gcc/arm-none-eabi/6.3.1/../../../../arm-none-eabi/lib/thumb/v7e-m\libc.a(lib_a-init.o)
                0x00400b08                __libc_init_array
 .text.startup.register_fini
                0x00400b58       0x14 s:/program files (x86)/atmel/studio/7.0/toolchain/arm/arm-gnu-toolchain/bin/../lib/gcc/arm-none-eabi/6.3.1/../../../../arm-none-eabi/lib/thumb/v7e-m\libc.a(lib_a-__call_atexit.o)
 .text.atexit   0x00400b6c        0xc s:/program files (x86)/atmel/studio/7.0/toolchain/arm/arm-gnu-toolchain/bin/../lib/gcc/arm-none-eabi/6.3.1/../../../../arm-none-eabi/lib/thumb/v7e-m\libc.a(lib_a-atexit.o)
                0x00400b6c                atexit
 .text.__libc_fini_array
                0x00400b78       0x34 s:/program files (x86)/atmel/studio/7.0/toolchain/arm/arm-gnu-toolchain/bin/../lib/gcc/arm-none-eabi/6.3.1/../../../../arm-none-eabi/lib/thumb/v7e-m\libc.a(lib_a-fini.o)
                0x00400b78                __libc_fini_array
 .text.__retarget_lock_acquire_recursive
                0x00400bac        0x4 s:/program files (x86)/atmel/studio/7.0/toolchain/arm/arm-gnu-toolchain/bin/../lib/gcc/arm-none-eabi/6.3.1/../../../../arm-none-eabi/lib/thumb/v7e-m\libc.a(lib_a-lock.o)
                0x00400bac                __retarget_lock_acquire_recursive
 .text.__retarget_lock_release_recursive
                0x00400bb0        0x4 s:/program files (x86)/atmel/studio/7.0/toolchain/arm/arm-gnu-toolchain/bin/../lib/gcc/arm-none-eabi/6.3.1/../../../../arm-none-eabi/lib/thumb/v7e-m\libc.a(lib_a-lock.o)
                0x00400bb0                __retarget_lock_release_recursive
 .text.__register_exitproc
                0x00400bb4       0xc4 s:/program files (x86)/atmel/studio/7.0/toolchain/arm/arm-gnu-toolchain/bin/../lib/gcc/arm-none-eabi/6.3.1/../../../../arm-none-eabi/lib/thumb/v7e-m\libc.a(lib_a-__atexit.o)
                0x00400bb4                __register_exitproc
 *(.glue_7t)
 .glue_7t       0x00400c78        0x0 linker stubs
 *(.glue_7)
 .glue_7        0x00400c78        0x0 linker stubs
 *(.rodata .rodata* .gnu.linkonce.r.*)
 .rodata._global_impure_ptr
                0x00400c78        0x4 s:/program files (x86)/atmel/studio/7.0/toolchain/arm/arm-gnu-toolchain/bin/../lib/gcc/arm-none-eabi/6.3.1/../../../../arm-none-eabi/lib/thumb/v7e-m\libc.a(lib_a-impure.o)
                0x00400c78                _global_impure_ptr
 *(.ARM.extab* .gnu.linkonce.armextab.*)
                0x00400c7c                . = ALIGN (0x4)
 *(.init)
 .init          0x00400c7c        0x4 s:/program files (x86)/atmel/studio/7.0/toolchain/arm/arm-gnu-toolchain/bin/../lib/gcc/arm-none-eabi/6.3.1/thumb/v7e-m/crti.o
                0x00400c7c                _init
 .init          0x00400c80        0x8 s:/program files (x86)/atmel/studio/7.0/toolchain/arm/arm-gnu-toolchain/bin/../lib/gcc/arm-none-eabi/6.3.1/thumb/v7e-m/crtn.o
                0x00400c88                . = ALIGN (0x4)
                0x00400c88                __preinit_array_start = .
 *(.preinit_array)
                0x00400c88                __preinit_array_end = .
                0x00400c88                . = ALIGN (0x4)
                0x00400c88                __init_array_start = .
 *(SORT(.init_array.*))
 .init_array.00000
                0x00400c88        0x4 s:/program files (x86)/atmel/studio/7.0/toolchain/arm/arm-gnu-toolchain/bin/../lib/gcc/arm-none-eabi/6.3.1/../../../../arm-none-eabi/lib/thumb/v7e-m\libc.a(lib_a-__call_atexit.o)
 *(.init_array)
 .init_array    0x00400c8c        0x4 s:/program files (x86)/atmel/studio/7.0/toolchain/arm/arm-gnu-toolchain/bin/../lib/gcc/arm-none-eabi/6.3.1/thumb/v7e-m/crtbegin.o
                0x00400c90                __init_array_end = .
                0x00400c90                . = ALIGN (0x4)
 *crtbegin.o(.ctors)
 *(EXCLUDE_FILE(*crtend.o) .ctors)
 *(SORT(.ctors.*))
 *crtend.o(.ctors)
                0x00400c90                . = ALIGN (0x4)
 *(.fini)
 .fini          0x00400c90        0x4 s:/program files (x86)/atmel/studio/7.0/toolchain/arm/arm-gnu-toolchain/bin/../lib/gcc/arm-none-eabi/6.3.1/thumb/v7e-m/crti.o
                0x00400c90                _fini
 .fini          0x00400c94        0x8 s:/program files (x86)/atmel/studio/7.0/toolchain/arm/arm-gnu-toolchain/bin/../lib/gcc/arm-none-eabi/6.3.1/thumb/v7e-m/crtn.o
                0x00400c9c                . = ALIGN (0x4)
                0x00400c9c                __fini_array_start = .
 *(.fini_array)
 .fini_array    0x00400c9c        0x4 s:/program files (x86)/atmel/studio/7.0/toolchain/arm/arm-gnu-toolchain/bin/../lib/gcc/arm-none-eabi/6.3.1/thumb/v7e-m/crtbegin.o
 *(SORT(.fini_array.*))
                0x00400ca0                __fini_array_end = .
 *crtbegin.o(.dtors)
 *(EXCLUDE_FILE(*crtend.o) .dtors)
 *(SORT(.dtors.*))
 *crtend.o(.dtors)
                0x00400ca0                . = ALIGN (0x4)
                0x00400ca0                _efixed = .
                [!provide]                PROVIDE (__exidx_start, .)

.vfp11_veneer   0x00400ca0        0x0
 .vfp11_veneer  0x00400ca0        0x0 linker stubs

.v4_bx          0x00400ca0        0x0
 .v4_bx         0x00400ca0        0x0 linker stubs

.iplt           0x00400ca0        0x0
 .iplt          0x00400ca0        0x0 s:/program files (x86)/atmel/studio/7.0/toolchain/arm/arm-gnu-toolchain/bin/../lib/gcc/arm-none-eabi/6.3.1/thumb/v7e-m/crtbegin.o

.eh_frame       0x00400ca0        0x0
 .eh_frame      0x00400ca0        0x0 s:/program files (x86)/atmel/studio/7.0/toolchain/arm/arm-gnu-toolchain/bin/../lib/gcc/arm-none-eabi/6.3.1/thumb/v7e-m/crtbegin.o

.rel.dyn        0x00400ca0        0x0
 .rel.iplt      0x00400ca0        0x0 s:/program files (x86)/atmel/studio/7.0/toolchain/arm/arm-gnu-toolchain/bin/../lib/gcc/arm-none-eabi/6.3.1/thumb/v7e-m/crtbegin.o

.jcr            0x00400ca0        0x0
 .jcr           0x00400ca0        0x0 s:/program files (x86)/atmel/studio/7.0/toolchain/arm/arm-gnu-toolchain/bin/../lib/gcc/arm-none-eabi/6.3.1/thumb/v7e-m/crtbegin.o

.igot.plt       0x00400ca0        0x0
 .igot.plt      0x00400ca0        0x0 s:/program files (x86)/atmel/studio/7.0/toolchain/arm/arm-gnu-toolchain/bin/../lib/gcc/arm-none-eabi/6.3.1/thumb/v7e-m/crtbegin.o

.ARM.exidx
 *(.ARM.exidx* .gnu.linkonce.armexidx.*)
                [!provide]                PROVIDE (__exidx_end, .)
                0x00400ca0                . = ALIGN (0x4)
                0x00400ca0                _etext = .

.relocate       0x20000000      0x444 load address 0x00400ca0
                0x20000000                . = ALIGN (0x4)
                0x20000000                _srelocate = .
 *(.ramfunc .ramfunc.*)
 *(.data .data.*)
 .data.SystemCoreClock
                0x20000000        0x4 src/ASF/sam/utils/cmsis/sam4s/source/templates/system_sam4s.o
                0x20000000                SystemCoreClock
 .data.usart_options.8276
                0x20000004       0x10 src/main.o
 *fill*         0x20000014        0x4 
 .data.impure_data
                0x20000018      0x428 s:/program files (x86)/atmel/studio/7.0/toolchain/arm/arm-gnu-toolchain/bin/../lib/gcc/arm-none-eabi/6.3.1/../../../../arm-none-eabi/lib/thumb/v7e-m\libc.a(lib_a-impure.o)
 .data.__atexit_recursive_mutex
                0x20000440        0x4 s:/program files (x86)/atmel/studio/7.0/toolchain/arm/arm-gnu-toolchain/bin/../lib/gcc/arm-none-eabi/6.3.1/../../../../arm-none-eabi/lib/thumb/v7e-m\libc.a(lib_a-__call_atexit.o)
                0x20000440                __atexit_recursive_mutex
                0x20000444                . = ALIGN (0x4)
                0x20000444                _erelocate = .

.bss            0x20000444       0xb8 load address 0x004010e4
                0x20000444                . = ALIGN (0x4)
                0x20000444                _sbss = .
                0x20000444                _szero = .
 *(.bss .bss.*)
 .bss           0x20000444       0x1c s:/program files (x86)/atmel/studio/7.0/toolchain/arm/arm-gnu-toolchain/bin/../lib/gcc/arm-none-eabi/6.3.1/thumb/v7e-m/crtbegin.o
 .bss.gs_interrupt_sources
                0x20000460       0x70 src/ASF/sam/drivers/pio/pio_handler.o
 .bss.pio_capture_handler
                0x200004d0        0x4 src/ASF/sam/drivers/pio/pio_handler.o
 *(COMMON)
 COMMON         0x200004d4        0x4 src/ASF/sam/drivers/pio/pio.o
                0x200004d4                pio_capture_enable_flag
 COMMON         0x200004d8       0x21 s:/program files (x86)/atmel/studio/7.0/toolchain/arm/arm-gnu-toolchain/bin/../lib/gcc/arm-none-eabi/6.3.1/../../../../arm-none-eabi/lib/thumb/v7e-m\libc.a(lib_a-lock.o)
                0x200004d8                __lock___atexit_recursive_mutex
                0x200004dc                __lock___arc4random_mutex
                0x200004e0                __lock___env_recursive_mutex
                0x200004e4                __lock___sinit_recursive_mutex
                0x200004e8                __lock___malloc_recursive_mutex
                0x200004ec                __lock___at_quick_exit_mutex
                0x200004f0                __lock___dd_hash_mutex
                0x200004f4                __lock___tz_mutex
                0x200004f8                __lock___sfp_recursive_mutex
                0x200004fc                . = ALIGN (0x4)
 *fill*         0x200004f9        0x3 
                0x200004fc                _ebss = .
                0x200004fc                _ezero = .

.stack          0x200004fc     0x3004 load address 0x0040119c
                0x20000500                . = ALIGN (0x8)
 *fill*         0x200004fc        0x4 
                0x20000500                _sstack = .
                0x20003500                . = (. + __stack_size__)
 *fill*         0x20000500     0x3000 
                0x20003500                . = ALIGN (0x8)
                0x20003500                _estack = .
                0x20003500                . = ALIGN (0x4)
                0x20003500                _end = .
OUTPUT(Aula2.elf elf32-littlearm)

.ARM.attributes
                0x00000000       0x2a
 .ARM.attributes
                0x00000000       0x1e s:/program files (x86)/atmel/studio/7.0/toolchain/arm/arm-gnu-toolchain/bin/../lib/gcc/arm-none-eabi/6.3.1/thumb/v7e-m/crti.o
 .ARM.attributes
                0x0000001e       0x2e s:/program files (x86)/atmel/studio/7.0/toolchain/arm/arm-gnu-toolchain/bin/../lib/gcc/arm-none-eabi/6.3.1/thumb/v7e-m/crtbegin.o
 .ARM.attributes
                0x0000004c       0x33 src/ASF/common/services/clock/sam4s/sysclk.o
 .ARM.attributes
                0x0000007f       0x33 src/ASF/sam/boards/sam4s_ek2/init.o
 .ARM.attributes
                0x000000b2       0x33 src/ASF/sam/drivers/pio/pio.o
 .ARM.attributes
                0x000000e5       0x33 src/ASF/sam/drivers/pio/pio_handler.o
 .ARM.attributes
                0x00000118       0x33 src/ASF/sam/drivers/pmc/pmc.o
 .ARM.attributes
                0x0000014b       0x33 src/ASF/sam/drivers/uart/uart.o
 .ARM.attributes
                0x0000017e       0x33 src/ASF/sam/utils/cmsis/sam4s/source/templates/gcc/startup_sam4s.o
 .ARM.attributes
                0x000001b1       0x33 src/ASF/sam/utils/cmsis/sam4s/source/templates/system_sam4s.o
 .ARM.attributes
                0x000001e4       0x33 src/main.o
 .ARM.attributes
                0x00000217       0x2e s:/program files (x86)/atmel/studio/7.0/toolchain/arm/arm-gnu-toolchain/bin/../lib/gcc/arm-none-eabi/6.3.1/../../../../arm-none-eabi/lib/thumb/v7e-m\libc.a(lib_a-impure.o)
 .ARM.attributes
                0x00000245       0x2e s:/program files (x86)/atmel/studio/7.0/toolchain/arm/arm-gnu-toolchain/bin/../lib/gcc/arm-none-eabi/6.3.1/../../../../arm-none-eabi/lib/thumb/v7e-m\libc.a(lib_a-init.o)
 .ARM.attributes
                0x00000273       0x2e s:/program files (x86)/atmel/studio/7.0/toolchain/arm/arm-gnu-toolchain/bin/../lib/gcc/arm-none-eabi/6.3.1/../../../../arm-none-eabi/lib/thumb/v7e-m\libc.a(lib_a-__call_atexit.o)
 .ARM.attributes
                0x000002a1       0x2e s:/program files (x86)/atmel/studio/7.0/toolchain/arm/arm-gnu-toolchain/bin/../lib/gcc/arm-none-eabi/6.3.1/../../../../arm-none-eabi/lib/thumb/v7e-m\libc.a(lib_a-atexit.o)
 .ARM.attributes
                0x000002cf       0x2e s:/program files (x86)/atmel/studio/7.0/toolchain/arm/arm-gnu-toolchain/bin/../lib/gcc/arm-none-eabi/6.3.1/../../../../arm-none-eabi/lib/thumb/v7e-m\libc.a(lib_a-fini.o)
 .ARM.attributes
                0x000002fd       0x2e s:/program files (x86)/atmel/studio/7.0/toolchain/arm/arm-gnu-toolchain/bin/../lib/gcc/arm-none-eabi/6.3.1/../../../../arm-none-eabi/lib/thumb/v7e-m\libc.a(lib_a-lock.o)
 .ARM.attributes
                0x0000032b       0x2e s:/program files (x86)/atmel/studio/7.0/toolchain/arm/arm-gnu-toolchain/bin/../lib/gcc/arm-none-eabi/6.3.1/../../../../arm-none-eabi/lib/thumb/v7e-m\libc.a(lib_a-__atexit.o)
 .ARM.attributes
                0x00000359       0x1e s:/program files (x86)/atmel/studio/7.0/toolchain/arm/arm-gnu-toolchain/bin/../lib/gcc/arm-none-eabi/6.3.1/thumb/v7e-m/crtn.o

.comment        0x00000000       0x59
 .comment       0x00000000       0x59 src/ASF/common/services/clock/sam4s/sysclk.o
                                 0x5a (size before relaxing)
 .comment       0x00000059       0x5a src/ASF/sam/boards/sam4s_ek2/init.o
 .comment       0x00000059       0x5a src/ASF/sam/drivers/pio/pio.o
 .comment       0x00000059       0x5a src/ASF/sam/drivers/pio/pio_handler.o
 .comment       0x00000059       0x5a src/ASF/sam/drivers/pmc/pmc.o
 .comment       0x00000059       0x5a src/ASF/sam/drivers/uart/uart.o
 .comment       0x00000059       0x5a src/ASF/sam/utils/cmsis/sam4s/source/templates/gcc/startup_sam4s.o
 .comment       0x00000059       0x5a src/ASF/sam/utils/cmsis/sam4s/source/templates/system_sam4s.o
 .comment       0x00000059       0x5a src/main.o

.debug_info     0x00000000     0xa953
 .debug_info    0x00000000     0x10fa src/ASF/common/services/clock/sam4s/sysclk.o
 .debug_info    0x000010fa     0x1472 src/ASF/sam/boards/sam4s_ek2/init.o
 .debug_info    0x0000256c     0x221d src/ASF/sam/drivers/pio/pio.o
 .debug_info    0x00004789     0x18e2 src/ASF/sam/drivers/pio/pio_handler.o
 .debug_info    0x0000606b     0x1a1a src/ASF/sam/drivers/pmc/pmc.o
 .debug_info    0x00007a85     0x1176 src/ASF/sam/drivers/uart/uart.o
 .debug_info    0x00008bfb      0x6eb src/ASF/sam/utils/cmsis/sam4s/source/templates/gcc/startup_sam4s.o
 .debug_info    0x000092e6      0x458 src/ASF/sam/utils/cmsis/sam4s/source/templates/system_sam4s.o
 .debug_info    0x0000973e     0x1215 src/main.o

.debug_abbrev   0x00000000     0x1854
 .debug_abbrev  0x00000000      0x311 src/ASF/common/services/clock/sam4s/sysclk.o
 .debug_abbrev  0x00000311      0x26f src/ASF/sam/boards/sam4s_ek2/init.o
 .debug_abbrev  0x00000580      0x3ff src/ASF/sam/drivers/pio/pio.o
 .debug_abbrev  0x0000097f      0x368 src/ASF/sam/drivers/pio/pio_handler.o
 .debug_abbrev  0x00000ce7      0x315 src/ASF/sam/drivers/pmc/pmc.o
 .debug_abbrev  0x00000ffc      0x288 src/ASF/sam/drivers/uart/uart.o
 .debug_abbrev  0x00001284      0x17c src/ASF/sam/utils/cmsis/sam4s/source/templates/gcc/startup_sam4s.o
 .debug_abbrev  0x00001400      0x102 src/ASF/sam/utils/cmsis/sam4s/source/templates/system_sam4s.o
 .debug_abbrev  0x00001502      0x352 src/main.o

.debug_loc      0x00000000     0x23f2
 .debug_loc     0x00000000      0x143 src/ASF/common/services/clock/sam4s/sysclk.o
 .debug_loc     0x00000143       0x5c src/ASF/sam/boards/sam4s_ek2/init.o
 .debug_loc     0x0000019f      0xdef src/ASF/sam/drivers/pio/pio.o
 .debug_loc     0x00000f8e      0x549 src/ASF/sam/drivers/pio/pio_handler.o
 .debug_loc     0x000014d7      0xb91 src/ASF/sam/drivers/pmc/pmc.o
 .debug_loc     0x00002068      0x241 src/ASF/sam/drivers/uart/uart.o
 .debug_loc     0x000022a9       0xa1 src/ASF/sam/utils/cmsis/sam4s/source/templates/gcc/startup_sam4s.o
 .debug_loc     0x0000234a       0xa8 src/main.o

.debug_aranges  0x00000000      0x5c0
 .debug_aranges
                0x00000000       0x30 src/ASF/common/services/clock/sam4s/sysclk.o
 .debug_aranges
                0x00000030       0x20 src/ASF/sam/boards/sam4s_ek2/init.o
 .debug_aranges
                0x00000050      0x1a8 src/ASF/sam/drivers/pio/pio.o
 .debug_aranges
                0x000001f8       0x58 src/ASF/sam/drivers/pio/pio_handler.o
 .debug_aranges
                0x00000250      0x208 src/ASF/sam/drivers/pmc/pmc.o
 .debug_aranges
                0x00000458       0xe8 src/ASF/sam/drivers/uart/uart.o
 .debug_aranges
                0x00000540       0x28 src/ASF/sam/utils/cmsis/sam4s/source/templates/gcc/startup_sam4s.o
 .debug_aranges
                0x00000568       0x30 src/ASF/sam/utils/cmsis/sam4s/source/templates/system_sam4s.o
 .debug_aranges
                0x00000598       0x28 src/main.o

.debug_ranges   0x00000000      0x590
 .debug_ranges  0x00000000       0x20 src/ASF/common/services/clock/sam4s/sysclk.o
 .debug_ranges  0x00000020       0x10 src/ASF/sam/boards/sam4s_ek2/init.o
 .debug_ranges  0x00000030      0x1b0 src/ASF/sam/drivers/pio/pio.o
 .debug_ranges  0x000001e0       0x60 src/ASF/sam/drivers/pio/pio_handler.o
 .debug_ranges  0x00000240      0x1f8 src/ASF/sam/drivers/pmc/pmc.o
 .debug_ranges  0x00000438       0xd8 src/ASF/sam/drivers/uart/uart.o
 .debug_ranges  0x00000510       0x18 src/ASF/sam/utils/cmsis/sam4s/source/templates/gcc/startup_sam4s.o
 .debug_ranges  0x00000528       0x20 src/ASF/sam/utils/cmsis/sam4s/source/templates/system_sam4s.o
 .debug_ranges  0x00000548       0x48 src/main.o

.debug_macro    0x00000000    0x11c8f
 .debug_macro   0x00000000      0x59e src/ASF/common/services/clock/sam4s/sysclk.o
 .debug_macro   0x0000059e      0x8ce src/ASF/common/services/clock/sam4s/sysclk.o
 .debug_macro   0x00000e6c      0x6d7 src/ASF/common/services/clock/sam4s/sysclk.o
 .debug_macro   0x00001543       0x28 src/ASF/common/services/clock/sam4s/sysclk.o
 .debug_macro   0x0000156b      0x16d src/ASF/common/services/clock/sam4s/sysclk.o
 .debug_macro   0x000016d8       0x76 src/ASF/common/services/clock/sam4s/sysclk.o
 .debug_macro   0x0000174e       0x16 src/ASF/common/services/clock/sam4s/sysclk.o
 .debug_macro   0x00001764      0x6da src/ASF/common/services/clock/sam4s/sysclk.o
 .debug_macro   0x00001e3e       0x22 src/ASF/common/services/clock/sam4s/sysclk.o
 .debug_macro   0x00001e60       0x87 src/ASF/common/services/clock/sam4s/sysclk.o
 .debug_macro   0x00001ee7       0x51 src/ASF/common/services/clock/sam4s/sysclk.o
 .debug_macro   0x00001f38       0xef src/ASF/common/services/clock/sam4s/sysclk.o
 .debug_macro   0x00002027       0x6a src/ASF/common/services/clock/sam4s/sysclk.o
 .debug_macro   0x00002091      0x1df src/ASF/common/services/clock/sam4s/sysclk.o
 .debug_macro   0x00002270       0x27 src/ASF/common/services/clock/sam4s/sysclk.o
 .debug_macro   0x00002297       0x3b src/ASF/common/services/clock/sam4s/sysclk.o
 .debug_macro   0x000022d2       0x2d src/ASF/common/services/clock/sam4s/sysclk.o
 .debug_macro   0x000022ff       0x26 src/ASF/common/services/clock/sam4s/sysclk.o
 .debug_macro   0x00002325      0xbbf src/ASF/common/services/clock/sam4s/sysclk.o
 .debug_macro   0x00002ee4      0x154 src/ASF/common/services/clock/sam4s/sysclk.o
 .debug_macro   0x00003038      0xaa5 src/ASF/common/services/clock/sam4s/sysclk.o
 .debug_macro   0x00003add      0x1b4 src/ASF/common/services/clock/sam4s/sysclk.o
 .debug_macro   0x00003c91      0x11e src/ASF/common/services/clock/sam4s/sysclk.o
 .debug_macro   0x00003daf       0xac src/ASF/common/services/clock/sam4s/sysclk.o
 .debug_macro   0x00003e5b      0x3f7 src/ASF/common/services/clock/sam4s/sysclk.o
 .debug_macro   0x00004252      0x106 src/ASF/common/services/clock/sam4s/sysclk.o
 .debug_macro   0x00004358       0x1c src/ASF/common/services/clock/sam4s/sysclk.o
 .debug_macro   0x00004374      0x72f src/ASF/common/services/clock/sam4s/sysclk.o
 .debug_macro   0x00004aa3      0x2c9 src/ASF/common/services/clock/sam4s/sysclk.o
 .debug_macro   0x00004d6c       0xbe src/ASF/common/services/clock/sam4s/sysclk.o
 .debug_macro   0x00004e2a     0x2807 src/ASF/common/services/clock/sam4s/sysclk.o
 .debug_macro   0x00007631      0x76e src/ASF/common/services/clock/sam4s/sysclk.o
 .debug_macro   0x00007d9f      0xa84 src/ASF/common/services/clock/sam4s/sysclk.o
 .debug_macro   0x00008823       0x9a src/ASF/common/services/clock/sam4s/sysclk.o
 .debug_macro   0x000088bd      0x3cf src/ASF/common/services/clock/sam4s/sysclk.o
 .debug_macro   0x00008c8c       0x64 src/ASF/common/services/clock/sam4s/sysclk.o
 .debug_macro   0x00008cf0      0x1a6 src/ASF/common/services/clock/sam4s/sysclk.o
 .debug_macro   0x00008e96      0x37c src/ASF/common/services/clock/sam4s/sysclk.o
 .debug_macro   0x00009212      0x61b src/ASF/common/services/clock/sam4s/sysclk.o
 .debug_macro   0x0000982d      0x686 src/ASF/common/services/clock/sam4s/sysclk.o
 .debug_macro   0x00009eb3      0x595 src/ASF/common/services/clock/sam4s/sysclk.o
 .debug_macro   0x0000a448      0x344 src/ASF/common/services/clock/sam4s/sysclk.o
 .debug_macro   0x0000a78c      0x283 src/ASF/common/services/clock/sam4s/sysclk.o
 .debug_macro   0x0000aa0f      0x2cd src/ASF/common/services/clock/sam4s/sysclk.o
 .debug_macro   0x0000acdc      0x6cf src/ASF/common/services/clock/sam4s/sysclk.o
 .debug_macro   0x0000b3ab       0x76 src/ASF/common/services/clock/sam4s/sysclk.o
 .debug_macro   0x0000b421       0xb8 src/ASF/common/services/clock/sam4s/sysclk.o
 .debug_macro   0x0000b4d9       0xb2 src/ASF/common/services/clock/sam4s/sysclk.o
 .debug_macro   0x0000b58b       0x88 src/ASF/common/services/clock/sam4s/sysclk.o
 .debug_macro   0x0000b613      0x100 src/ASF/common/services/clock/sam4s/sysclk.o
 .debug_macro   0x0000b713      0x100 src/ASF/common/services/clock/sam4s/sysclk.o
 .debug_macro   0x0000b813       0x88 src/ASF/common/services/clock/sam4s/sysclk.o
 .debug_macro   0x0000b89b       0x88 src/ASF/common/services/clock/sam4s/sysclk.o
 .debug_macro   0x0000b923      0x2cd src/ASF/common/services/clock/sam4s/sysclk.o
 .debug_macro   0x0000bbf0       0xb2 src/ASF/common/services/clock/sam4s/sysclk.o
 .debug_macro   0x0000bca2       0xb2 src/ASF/common/services/clock/sam4s/sysclk.o
 .debug_macro   0x0000bd54       0x52 src/ASF/common/services/clock/sam4s/sysclk.o
 .debug_macro   0x0000bda6       0xac src/ASF/common/services/clock/sam4s/sysclk.o
 .debug_macro   0x0000be52       0x7c src/ASF/common/services/clock/sam4s/sysclk.o
 .debug_macro   0x0000bece       0x40 src/ASF/common/services/clock/sam4s/sysclk.o
 .debug_macro   0x0000bf0e       0x64 src/ASF/common/services/clock/sam4s/sysclk.o
 .debug_macro   0x0000bf72       0x46 src/ASF/common/services/clock/sam4s/sysclk.o
 .debug_macro   0x0000bfb8       0x88 src/ASF/common/services/clock/sam4s/sysclk.o
 .debug_macro   0x0000c040       0x4c src/ASF/common/services/clock/sam4s/sysclk.o
 .debug_macro   0x0000c08c       0xa6 src/ASF/common/services/clock/sam4s/sysclk.o
 .debug_macro   0x0000c132       0x7c src/ASF/common/services/clock/sam4s/sysclk.o
 .debug_macro   0x0000c1ae       0x16 src/ASF/common/services/clock/sam4s/sysclk.o
 .debug_macro   0x0000c1c4       0x7c src/ASF/common/services/clock/sam4s/sysclk.o
 .debug_macro   0x0000c240       0x22 src/ASF/common/services/clock/sam4s/sysclk.o
 .debug_macro   0x0000c262       0x22 src/ASF/common/services/clock/sam4s/sysclk.o
 .debug_macro   0x0000c284      0x18b src/ASF/common/services/clock/sam4s/sysclk.o
 .debug_macro   0x0000c40f      0x15b src/ASF/common/services/clock/sam4s/sysclk.o
 .debug_macro   0x0000c56a      0x15b src/ASF/common/services/clock/sam4s/sysclk.o
 .debug_macro   0x0000c6c5       0x1c src/ASF/common/services/clock/sam4s/sysclk.o
 .debug_macro   0x0000c6e1       0x2e src/ASF/common/services/clock/sam4s/sysclk.o
 .debug_macro   0x0000c70f       0x22 src/ASF/common/services/clock/sam4s/sysclk.o
 .debug_macro   0x0000c731       0x1c src/ASF/common/services/clock/sam4s/sysclk.o
 .debug_macro   0x0000c74d       0x52 src/ASF/common/services/clock/sam4s/sysclk.o
 .debug_macro   0x0000c79f       0x10 src/ASF/common/services/clock/sam4s/sysclk.o
 .debug_macro   0x0000c7af      0x234 src/ASF/common/services/clock/sam4s/sysclk.o
 .debug_macro   0x0000c9e3      0x92e src/ASF/common/services/clock/sam4s/sysclk.o
 .debug_macro   0x0000d311      0x12a src/ASF/common/services/clock/sam4s/sysclk.o
 .debug_macro   0x0000d43b       0x58 src/ASF/common/services/clock/sam4s/sysclk.o
 .debug_macro   0x0000d493       0x35 src/ASF/common/services/clock/sam4s/sysclk.o
 .debug_macro   0x0000d4c8       0x9c src/ASF/common/services/clock/sam4s/sysclk.o
 .debug_macro   0x0000d564       0x16 src/ASF/common/services/clock/sam4s/sysclk.o
 .debug_macro   0x0000d57a       0x35 src/ASF/common/services/clock/sam4s/sysclk.o
 .debug_macro   0x0000d5af      0x353 src/ASF/common/services/clock/sam4s/sysclk.o
 .debug_macro   0x0000d902       0x10 src/ASF/common/services/clock/sam4s/sysclk.o
 .debug_macro   0x0000d912       0x58 src/ASF/common/services/clock/sam4s/sysclk.o
 .debug_macro   0x0000d96a       0x1f src/ASF/common/services/clock/sam4s/sysclk.o
 .debug_macro   0x0000d989       0x43 src/ASF/common/services/clock/sam4s/sysclk.o
 .debug_macro   0x0000d9cc       0x20 src/ASF/common/services/clock/sam4s/sysclk.o
 .debug_macro   0x0000d9ec      0x187 src/ASF/common/services/clock/sam4s/sysclk.o
 .debug_macro   0x0000db73       0x10 src/ASF/common/services/clock/sam4s/sysclk.o
 .debug_macro   0x0000db83       0x1c src/ASF/common/services/clock/sam4s/sysclk.o
 .debug_macro   0x0000db9f       0x52 src/ASF/common/services/clock/sam4s/sysclk.o
 .debug_macro   0x0000dbf1       0x40 src/ASF/common/services/clock/sam4s/sysclk.o
 .debug_macro   0x0000dc31       0x10 src/ASF/common/services/clock/sam4s/sysclk.o
 .debug_macro   0x0000dc41       0x40 src/ASF/common/services/clock/sam4s/sysclk.o
 .debug_macro   0x0000dc81       0xd7 src/ASF/common/services/clock/sam4s/sysclk.o
 .debug_macro   0x0000dd58       0x16 src/ASF/common/services/clock/sam4s/sysclk.o
 .debug_macro   0x0000dd6e      0x18b src/ASF/common/services/clock/sam4s/sysclk.o
 .debug_macro   0x0000def9       0x22 src/ASF/common/services/clock/sam4s/sysclk.o
 .debug_macro   0x0000df1b       0x16 src/ASF/common/services/clock/sam4s/sysclk.o
 .debug_macro   0x0000df31       0x16 src/ASF/common/services/clock/sam4s/sysclk.o
 .debug_macro   0x0000df47       0x29 src/ASF/common/services/clock/sam4s/sysclk.o
 .debug_macro   0x0000df70       0x73 src/ASF/common/services/clock/sam4s/sysclk.o
 .debug_macro   0x0000dfe3       0x3e src/ASF/common/services/clock/sam4s/sysclk.o
 .debug_macro   0x0000e021      0x3ca src/ASF/common/services/clock/sam4s/sysclk.o
 .debug_macro   0x0000e3eb      0x2bd src/ASF/common/services/clock/sam4s/sysclk.o
 .debug_macro   0x0000e6a8      0xa3f src/ASF/common/services/clock/sam4s/sysclk.o
 .debug_macro   0x0000f0e7       0x58 src/ASF/common/services/clock/sam4s/sysclk.o
 .debug_macro   0x0000f13f       0x64 src/ASF/common/services/clock/sam4s/sysclk.o
 .debug_macro   0x0000f1a3       0x46 src/ASF/common/services/clock/sam4s/sysclk.o
 .debug_macro   0x0000f1e9       0x90 src/ASF/common/services/clock/sam4s/sysclk.o
 .debug_macro   0x0000f279      0x5de src/ASF/sam/boards/sam4s_ek2/init.o
 .debug_macro   0x0000f857       0x46 src/ASF/sam/boards/sam4s_ek2/init.o
 .debug_macro   0x0000f89d       0x94 src/ASF/sam/boards/sam4s_ek2/init.o
 .debug_macro   0x0000f931       0x40 src/ASF/sam/boards/sam4s_ek2/init.o
 .debug_macro   0x0000f971       0x82 src/ASF/sam/boards/sam4s_ek2/init.o
 .debug_macro   0x0000f9f3      0x539 src/ASF/sam/drivers/pio/pio.o
 .debug_macro   0x0000ff2c       0x8e src/ASF/sam/drivers/pio/pio.o
 .debug_macro   0x0000ffba      0x543 src/ASF/sam/drivers/pio/pio_handler.o
 .debug_macro   0x000104fd      0x539 src/ASF/sam/drivers/pmc/pmc.o
 .debug_macro   0x00010a36       0x52 src/ASF/sam/drivers/pmc/pmc.o
 .debug_macro   0x00010a88      0x533 src/ASF/sam/drivers/uart/uart.o
 .debug_macro   0x00010fbb       0x16 src/ASF/sam/drivers/uart/uart.o
 .debug_macro   0x00010fd1      0x325 src/ASF/sam/utils/cmsis/sam4s/source/templates/gcc/startup_sam4s.o
 .debug_macro   0x000112f6      0x32d src/ASF/sam/utils/cmsis/sam4s/source/templates/system_sam4s.o
 .debug_macro   0x00011623      0x65c src/main.o
 .debug_macro   0x00011c7f       0x10 src/main.o

.debug_line     0x00000000     0x6f49
 .debug_line    0x00000000      0xbe6 src/ASF/common/services/clock/sam4s/sysclk.o
 .debug_line    0x00000be6      0xcbf src/ASF/sam/boards/sam4s_ek2/init.o
 .debug_line    0x000018a5      0xf5f src/ASF/sam/drivers/pio/pio.o
 .debug_line    0x00002804      0xb7a src/ASF/sam/drivers/pio/pio_handler.o
 .debug_line    0x0000337e     0x1044 src/ASF/sam/drivers/pmc/pmc.o
 .debug_line    0x000043c2      0xc63 src/ASF/sam/drivers/uart/uart.o
 .debug_line    0x00005025      0x88b src/ASF/sam/utils/cmsis/sam4s/source/templates/gcc/startup_sam4s.o
 .debug_line    0x000058b0      0x8bc src/ASF/sam/utils/cmsis/sam4s/source/templates/system_sam4s.o
 .debug_line    0x0000616c      0xddd src/main.o

.debug_str      0x00000000    0x526f9
 .debug_str     0x00000000    0x4fd8f src/ASF/common/services/clock/sam4s/sysclk.o
                              0x50178 (size before relaxing)
 .debug_str     0x0004fd8f      0xcae src/ASF/sam/boards/sam4s_ek2/init.o
                              0x50ad5 (size before relaxing)
 .debug_str     0x00050a3d      0x598 src/ASF/sam/drivers/pio/pio.o
                              0x4bf87 (size before relaxing)
 .debug_str     0x00050fd5      0x40b src/ASF/sam/drivers/pio/pio_handler.o
                              0x4beb3 (size before relaxing)
 .debug_str     0x000513e0      0x63c src/ASF/sam/drivers/pmc/pmc.o
                              0x4bde5 (size before relaxing)
 .debug_str     0x00051a1c      0x34a src/ASF/sam/drivers/uart/uart.o
                              0x4b726 (size before relaxing)
 .debug_str     0x00051d66      0x435 src/ASF/sam/utils/cmsis/sam4s/source/templates/gcc/startup_sam4s.o
                              0x3b3f2 (size before relaxing)
 .debug_str     0x0005219b       0xb9 src/ASF/sam/utils/cmsis/sam4s/source/templates/system_sam4s.o
                              0x3b184 (size before relaxing)
 .debug_str     0x00052254      0x4a5 src/main.o
                              0x50d4b (size before relaxing)

.debug_frame    0x00000000      0xd40
 .debug_frame   0x00000000       0x58 src/ASF/common/services/clock/sam4s/sysclk.o
 .debug_frame   0x00000058       0x2c src/ASF/sam/boards/sam4s_ek2/init.o
 .debug_frame   0x00000084      0x384 src/ASF/sam/drivers/pio/pio.o
 .debug_frame   0x00000408       0xf4 src/ASF/sam/drivers/pio/pio_handler.o
 .debug_frame   0x000004fc      0x408 src/ASF/sam/drivers/pmc/pmc.o
 .debug_frame   0x00000904      0x1bc src/ASF/sam/drivers/uart/uart.o
 .debug_frame   0x00000ac0       0x38 src/ASF/sam/utils/cmsis/sam4s/source/templates/gcc/startup_sam4s.o
 .debug_frame   0x00000af8       0x40 src/ASF/sam/utils/cmsis/sam4s/source/templates/system_sam4s.o
 .debug_frame   0x00000b38       0x48 src/main.o
 .debug_frame   0x00000b80       0x2c s:/program files (x86)/atmel/studio/7.0/toolchain/arm/arm-gnu-toolchain/bin/../lib/gcc/arm-none-eabi/6.3.1/../../../../arm-none-eabi/lib/thumb/v7e-m\libc.a(lib_a-init.o)
 .debug_frame   0x00000bac       0x5c s:/program files (x86)/atmel/studio/7.0/toolchain/arm/arm-gnu-toolchain/bin/../lib/gcc/arm-none-eabi/6.3.1/../../../../arm-none-eabi/lib/thumb/v7e-m\libc.a(lib_a-__call_atexit.o)
 .debug_frame   0x00000c08       0x20 s:/program files (x86)/atmel/studio/7.0/toolchain/arm/arm-gnu-toolchain/bin/../lib/gcc/arm-none-eabi/6.3.1/../../../../arm-none-eabi/lib/thumb/v7e-m\libc.a(lib_a-atexit.o)
 .debug_frame   0x00000c28       0x34 s:/program files (x86)/atmel/studio/7.0/toolchain/arm/arm-gnu-toolchain/bin/../lib/gcc/arm-none-eabi/6.3.1/../../../../arm-none-eabi/lib/thumb/v7e-m\libc.a(lib_a-fini.o)
 .debug_frame   0x00000c5c       0xb0 s:/program files (x86)/atmel/studio/7.0/toolchain/arm/arm-gnu-toolchain/bin/../lib/gcc/arm-none-eabi/6.3.1/../../../../arm-none-eabi/lib/thumb/v7e-m\libc.a(lib_a-lock.o)
 .debug_frame   0x00000d0c       0x34 s:/program files (x86)/atmel/studio/7.0/toolchain/arm/arm-gnu-toolchain/bin/../lib/gcc/arm-none-eabi/6.3.1/../../../../arm-none-eabi/lib/thumb/v7e-m\libc.a(lib_a-__atexit.o)

Cross Reference Table

Symbol                                            File
ACC_Handler                                       src/ASF/sam/utils/cmsis/sam4s/source/templates/gcc/startup_sam4s.o
ADC_Handler                                       src/ASF/sam/utils/cmsis/sam4s/source/templates/gcc/startup_sam4s.o
BusFault_Handler                                  src/ASF/sam/utils/cmsis/sam4s/source/templates/gcc/startup_sam4s.o
CRCCU_Handler                                     src/ASF/sam/utils/cmsis/sam4s/source/templates/gcc/startup_sam4s.o
DACC_Handler                                      src/ASF/sam/utils/cmsis/sam4s/source/templates/gcc/startup_sam4s.o
DebugMon_Handler                                  src/ASF/sam/utils/cmsis/sam4s/source/templates/gcc/startup_sam4s.o
Dummy_Handler                                     src/ASF/sam/utils/cmsis/sam4s/source/templates/gcc/startup_sam4s.o
EFC0_Handler                                      src/ASF/sam/utils/cmsis/sam4s/source/templates/gcc/startup_sam4s.o
EFC1_Handler                                      src/ASF/sam/utils/cmsis/sam4s/source/templates/gcc/startup_sam4s.o
HSMCI_Handler                                     src/ASF/sam/utils/cmsis/sam4s/source/templates/gcc/startup_sam4s.o
HardFault_Handler                                 src/ASF/sam/utils/cmsis/sam4s/source/templates/gcc/startup_sam4s.o
LED_Off                                           src/ASF/sam/boards/sam4s_ek2/led.o
LED_On                                            src/ASF/sam/boards/sam4s_ek2/led.o
MemManage_Handler                                 src/ASF/sam/utils/cmsis/sam4s/source/templates/gcc/startup_sam4s.o
NMI_Handler                                       src/ASF/sam/utils/cmsis/sam4s/source/templates/gcc/startup_sam4s.o
PIOA_Handler                                      src/ASF/sam/drivers/pio/pio_handler.o
PIOB_Handler                                      src/ASF/sam/drivers/pio/pio_handler.o
PIOC_Handler                                      src/ASF/sam/drivers/pio/pio_handler.o
PMC_Handler                                       src/ASF/sam/utils/cmsis/sam4s/source/templates/gcc/startup_sam4s.o
PWM_Handler                                       src/ASF/sam/utils/cmsis/sam4s/source/templates/gcc/startup_sam4s.o
PendSV_Handler                                    src/ASF/sam/utils/cmsis/sam4s/source/templates/gcc/startup_sam4s.o
RSTC_Handler                                      src/ASF/sam/utils/cmsis/sam4s/source/templates/gcc/startup_sam4s.o
RTC_Handler                                       src/ASF/sam/utils/cmsis/sam4s/source/templates/gcc/startup_sam4s.o
RTT_Handler                                       src/ASF/sam/utils/cmsis/sam4s/source/templates/gcc/startup_sam4s.o
Reset_Handler                                     src/ASF/sam/utils/cmsis/sam4s/source/templates/gcc/startup_sam4s.o
SPI_Handler                                       src/ASF/sam/utils/cmsis/sam4s/source/templates/gcc/startup_sam4s.o
SSC_Handler                                       src/ASF/sam/utils/cmsis/sam4s/source/templates/gcc/startup_sam4s.o
SUPC_Handler                                      src/ASF/sam/utils/cmsis/sam4s/source/templates/gcc/startup_sam4s.o
SVC_Handler                                       src/ASF/sam/utils/cmsis/sam4s/source/templates/gcc/startup_sam4s.o
SysTick_Handler                                   src/ASF/sam/utils/cmsis/sam4s/source/templates/gcc/startup_sam4s.o
SystemCoreClock                                   src/ASF/sam/utils/cmsis/sam4s/source/templates/system_sam4s.o
SystemCoreClockUpdate                             src/ASF/sam/utils/cmsis/sam4s/source/templates/system_sam4s.o
                                                  src/ASF/common/services/clock/sam4s/sysclk.o
SystemInit                                        src/ASF/sam/utils/cmsis/sam4s/source/templates/system_sam4s.o
TC0_Handler                                       src/ASF/sam/utils/cmsis/sam4s/source/templates/gcc/startup_sam4s.o
TC1_Handler                                       src/ASF/sam/utils/cmsis/sam4s/source/templates/gcc/startup_sam4s.o
TC2_Handler                                       src/ASF/sam/utils/cmsis/sam4s/source/templates/gcc/startup_sam4s.o
TC3_Handler                                       src/ASF/sam/utils/cmsis/sam4s/source/templates/gcc/startup_sam4s.o
TC4_Handler                                       src/ASF/sam/utils/cmsis/sam4s/source/templates/gcc/startup_sam4s.o
TC5_Handler                                       src/ASF/sam/utils/cmsis/sam4s/source/templates/gcc/startup_sam4s.o
TWI0_Handler                                      src/ASF/sam/utils/cmsis/sam4s/source/templates/gcc/startup_sam4s.o
TWI1_Handler                                      src/ASF/sam/utils/cmsis/sam4s/source/templates/gcc/startup_sam4s.o
UART0_Handler                                     src/ASF/sam/utils/cmsis/sam4s/source/templates/gcc/startup_sam4s.o
UART1_Handler                                     src/ASF/sam/utils/cmsis/sam4s/source/templates/gcc/startup_sam4s.o
UDP_Handler                                       src/ASF/sam/utils/cmsis/sam4s/source/templates/gcc/startup_sam4s.o
USART0_Handler                                    src/ASF/sam/utils/cmsis/sam4s/source/templates/gcc/startup_sam4s.o
USART1_Handler                                    src/ASF/sam/utils/cmsis/sam4s/source/templates/gcc/startup_sam4s.o
UsageFault_Handler                                src/ASF/sam/utils/cmsis/sam4s/source/templates/gcc/startup_sam4s.o
WDT_Handler                                       src/ASF/sam/utils/cmsis/sam4s/source/templates/gcc/startup_sam4s.o
_Jv_RegisterClasses                               s:/program files (x86)/atmel/studio/7.0/toolchain/arm/arm-gnu-toolchain/bin/../lib/gcc/arm-none-eabi/6.3.1/thumb/v7e-m/crtbegin.o
__atexit_recursive_mutex                          s:/program files (x86)/atmel/studio/7.0/toolchain/arm/arm-gnu-toolchain/bin/../lib/gcc/arm-none-eabi/6.3.1/../../../../arm-none-eabi/lib/thumb/v7e-m\libc.a(lib_a-__call_atexit.o)
                                                  s:/program files (x86)/atmel/studio/7.0/toolchain/arm/arm-gnu-toolchain/bin/../lib/gcc/arm-none-eabi/6.3.1/../../../../arm-none-eabi/lib/thumb/v7e-m\libc.a(lib_a-__atexit.o)
__bss_end__                                       s:/program files (x86)/atmel/studio/7.0/toolchain/arm/arm-gnu-toolchain/bin/../lib/gcc/arm-none-eabi/6.3.1/../../../../arm-none-eabi/lib/thumb/v7e-m/crt0.o
__bss_start__                                     s:/program files (x86)/atmel/studio/7.0/toolchain/arm/arm-gnu-toolchain/bin/../lib/gcc/arm-none-eabi/6.3.1/../../../../arm-none-eabi/lib/thumb/v7e-m/crt0.o
__call_exitprocs                                  s:/program files (x86)/atmel/studio/7.0/toolchain/arm/arm-gnu-toolchain/bin/../lib/gcc/arm-none-eabi/6.3.1/../../../../arm-none-eabi/lib/thumb/v7e-m\libc.a(lib_a-__call_atexit.o)
                                                  s:/program files (x86)/atmel/studio/7.0/toolchain/arm/arm-gnu-toolchain/bin/../lib/gcc/arm-none-eabi/6.3.1/../../../../arm-none-eabi/lib/thumb/v7e-m\libc.a(lib_a-exit.o)
__deregister_frame_info                           s:/program files (x86)/atmel/studio/7.0/toolchain/arm/arm-gnu-toolchain/bin/../lib/gcc/arm-none-eabi/6.3.1/thumb/v7e-m/crtbegin.o
__dso_handle                                      s:/program files (x86)/atmel/studio/7.0/toolchain/arm/arm-gnu-toolchain/bin/../lib/gcc/arm-none-eabi/6.3.1/thumb/v7e-m/crtbegin.o
__fini_array_end                                  s:/program files (x86)/atmel/studio/7.0/toolchain/arm/arm-gnu-toolchain/bin/../lib/gcc/arm-none-eabi/6.3.1/../../../../arm-none-eabi/lib/thumb/v7e-m\libc.a(lib_a-fini.o)
__fini_array_start                                s:/program files (x86)/atmel/studio/7.0/toolchain/arm/arm-gnu-toolchain/bin/../lib/gcc/arm-none-eabi/6.3.1/../../../../arm-none-eabi/lib/thumb/v7e-m\libc.a(lib_a-fini.o)
__init_array_end                                  s:/program files (x86)/atmel/studio/7.0/toolchain/arm/arm-gnu-toolchain/bin/../lib/gcc/arm-none-eabi/6.3.1/../../../../arm-none-eabi/lib/thumb/v7e-m\libc.a(lib_a-init.o)
__init_array_start                                s:/program files (x86)/atmel/studio/7.0/toolchain/arm/arm-gnu-toolchain/bin/../lib/gcc/arm-none-eabi/6.3.1/../../../../arm-none-eabi/lib/thumb/v7e-m\libc.a(lib_a-init.o)
__libc_fini                                       s:/program files (x86)/atmel/studio/7.0/toolchain/arm/arm-gnu-toolchain/bin/../lib/gcc/arm-none-eabi/6.3.1/../../../../arm-none-eabi/lib/thumb/v7e-m\libc.a(lib_a-__call_atexit.o)
__libc_fini_array                                 s:/program files (x86)/atmel/studio/7.0/toolchain/arm/arm-gnu-toolchain/bin/../lib/gcc/arm-none-eabi/6.3.1/../../../../arm-none-eabi/lib/thumb/v7e-m\libc.a(lib_a-fini.o)
                                                  s:/program files (x86)/atmel/studio/7.0/toolchain/arm/arm-gnu-toolchain/bin/../lib/gcc/arm-none-eabi/6.3.1/../../../../arm-none-eabi/lib/thumb/v7e-m\libc.a(lib_a-__call_atexit.o)
                                                  s:/program files (x86)/atmel/studio/7.0/toolchain/arm/arm-gnu-toolchain/bin/../lib/gcc/arm-none-eabi/6.3.1/../../../../arm-none-eabi/lib/thumb/v7e-m/crt0.o
__libc_init_array                                 s:/program files (x86)/atmel/studio/7.0/toolchain/arm/arm-gnu-toolchain/bin/../lib/gcc/arm-none-eabi/6.3.1/../../../../arm-none-eabi/lib/thumb/v7e-m\libc.a(lib_a-init.o)
                                                  src/ASF/sam/utils/cmsis/sam4s/source/templates/gcc/startup_sam4s.o
                                                  s:/program files (x86)/atmel/studio/7.0/toolchain/arm/arm-gnu-toolchain/bin/../lib/gcc/arm-none-eabi/6.3.1/../../../../arm-none-eabi/lib/thumb/v7e-m/crt0.o
__lock___arc4random_mutex                         s:/program files (x86)/atmel/studio/7.0/toolchain/arm/arm-gnu-toolchain/bin/../lib/gcc/arm-none-eabi/6.3.1/../../../../arm-none-eabi/lib/thumb/v7e-m\libc.a(lib_a-lock.o)
__lock___at_quick_exit_mutex                      s:/program files (x86)/atmel/studio/7.0/toolchain/arm/arm-gnu-toolchain/bin/../lib/gcc/arm-none-eabi/6.3.1/../../../../arm-none-eabi/lib/thumb/v7e-m\libc.a(lib_a-lock.o)
__lock___atexit_recursive_mutex                   s:/program files (x86)/atmel/studio/7.0/toolchain/arm/arm-gnu-toolchain/bin/../lib/gcc/arm-none-eabi/6.3.1/../../../../arm-none-eabi/lib/thumb/v7e-m\libc.a(lib_a-lock.o)
                                                  s:/program files (x86)/atmel/studio/7.0/toolchain/arm/arm-gnu-toolchain/bin/../lib/gcc/arm-none-eabi/6.3.1/../../../../arm-none-eabi/lib/thumb/v7e-m\libc.a(lib_a-__call_atexit.o)
__lock___dd_hash_mutex                            s:/program files (x86)/atmel/studio/7.0/toolchain/arm/arm-gnu-toolchain/bin/../lib/gcc/arm-none-eabi/6.3.1/../../../../arm-none-eabi/lib/thumb/v7e-m\libc.a(lib_a-lock.o)
__lock___env_recursive_mutex                      s:/program files (x86)/atmel/studio/7.0/toolchain/arm/arm-gnu-toolchain/bin/../lib/gcc/arm-none-eabi/6.3.1/../../../../arm-none-eabi/lib/thumb/v7e-m\libc.a(lib_a-lock.o)
__lock___malloc_recursive_mutex                   s:/program files (x86)/atmel/studio/7.0/toolchain/arm/arm-gnu-toolchain/bin/../lib/gcc/arm-none-eabi/6.3.1/../../../../arm-none-eabi/lib/thumb/v7e-m\libc.a(lib_a-lock.o)
__lock___sfp_recursive_mutex                      s:/program files (x86)/atmel/studio/7.0/toolchain/arm/arm-gnu-toolchain/bin/../lib/gcc/arm-none-eabi/6.3.1/../../../../arm-none-eabi/lib/thumb/v7e-m\libc.a(lib_a-lock.o)
__lock___sinit_recursive_mutex                    s:/program files (x86)/atmel/studio/7.0/toolchain/arm/arm-gnu-toolchain/bin/../lib/gcc/arm-none-eabi/6.3.1/../../../../arm-none-eabi/lib/thumb/v7e-m\libc.a(lib_a-lock.o)
__lock___tz_mutex                                 s:/program files (x86)/atmel/studio/7.0/toolchain/arm/arm-gnu-toolchain/bin/../lib/gcc/arm-none-eabi/6.3.1/../../../../arm-none-eabi/lib/thumb/v7e-m\libc.a(lib_a-lock.o)
__preinit_array_end                               s:/program files (x86)/atmel/studio/7.0/toolchain/arm/arm-gnu-toolchain/bin/../lib/gcc/arm-none-eabi/6.3.1/../../../../arm-none-eabi/lib/thumb/v7e-m\libc.a(lib_a-init.o)
__preinit_array_start                             s:/program files (x86)/atmel/studio/7.0/toolchain/arm/arm-gnu-toolchain/bin/../lib/gcc/arm-none-eabi/6.3.1/../../../../arm-none-eabi/lib/thumb/v7e-m\libc.a(lib_a-init.o)
__ram_end__                                       src/ASF/sam/utils/syscalls/gcc/syscalls.o
__register_exitproc                               s:/program files (x86)/atmel/studio/7.0/toolchain/arm/arm-gnu-toolchain/bin/../lib/gcc/arm-none-eabi/6.3.1/../../../../arm-none-eabi/lib/thumb/v7e-m\libc.a(lib_a-__atexit.o)
                                                  s:/program files (x86)/atmel/studio/7.0/toolchain/arm/arm-gnu-toolchain/bin/../lib/gcc/arm-none-eabi/6.3.1/../../../../arm-none-eabi/lib/thumb/v7e-m\libc.a(lib_a-atexit.o)
__register_frame_info                             s:/program files (x86)/atmel/studio/7.0/toolchain/arm/arm-gnu-toolchain/bin/../lib/gcc/arm-none-eabi/6.3.1/thumb/v7e-m/crtbegin.o
__retarget_lock_acquire                           s:/program files (x86)/atmel/studio/7.0/toolchain/arm/arm-gnu-toolchain/bin/../lib/gcc/arm-none-eabi/6.3.1/../../../../arm-none-eabi/lib/thumb/v7e-m\libc.a(lib_a-lock.o)
__retarget_lock_acquire_recursive                 s:/program files (x86)/atmel/studio/7.0/toolchain/arm/arm-gnu-toolchain/bin/../lib/gcc/arm-none-eabi/6.3.1/../../../../arm-none-eabi/lib/thumb/v7e-m\libc.a(lib_a-lock.o)
                                                  s:/program files (x86)/atmel/studio/7.0/toolchain/arm/arm-gnu-toolchain/bin/../lib/gcc/arm-none-eabi/6.3.1/../../../../arm-none-eabi/lib/thumb/v7e-m\libc.a(lib_a-__atexit.o)
                                                  s:/program files (x86)/atmel/studio/7.0/toolchain/arm/arm-gnu-toolchain/bin/../lib/gcc/arm-none-eabi/6.3.1/../../../../arm-none-eabi/lib/thumb/v7e-m\libc.a(lib_a-__call_atexit.o)
__retarget_lock_close                             s:/program files (x86)/atmel/studio/7.0/toolchain/arm/arm-gnu-toolchain/bin/../lib/gcc/arm-none-eabi/6.3.1/../../../../arm-none-eabi/lib/thumb/v7e-m\libc.a(lib_a-lock.o)
__retarget_lock_close_recursive                   s:/program files (x86)/atmel/studio/7.0/toolchain/arm/arm-gnu-toolchain/bin/../lib/gcc/arm-none-eabi/6.3.1/../../../../arm-none-eabi/lib/thumb/v7e-m\libc.a(lib_a-lock.o)
__retarget_lock_init                              s:/program files (x86)/atmel/studio/7.0/toolchain/arm/arm-gnu-toolchain/bin/../lib/gcc/arm-none-eabi/6.3.1/../../../../arm-none-eabi/lib/thumb/v7e-m\libc.a(lib_a-lock.o)
__retarget_lock_init_recursive                    s:/program files (x86)/atmel/studio/7.0/toolchain/arm/arm-gnu-toolchain/bin/../lib/gcc/arm-none-eabi/6.3.1/../../../../arm-none-eabi/lib/thumb/v7e-m\libc.a(lib_a-lock.o)
__retarget_lock_release                           s:/program files (x86)/atmel/studio/7.0/toolchain/arm/arm-gnu-toolchain/bin/../lib/gcc/arm-none-eabi/6.3.1/../../../../arm-none-eabi/lib/thumb/v7e-m\libc.a(lib_a-lock.o)
__retarget_lock_release_recursive                 s:/program files (x86)/atmel/studio/7.0/toolchain/arm/arm-gnu-toolchain/bin/../lib/gcc/arm-none-eabi/6.3.1/../../../../arm-none-eabi/lib/thumb/v7e-m\libc.a(lib_a-lock.o)
                                                  s:/program files (x86)/atmel/studio/7.0/toolchain/arm/arm-gnu-toolchain/bin/../lib/gcc/arm-none-eabi/6.3.1/../../../../arm-none-eabi/lib/thumb/v7e-m\libc.a(lib_a-__atexit.o)
                                                  s:/program files (x86)/atmel/studio/7.0/toolchain/arm/arm-gnu-toolchain/bin/../lib/gcc/arm-none-eabi/6.3.1/../../../../arm-none-eabi/lib/thumb/v7e-m\libc.a(lib_a-__call_atexit.o)
__retarget_lock_try_acquire                       s:/program files (x86)/atmel/studio/7.0/toolchain/arm/arm-gnu-toolchain/bin/../lib/gcc/arm-none-eabi/6.3.1/../../../../arm-none-eabi/lib/thumb/v7e-m\libc.a(lib_a-lock.o)
__retarget_lock_try_acquire_recursive             s:/program files (x86)/atmel/studio/7.0/toolchain/arm/arm-gnu-toolchain/bin/../lib/gcc/arm-none-eabi/6.3.1/../../../../arm-none-eabi/lib/thumb/v7e-m\libc.a(lib_a-lock.o)
__stack                                           s:/program files (x86)/atmel/studio/7.0/toolchain/arm/arm-gnu-toolchain/bin/../lib/gcc/arm-none-eabi/6.3.1/../../../../arm-none-eabi/lib/thumb/v7e-m/crt0.o
_close                                            src/ASF/sam/utils/syscalls/gcc/syscalls.o
_end                                              src/ASF/sam/utils/syscalls/gcc/syscalls.o
_erelocate                                        src/ASF/sam/utils/cmsis/sam4s/source/templates/gcc/startup_sam4s.o
_estack                                           src/ASF/sam/utils/cmsis/sam4s/source/templates/gcc/startup_sam4s.o
_etext                                            src/ASF/sam/utils/cmsis/sam4s/source/templates/gcc/startup_sam4s.o
_exit                                             src/ASF/sam/utils/syscalls/gcc/syscalls.o
                                                  s:/program files (x86)/atmel/studio/7.0/toolchain/arm/arm-gnu-toolchain/bin/../lib/gcc/arm-none-eabi/6.3.1/../../../../arm-none-eabi/lib/thumb/v7e-m\libc.a(lib_a-exit.o)
_ezero                                            src/ASF/sam/utils/cmsis/sam4s/source/templates/gcc/startup_sam4s.o
_fini                                             s:/program files (x86)/atmel/studio/7.0/toolchain/arm/arm-gnu-toolchain/bin/../lib/gcc/arm-none-eabi/6.3.1/thumb/v7e-m/crti.o
                                                  s:/program files (x86)/atmel/studio/7.0/toolchain/arm/arm-gnu-toolchain/bin/../lib/gcc/arm-none-eabi/6.3.1/../../../../arm-none-eabi/lib/thumb/v7e-m\libc.a(lib_a-fini.o)
_fstat                                            src/ASF/sam/utils/syscalls/gcc/syscalls.o
_getpid                                           src/ASF/sam/utils/syscalls/gcc/syscalls.o
_global_impure_ptr                                s:/program files (x86)/atmel/studio/7.0/toolchain/arm/arm-gnu-toolchain/bin/../lib/gcc/arm-none-eabi/6.3.1/../../../../arm-none-eabi/lib/thumb/v7e-m\libc.a(lib_a-impure.o)
                                                  s:/program files (x86)/atmel/studio/7.0/toolchain/arm/arm-gnu-toolchain/bin/../lib/gcc/arm-none-eabi/6.3.1/../../../../arm-none-eabi/lib/thumb/v7e-m\libc.a(lib_a-__atexit.o)
                                                  s:/program files (x86)/atmel/studio/7.0/toolchain/arm/arm-gnu-toolchain/bin/../lib/gcc/arm-none-eabi/6.3.1/../../../../arm-none-eabi/lib/thumb/v7e-m\libc.a(lib_a-__call_atexit.o)
                                                  s:/program files (x86)/atmel/studio/7.0/toolchain/arm/arm-gnu-toolchain/bin/../lib/gcc/arm-none-eabi/6.3.1/../../../../arm-none-eabi/lib/thumb/v7e-m\libc.a(lib_a-exit.o)
_impure_ptr                                       s:/program files (x86)/atmel/studio/7.0/toolchain/arm/arm-gnu-toolchain/bin/../lib/gcc/arm-none-eabi/6.3.1/../../../../arm-none-eabi/lib/thumb/v7e-m\libc.a(lib_a-impure.o)
_init                                             s:/program files (x86)/atmel/studio/7.0/toolchain/arm/arm-gnu-toolchain/bin/../lib/gcc/arm-none-eabi/6.3.1/thumb/v7e-m/crti.o
                                                  s:/program files (x86)/atmel/studio/7.0/toolchain/arm/arm-gnu-toolchain/bin/../lib/gcc/arm-none-eabi/6.3.1/../../../../arm-none-eabi/lib/thumb/v7e-m\libc.a(lib_a-init.o)
_isatty                                           src/ASF/sam/utils/syscalls/gcc/syscalls.o
_kill                                             src/ASF/sam/utils/syscalls/gcc/syscalls.o
_lseek                                            src/ASF/sam/utils/syscalls/gcc/syscalls.o
_mainCRTStartup                                   s:/program files (x86)/atmel/studio/7.0/toolchain/arm/arm-gnu-toolchain/bin/../lib/gcc/arm-none-eabi/6.3.1/../../../../arm-none-eabi/lib/thumb/v7e-m/crt0.o
_sbrk                                             src/ASF/sam/utils/syscalls/gcc/syscalls.o
_sfixed                                           src/ASF/sam/utils/cmsis/sam4s/source/templates/gcc/startup_sam4s.o
_srelocate                                        src/ASF/sam/utils/cmsis/sam4s/source/templates/gcc/startup_sam4s.o
_start                                            s:/program files (x86)/atmel/studio/7.0/toolchain/arm/arm-gnu-toolchain/bin/../lib/gcc/arm-none-eabi/6.3.1/../../../../arm-none-eabi/lib/thumb/v7e-m/crt0.o
_szero                                            src/ASF/sam/utils/cmsis/sam4s/source/templates/gcc/startup_sam4s.o
atexit                                            s:/program files (x86)/atmel/studio/7.0/toolchain/arm/arm-gnu-toolchain/bin/../lib/gcc/arm-none-eabi/6.3.1/../../../../arm-none-eabi/lib/thumb/v7e-m\libc.a(lib_a-atexit.o)
                                                  s:/program files (x86)/atmel/studio/7.0/toolchain/arm/arm-gnu-toolchain/bin/../lib/gcc/arm-none-eabi/6.3.1/../../../../arm-none-eabi/lib/thumb/v7e-m\libc.a(lib_a-__call_atexit.o)
                                                  s:/program files (x86)/atmel/studio/7.0/toolchain/arm/arm-gnu-toolchain/bin/../lib/gcc/arm-none-eabi/6.3.1/../../../../arm-none-eabi/lib/thumb/v7e-m/crt0.o
board_init                                        src/ASF/sam/boards/sam4s_ek2/init.o
                                                  src/main.o
cpu_irq_enter_critical                            src/ASF/common/utils/interrupt/interrupt_sam_nvic.o
cpu_irq_leave_critical                            src/ASF/common/utils/interrupt/interrupt_sam_nvic.o
exception_table                                   src/ASF/sam/utils/cmsis/sam4s/source/templates/gcc/startup_sam4s.o
exit                                              s:/program files (x86)/atmel/studio/7.0/toolchain/arm/arm-gnu-toolchain/bin/../lib/gcc/arm-none-eabi/6.3.1/../../../../arm-none-eabi/lib/thumb/v7e-m\libc.a(lib_a-exit.o)
                                                  s:/program files (x86)/atmel/studio/7.0/toolchain/arm/arm-gnu-toolchain/bin/../lib/gcc/arm-none-eabi/6.3.1/../../../../arm-none-eabi/lib/thumb/v7e-m/crt0.o
free                                              s:/program files (x86)/atmel/studio/7.0/toolchain/arm/arm-gnu-toolchain/bin/../lib/gcc/arm-none-eabi/6.3.1/../../../../arm-none-eabi/lib/thumb/v7e-m\libc.a(lib_a-__call_atexit.o)
g_interrupt_enabled                               src/ASF/common/utils/interrupt/interrupt_sam_nvic.o
                                                  src/ASF/sam/drivers/pmc/sleep.o
hardware_init_hook                                s:/program files (x86)/atmel/studio/7.0/toolchain/arm/arm-gnu-toolchain/bin/../lib/gcc/arm-none-eabi/6.3.1/../../../../arm-none-eabi/lib/thumb/v7e-m/crt0.o
inicializacao_UART                                src/main.o
link                                              src/ASF/sam/utils/syscalls/gcc/syscalls.o
main                                              src/main.o
                                                  src/ASF/sam/utils/cmsis/sam4s/source/templates/gcc/startup_sam4s.o
                                                  s:/program files (x86)/atmel/studio/7.0/toolchain/arm/arm-gnu-toolchain/bin/../lib/gcc/arm-none-eabi/6.3.1/../../../../arm-none-eabi/lib/thumb/v7e-m/crt0.o
malloc                                            s:/program files (x86)/atmel/studio/7.0/toolchain/arm/arm-gnu-toolchain/bin/../lib/gcc/arm-none-eabi/6.3.1/../../../../arm-none-eabi/lib/thumb/v7e-m\libc.a(lib_a-__atexit.o)
memset                                            s:/program files (x86)/atmel/studio/7.0/toolchain/arm/arm-gnu-toolchain/bin/../lib/gcc/arm-none-eabi/6.3.1/../../../../arm-none-eabi/lib/thumb/v7e-m\libc.a(lib_a-memset.o)
                                                  s:/program files (x86)/atmel/studio/7.0/toolchain/arm/arm-gnu-toolchain/bin/../lib/gcc/arm-none-eabi/6.3.1/../../../../arm-none-eabi/lib/thumb/v7e-m/crt0.o
pio_capture_disable                               src/ASF/sam/drivers/pio/pio.o
pio_capture_disable_interrupt                     src/ASF/sam/drivers/pio/pio.o
pio_capture_enable                                src/ASF/sam/drivers/pio/pio.o
pio_capture_enable_flag                           src/ASF/sam/drivers/pio/pio.o
                                                  src/ASF/sam/drivers/pio/pio_handler.o
pio_capture_enable_interrupt                      src/ASF/sam/drivers/pio/pio.o
pio_capture_get_interrupt_mask                    src/ASF/sam/drivers/pio/pio.o
pio_capture_get_interrupt_status                  src/ASF/sam/drivers/pio/pio.o
pio_capture_get_pdc_base                          src/ASF/sam/drivers/pio/pio.o
pio_capture_handler_set                           src/ASF/sam/drivers/pio/pio_handler.o
pio_capture_read                                  src/ASF/sam/drivers/pio/pio.o
pio_capture_set_mode                              src/ASF/sam/drivers/pio/pio.o
pio_clear                                         src/ASF/sam/drivers/pio/pio.o
pio_configure                                     src/ASF/sam/drivers/pio/pio.o
pio_configure_interrupt                           src/ASF/sam/drivers/pio/pio.o
                                                  src/ASF/sam/drivers/pio/pio_handler.o
pio_configure_pin                                 src/ASF/sam/drivers/pio/pio.o
                                                  src/ASF/sam/boards/sam4s_ek2/init.o
pio_configure_pin_group                           src/ASF/sam/drivers/pio/pio.o
                                                  src/ASF/sam/boards/sam4s_ek2/init.o
pio_disable_interrupt                             src/ASF/sam/drivers/pio/pio.o
                                                  src/ASF/sam/drivers/pio/pio_handler.o
pio_disable_output_write                          src/ASF/sam/drivers/pio/pio.o
pio_disable_pin_interrupt                         src/ASF/sam/drivers/pio/pio.o
pio_enable_interrupt                              src/ASF/sam/drivers/pio/pio.o
                                                  src/ASF/sam/drivers/pio/pio_handler.o
pio_enable_output_write                           src/ASF/sam/drivers/pio/pio.o
pio_enable_pin_interrupt                          src/ASF/sam/drivers/pio/pio.o
pio_get                                           src/ASF/sam/drivers/pio/pio.o
pio_get_interrupt_mask                            src/ASF/sam/drivers/pio/pio.o
                                                  src/ASF/sam/drivers/pio/pio_handler.o
pio_get_interrupt_status                          src/ASF/sam/drivers/pio/pio.o
                                                  src/ASF/sam/drivers/pio/pio_handler.o
pio_get_multi_driver_status                       src/ASF/sam/drivers/pio/pio.o
pio_get_output_data_status                        src/ASF/sam/drivers/pio/pio.o
pio_get_output_write_status                       src/ASF/sam/drivers/pio/pio.o
pio_get_pin_group                                 src/ASF/sam/drivers/pio/pio.o
                                                  src/ASF/sam/drivers/pio/pio_handler.o
pio_get_pin_group_id                              src/ASF/sam/drivers/pio/pio.o
                                                  src/ASF/sam/drivers/pio/pio_handler.o
pio_get_pin_group_mask                            src/ASF/sam/drivers/pio/pio.o
                                                  src/ASF/sam/drivers/pio/pio_handler.o
pio_get_pin_value                                 src/ASF/sam/drivers/pio/pio.o
pio_get_schmitt_trigger                           src/ASF/sam/drivers/pio/pio.o
pio_get_writeprotect_status                       src/ASF/sam/drivers/pio/pio.o
pio_handler_process                               src/ASF/sam/drivers/pio/pio_handler.o
pio_handler_set                                   src/ASF/sam/drivers/pio/pio_handler.o
pio_handler_set_pin                               src/ASF/sam/drivers/pio/pio_handler.o
pio_handler_set_priority                          src/ASF/sam/drivers/pio/pio_handler.o
pio_pull_down                                     src/ASF/sam/drivers/pio/pio.o
pio_pull_up                                       src/ASF/sam/drivers/pio/pio.o
pio_set                                           src/ASF/sam/drivers/pio/pio.o
pio_set_additional_interrupt_mode                 src/ASF/sam/drivers/pio/pio.o
pio_set_debounce_filter                           src/ASF/sam/drivers/pio/pio.o
pio_set_input                                     src/ASF/sam/drivers/pio/pio.o
pio_set_multi_driver                              src/ASF/sam/drivers/pio/pio.o
pio_set_output                                    src/ASF/sam/drivers/pio/pio.o
pio_set_peripheral                                src/ASF/sam/drivers/pio/pio.o
pio_set_pin_group_high                            src/ASF/sam/drivers/pio/pio.o
pio_set_pin_group_low                             src/ASF/sam/drivers/pio/pio.o
pio_set_pin_high                                  src/ASF/sam/drivers/pio/pio.o
                                                  src/ASF/sam/boards/sam4s_ek2/led.o
pio_set_pin_low                                   src/ASF/sam/drivers/pio/pio.o
                                                  src/ASF/sam/boards/sam4s_ek2/led.o
                                                  src/ASF/sam/boards/sam4s_ek2/init.o
pio_set_schmitt_trigger                           src/ASF/sam/drivers/pio/pio.o
pio_set_writeprotect                              src/ASF/sam/drivers/pio/pio.o
pio_sync_output_write                             src/ASF/sam/drivers/pio/pio.o
pio_toggle_pin                                    src/ASF/sam/drivers/pio/pio.o
pio_toggle_pin_group                              src/ASF/sam/drivers/pio/pio.o
pmc_clr_fast_startup_input                        src/ASF/sam/drivers/pmc/pmc.o
pmc_disable_all_pck                               src/ASF/sam/drivers/pmc/pmc.o
pmc_disable_all_periph_clk                        src/ASF/sam/drivers/pmc/pmc.o
pmc_disable_clock_failure_detector                src/ASF/sam/drivers/pmc/pmc.o
pmc_disable_interrupt                             src/ASF/sam/drivers/pmc/pmc.o
pmc_disable_pck                                   src/ASF/sam/drivers/pmc/pmc.o
pmc_disable_periph_clk                            src/ASF/sam/drivers/pmc/pmc.o
pmc_disable_pllack                                src/ASF/sam/drivers/pmc/pmc.o
                                                  src/ASF/sam/drivers/pmc/sleep.o
                                                  src/ASF/common/services/clock/sam4s/sysclk.o
pmc_disable_pllbck                                src/ASF/sam/drivers/pmc/pmc.o
                                                  src/ASF/sam/drivers/pmc/sleep.o
pmc_disable_udpck                                 src/ASF/sam/drivers/pmc/pmc.o
pmc_enable_all_pck                                src/ASF/sam/drivers/pmc/pmc.o
pmc_enable_all_periph_clk                         src/ASF/sam/drivers/pmc/pmc.o
pmc_enable_backupmode                             src/ASF/sam/drivers/pmc/pmc.o
pmc_enable_clock_failure_detector                 src/ASF/sam/drivers/pmc/pmc.o
pmc_enable_interrupt                              src/ASF/sam/drivers/pmc/pmc.o
pmc_enable_pck                                    src/ASF/sam/drivers/pmc/pmc.o
pmc_enable_periph_clk                             src/ASF/sam/drivers/pmc/pmc.o
                                                  src/main.o
                                                  src/ASF/sam/boards/sam4s_ek2/init.o
pmc_enable_pllack                                 src/ASF/sam/drivers/pmc/pmc.o
pmc_enable_pllbck                                 src/ASF/sam/drivers/pmc/pmc.o
pmc_enable_sleepmode                              src/ASF/sam/drivers/pmc/pmc.o
pmc_enable_udpck                                  src/ASF/sam/drivers/pmc/pmc.o
pmc_enable_waitmode                               src/ASF/sam/drivers/pmc/pmc.o
                                                  src/ASF/sam/drivers/pmc/sleep.o
pmc_get_interrupt_mask                            src/ASF/sam/drivers/pmc/pmc.o
pmc_get_status                                    src/ASF/sam/drivers/pmc/pmc.o
pmc_get_writeprotect_status                       src/ASF/sam/drivers/pmc/pmc.o
pmc_is_locked_pllack                              src/ASF/sam/drivers/pmc/pmc.o
                                                  src/ASF/common/services/clock/sam4s/sysclk.o
pmc_is_locked_pllbck                              src/ASF/sam/drivers/pmc/pmc.o
pmc_is_pck_enabled                                src/ASF/sam/drivers/pmc/pmc.o
pmc_is_periph_clk_enabled                         src/ASF/sam/drivers/pmc/pmc.o
pmc_is_wakeup_clocks_restored                     src/ASF/sam/drivers/pmc/sleep.o
pmc_mainck_osc_select                             src/ASF/sam/drivers/pmc/pmc.o
pmc_mck_set_prescaler                             src/ASF/sam/drivers/pmc/pmc.o
                                                  src/ASF/common/services/clock/sam4s/sysclk.o
pmc_mck_set_source                                src/ASF/sam/drivers/pmc/pmc.o
                                                  src/ASF/common/services/clock/sam4s/sysclk.o
pmc_osc_bypass_main_xtal                          src/ASF/sam/drivers/pmc/pmc.o
pmc_osc_disable_fastrc                            src/ASF/sam/drivers/pmc/pmc.o
pmc_osc_disable_main_xtal                         src/ASF/sam/drivers/pmc/pmc.o
pmc_osc_disable_xtal                              src/ASF/sam/drivers/pmc/pmc.o
pmc_osc_enable_fastrc                             src/ASF/sam/drivers/pmc/pmc.o
pmc_osc_enable_main_xtal                          src/ASF/sam/drivers/pmc/pmc.o
pmc_osc_is_bypassed_main_xtal                     src/ASF/sam/drivers/pmc/pmc.o
pmc_osc_is_ready_32kxtal                          src/ASF/sam/drivers/pmc/pmc.o
pmc_osc_is_ready_fastrc                           src/ASF/sam/drivers/pmc/pmc.o
pmc_osc_is_ready_main_xtal                        src/ASF/sam/drivers/pmc/pmc.o
pmc_osc_is_ready_mainck                           src/ASF/sam/drivers/pmc/pmc.o
                                                  src/ASF/common/services/clock/sam4s/sysclk.o
pmc_pck_set_prescaler                             src/ASF/sam/drivers/pmc/pmc.o
pmc_pck_set_source                                src/ASF/sam/drivers/pmc/pmc.o
pmc_set_fast_startup_input                        src/ASF/sam/drivers/pmc/pmc.o
pmc_set_flash_in_wait_mode                        src/ASF/sam/drivers/pmc/pmc.o
                                                  src/ASF/sam/drivers/pmc/sleep.o
pmc_set_writeprotect                              src/ASF/sam/drivers/pmc/pmc.o
pmc_sleep                                         src/ASF/sam/drivers/pmc/sleep.o
pmc_switch_mainck_to_fastrc                       src/ASF/sam/drivers/pmc/pmc.o
pmc_switch_mainck_to_xtal                         src/ASF/sam/drivers/pmc/pmc.o
                                                  src/ASF/common/services/clock/sam4s/sysclk.o
pmc_switch_mck_to_mainck                          src/ASF/sam/drivers/pmc/pmc.o
pmc_switch_mck_to_pllack                          src/ASF/sam/drivers/pmc/pmc.o
                                                  src/ASF/common/services/clock/sam4s/sysclk.o
pmc_switch_mck_to_pllbck                          src/ASF/sam/drivers/pmc/pmc.o
pmc_switch_mck_to_sclk                            src/ASF/sam/drivers/pmc/pmc.o
pmc_switch_pck_to_mainck                          src/ASF/sam/drivers/pmc/pmc.o
pmc_switch_pck_to_mck                             src/ASF/sam/drivers/pmc/pmc.o
pmc_switch_pck_to_pllack                          src/ASF/sam/drivers/pmc/pmc.o
pmc_switch_pck_to_pllbck                          src/ASF/sam/drivers/pmc/pmc.o
pmc_switch_pck_to_sclk                            src/ASF/sam/drivers/pmc/pmc.o
pmc_switch_sclk_to_32kxtal                        src/ASF/sam/drivers/pmc/pmc.o
pmc_switch_udpck_to_pllack                        src/ASF/sam/drivers/pmc/pmc.o
pmc_switch_udpck_to_pllbck                        src/ASF/sam/drivers/pmc/pmc.o
pmc_wait_wakeup_clocks_restore                    src/ASF/sam/drivers/pmc/sleep.o
software_init_hook                                s:/program files (x86)/atmel/studio/7.0/toolchain/arm/arm-gnu-toolchain/bin/../lib/gcc/arm-none-eabi/6.3.1/../../../../arm-none-eabi/lib/thumb/v7e-m/crt0.o
sysclk_init                                       src/ASF/common/services/clock/sam4s/sysclk.o
                                                  src/main.o
sysclk_set_prescalers                             src/ASF/common/services/clock/sam4s/sysclk.o
sysclk_set_source                                 src/ASF/common/services/clock/sam4s/sysclk.o
system_init_flash                                 src/ASF/sam/utils/cmsis/sam4s/source/templates/system_sam4s.o
                                                  src/ASF/common/services/clock/sam4s/sysclk.o
uart_disable                                      src/ASF/sam/drivers/uart/uart.o
uart_disable_interrupt                            src/ASF/sam/drivers/uart/uart.o
uart_disable_rx                                   src/ASF/sam/drivers/uart/uart.o
uart_disable_tx                                   src/ASF/sam/drivers/uart/uart.o
uart_enable                                       src/ASF/sam/drivers/uart/uart.o
uart_enable_interrupt                             src/ASF/sam/drivers/uart/uart.o
uart_enable_rx                                    src/ASF/sam/drivers/uart/uart.o
uart_enable_tx                                    src/ASF/sam/drivers/uart/uart.o
uart_get_interrupt_mask                           src/ASF/sam/drivers/uart/uart.o
uart_get_pdc_base                                 src/ASF/sam/drivers/uart/uart.o
uart_get_status                                   src/ASF/sam/drivers/uart/uart.o
uart_init                                         src/ASF/sam/drivers/uart/uart.o
                                                  src/main.o
uart_is_rx_buf_end                                src/ASF/sam/drivers/uart/uart.o
uart_is_rx_buf_full                               src/ASF/sam/drivers/uart/uart.o
uart_is_rx_ready                                  src/ASF/sam/drivers/uart/uart.o
uart_is_tx_buf_empty                              src/ASF/sam/drivers/uart/uart.o
uart_is_tx_buf_end                                src/ASF/sam/drivers/uart/uart.o
uart_is_tx_empty                                  src/ASF/sam/drivers/uart/uart.o
uart_is_tx_ready                                  src/ASF/sam/drivers/uart/uart.o
uart_read                                         src/ASF/sam/drivers/uart/uart.o
                                                  src/main.o
                                                  src/ASF/common/services/serial/usart_serial.o
uart_reset                                        src/ASF/sam/drivers/uart/uart.o
uart_reset_rx                                     src/ASF/sam/drivers/uart/uart.o
uart_reset_status                                 src/ASF/sam/drivers/uart/uart.o
uart_reset_tx                                     src/ASF/sam/drivers/uart/uart.o
uart_set_clock_divisor                            src/ASF/sam/drivers/uart/uart.o
uart_write                                        src/ASF/sam/drivers/uart/uart.o
                                                  src/main.o
                                                  src/ASF/common/services/serial/usart_serial.o
usart_disable_interrupt                           src/ASF/sam/drivers/usart/usart.o
usart_disable_rx                                  src/ASF/sam/drivers/usart/usart.o
usart_disable_tx                                  src/ASF/sam/drivers/usart/usart.o
usart_disable_writeprotect                        src/ASF/sam/drivers/usart/usart.o
usart_drive_DTR_pin_high                          src/ASF/sam/drivers/usart/usart.o
usart_drive_DTR_pin_low                           src/ASF/sam/drivers/usart/usart.o
usart_drive_RTS_pin_high                          src/ASF/sam/drivers/usart/usart.o
usart_drive_RTS_pin_low                           src/ASF/sam/drivers/usart/usart.o
usart_enable_interrupt                            src/ASF/sam/drivers/usart/usart.o
usart_enable_rx                                   src/ASF/sam/drivers/usart/usart.o
usart_enable_tx                                   src/ASF/sam/drivers/usart/usart.o
usart_enable_writeprotect                         src/ASF/sam/drivers/usart/usart.o
usart_get_error_number                            src/ASF/sam/drivers/usart/usart.o
usart_get_interrupt_mask                          src/ASF/sam/drivers/usart/usart.o
usart_get_pdc_base                                src/ASF/sam/drivers/usart/usart.o
usart_get_status                                  src/ASF/sam/drivers/usart/usart.o
usart_get_writeprotect_status                     src/ASF/sam/drivers/usart/usart.o
usart_getchar                                     src/ASF/sam/drivers/usart/usart.o
usart_init_hw_handshaking                         src/ASF/sam/drivers/usart/usart.o
usart_init_irda                                   src/ASF/sam/drivers/usart/usart.o
usart_init_iso7816                                src/ASF/sam/drivers/usart/usart.o
usart_init_modem                                  src/ASF/sam/drivers/usart/usart.o
usart_init_rs232                                  src/ASF/sam/drivers/usart/usart.o
usart_init_rs485                                  src/ASF/sam/drivers/usart/usart.o
usart_init_spi_master                             src/ASF/sam/drivers/usart/usart.o
usart_init_spi_slave                              src/ASF/sam/drivers/usart/usart.o
usart_init_sync_master                            src/ASF/sam/drivers/usart/usart.o
usart_init_sync_slave                             src/ASF/sam/drivers/usart/usart.o
usart_is_rx_buf_end                               src/ASF/sam/drivers/usart/usart.o
usart_is_rx_buf_full                              src/ASF/sam/drivers/usart/usart.o
usart_is_rx_ready                                 src/ASF/sam/drivers/usart/usart.o
usart_is_tx_buf_empty                             src/ASF/sam/drivers/usart/usart.o
usart_is_tx_buf_end                               src/ASF/sam/drivers/usart/usart.o
usart_is_tx_empty                                 src/ASF/sam/drivers/usart/usart.o
usart_is_tx_ready                                 src/ASF/sam/drivers/usart/usart.o
usart_man_disable_drift_compensation              src/ASF/sam/drivers/usart/usart.o
usart_man_enable_drift_compensation               src/ASF/sam/drivers/usart/usart.o
usart_man_set_rx_polarity                         src/ASF/sam/drivers/usart/usart.o
usart_man_set_rx_pre_len                          src/ASF/sam/drivers/usart/usart.o
usart_man_set_rx_pre_pattern                      src/ASF/sam/drivers/usart/usart.o
usart_man_set_tx_polarity                         src/ASF/sam/drivers/usart/usart.o
usart_man_set_tx_pre_len                          src/ASF/sam/drivers/usart/usart.o
usart_man_set_tx_pre_pattern                      src/ASF/sam/drivers/usart/usart.o
usart_putchar                                     src/ASF/sam/drivers/usart/usart.o
usart_read                                        src/ASF/sam/drivers/usart/usart.o
                                                  src/ASF/common/services/serial/usart_serial.o
usart_reset                                       src/ASF/sam/drivers/usart/usart.o
usart_reset_iterations                            src/ASF/sam/drivers/usart/usart.o
usart_reset_nack                                  src/ASF/sam/drivers/usart/usart.o
usart_reset_rx                                    src/ASF/sam/drivers/usart/usart.o
usart_reset_status                                src/ASF/sam/drivers/usart/usart.o
usart_reset_tx                                    src/ASF/sam/drivers/usart/usart.o
usart_restart_rx_timeout                          src/ASF/sam/drivers/usart/usart.o
usart_send_address                                src/ASF/sam/drivers/usart/usart.o
usart_serial_read_packet                          src/ASF/common/services/serial/usart_serial.o
usart_serial_write_packet                         src/ASF/common/services/serial/usart_serial.o
usart_set_async_baudrate                          src/ASF/sam/drivers/usart/usart.o
usart_set_rx_timeout                              src/ASF/sam/drivers/usart/usart.o
usart_set_tx_timeguard                            src/ASF/sam/drivers/usart/usart.o
usart_spi_force_chip_select                       src/ASF/sam/drivers/usart/usart.o
usart_spi_release_chip_select                     src/ASF/sam/drivers/usart/usart.o
usart_start_rx_timeout                            src/ASF/sam/drivers/usart/usart.o
usart_start_tx_break                              src/ASF/sam/drivers/usart/usart.o
usart_stop_tx_break                               src/ASF/sam/drivers/usart/usart.o
usart_write                                       src/ASF/sam/drivers/usart/usart.o
                                                  src/ASF/common/services/serial/usart_serial.o
usart_write_line                                  src/ASF/sam/drivers/usart/usart.o
