Archive member included to satisfy reference by file (symbol)

s:/program files (x86)/atmel/studio/7.0/toolchain/arm/arm-gnu-toolchain/bin/../lib/gcc/arm-none-eabi/6.3.1/../../../../arm-none-eabi/lib/thumb/v7e-m\libc.a(lib_a-exit.o)
                              s:/program files (x86)/atmel/studio/7.0/toolchain/arm/arm-gnu-toolchain/bin/../lib/gcc/arm-none-eabi/6.3.1/../../../../arm-none-eabi/lib/thumb/v7e-m/crt0.o (exit)
s:/program files (x86)/atmel/studio/7.0/toolchain/arm/arm-gnu-toolchain/bin/../lib/gcc/arm-none-eabi/6.3.1/../../../../arm-none-eabi/lib/thumb/v7e-m\libc.a(lib_a-impure.o)
                              s:/program files (x86)/atmel/studio/7.0/toolchain/arm/arm-gnu-toolchain/bin/../lib/gcc/arm-none-eabi/6.3.1/../../../../arm-none-eabi/lib/thumb/v7e-m\libc.a(lib_a-exit.o) (_global_impure_ptr)
s:/program files (x86)/atmel/studio/7.0/toolchain/arm/arm-gnu-toolchain/bin/../lib/gcc/arm-none-eabi/6.3.1/../../../../arm-none-eabi/lib/thumb/v7e-m\libc.a(lib_a-init.o)
                              s:/program files (x86)/atmel/studio/7.0/toolchain/arm/arm-gnu-toolchain/bin/../lib/gcc/arm-none-eabi/6.3.1/../../../../arm-none-eabi/lib/thumb/v7e-m/crt0.o (__libc_init_array)
s:/program files (x86)/atmel/studio/7.0/toolchain/arm/arm-gnu-toolchain/bin/../lib/gcc/arm-none-eabi/6.3.1/../../../../arm-none-eabi/lib/thumb/v7e-m\libc.a(lib_a-iprintf.o)
                              src/main.o (iprintf)
s:/program files (x86)/atmel/studio/7.0/toolchain/arm/arm-gnu-toolchain/bin/../lib/gcc/arm-none-eabi/6.3.1/../../../../arm-none-eabi/lib/thumb/v7e-m\libc.a(lib_a-memset.o)
                              s:/program files (x86)/atmel/studio/7.0/toolchain/arm/arm-gnu-toolchain/bin/../lib/gcc/arm-none-eabi/6.3.1/../../../../arm-none-eabi/lib/thumb/v7e-m/crt0.o (memset)
s:/program files (x86)/atmel/studio/7.0/toolchain/arm/arm-gnu-toolchain/bin/../lib/gcc/arm-none-eabi/6.3.1/../../../../arm-none-eabi/lib/thumb/v7e-m\libc.a(lib_a-puts.o)
                              src/main.o (puts)
s:/program files (x86)/atmel/studio/7.0/toolchain/arm/arm-gnu-toolchain/bin/../lib/gcc/arm-none-eabi/6.3.1/../../../../arm-none-eabi/lib/thumb/v7e-m\libc.a(lib_a-rget.o)
                              src/main.o (__srget_r)
s:/program files (x86)/atmel/studio/7.0/toolchain/arm/arm-gnu-toolchain/bin/../lib/gcc/arm-none-eabi/6.3.1/../../../../arm-none-eabi/lib/thumb/v7e-m\libc.a(lib_a-setbuf.o)
                              src/main.o (setbuf)
s:/program files (x86)/atmel/studio/7.0/toolchain/arm/arm-gnu-toolchain/bin/../lib/gcc/arm-none-eabi/6.3.1/../../../../arm-none-eabi/lib/thumb/v7e-m\libc.a(lib_a-setvbuf.o)
                              s:/program files (x86)/atmel/studio/7.0/toolchain/arm/arm-gnu-toolchain/bin/../lib/gcc/arm-none-eabi/6.3.1/../../../../arm-none-eabi/lib/thumb/v7e-m\libc.a(lib_a-setbuf.o) (setvbuf)
s:/program files (x86)/atmel/studio/7.0/toolchain/arm/arm-gnu-toolchain/bin/../lib/gcc/arm-none-eabi/6.3.1/../../../../arm-none-eabi/lib/thumb/v7e-m\libc.a(lib_a-strlen.o)
                              s:/program files (x86)/atmel/studio/7.0/toolchain/arm/arm-gnu-toolchain/bin/../lib/gcc/arm-none-eabi/6.3.1/../../../../arm-none-eabi/lib/thumb/v7e-m\libc.a(lib_a-puts.o) (strlen)
s:/program files (x86)/atmel/studio/7.0/toolchain/arm/arm-gnu-toolchain/bin/../lib/gcc/arm-none-eabi/6.3.1/../../../../arm-none-eabi/lib/thumb/v7e-m\libc.a(lib_a-vfiprintf.o)
                              s:/program files (x86)/atmel/studio/7.0/toolchain/arm/arm-gnu-toolchain/bin/../lib/gcc/arm-none-eabi/6.3.1/../../../../arm-none-eabi/lib/thumb/v7e-m\libc.a(lib_a-iprintf.o) (_vfiprintf_r)
s:/program files (x86)/atmel/studio/7.0/toolchain/arm/arm-gnu-toolchain/bin/../lib/gcc/arm-none-eabi/6.3.1/../../../../arm-none-eabi/lib/thumb/v7e-m\libc.a(lib_a-wsetup.o)
                              s:/program files (x86)/atmel/studio/7.0/toolchain/arm/arm-gnu-toolchain/bin/../lib/gcc/arm-none-eabi/6.3.1/../../../../arm-none-eabi/lib/thumb/v7e-m\libc.a(lib_a-vfiprintf.o) (__swsetup_r)
s:/program files (x86)/atmel/studio/7.0/toolchain/arm/arm-gnu-toolchain/bin/../lib/gcc/arm-none-eabi/6.3.1/../../../../arm-none-eabi/lib/thumb/v7e-m\libc.a(lib_a-__call_atexit.o)
                              s:/program files (x86)/atmel/studio/7.0/toolchain/arm/arm-gnu-toolchain/bin/../lib/gcc/arm-none-eabi/6.3.1/../../../../arm-none-eabi/lib/thumb/v7e-m\libc.a(lib_a-exit.o) (__call_exitprocs)
s:/program files (x86)/atmel/studio/7.0/toolchain/arm/arm-gnu-toolchain/bin/../lib/gcc/arm-none-eabi/6.3.1/../../../../arm-none-eabi/lib/thumb/v7e-m\libc.a(lib_a-atexit.o)
                              s:/program files (x86)/atmel/studio/7.0/toolchain/arm/arm-gnu-toolchain/bin/../lib/gcc/arm-none-eabi/6.3.1/../../../../arm-none-eabi/lib/thumb/v7e-m\libc.a(lib_a-__call_atexit.o) (atexit)
s:/program files (x86)/atmel/studio/7.0/toolchain/arm/arm-gnu-toolchain/bin/../lib/gcc/arm-none-eabi/6.3.1/../../../../arm-none-eabi/lib/thumb/v7e-m\libc.a(lib_a-fflush.o)
[...]
Memory Configuration

Name             Origin             Length             Attributes
rom              0x00400000         0x00200000         xr
ram              0x20000000         0x00028000         xrw
*default*        0x00000000         0xffffffff

Linker script and memory map

LOAD s:/program files (x86)/atmel/studio/7.0/toolchain/arm/arm-gnu-toolchain/bin/../lib/gcc/arm-none-eabi/6.3.1/thumb/v7e-m/crti.o
LOAD s:/program files (x86)/atmel/studio/7.0/toolchain/arm/arm-gnu-toolchain/bin/../lib/gcc/arm-none-eabi/6.3.1/thumb/v7e-m/crtbegin.o
LOAD s:/program files (x86)/atmel/studio/7.0/toolchain/arm/arm-gnu-toolchain/bin/../lib/gcc/arm-none-eabi/6.3.1/../../../../arm-none-eabi/lib/thumb/v7e-m/crt0.o
LOAD src/ASF/common/utils/stdio/read.o
LOAD src/ASF/common/utils/stdio/write.o
LOAD src/ASF/sam/drivers/usart/usart.o
LOAD src/ASF/common/services/serial/usart_serial.o
LOAD src/ASF/sam/drivers/uart/uart.o
LOAD src/ASF/common/services/clock/sam4s/sysclk.o
LOAD src/ASF/common/utils/interrupt/interrupt_sam_nvic.o
LOAD src/ASF/sam/boards/sam4s_ek2/init.o
LOAD src/ASF/sam/boards/sam4s_ek2/led.o
LOAD src/ASF/sam/drivers/pio/pio.o
LOAD src/ASF/sam/drivers/pio/pio_handler.o
LOAD src/ASF/sam/drivers/pmc/pmc.o
LOAD src/ASF/sam/drivers/pmc/sleep.o
LOAD src/ASF/sam/utils/cmsis/sam4s/source/templates/gcc/startup_sam4s.o
LOAD src/ASF/sam/utils/cmsis/sam4s/source/templates/system_sam4s.o
LOAD src/ASF/sam/utils/syscalls/gcc/syscalls.o
LOAD src/main.o
START GROUP
LOAD ../src/ASF/thirdparty/CMSIS/Lib/GCC\libarm_cortexM4l_math.a
LOAD s:/program files (x86)/atmel/studio/7.0/toolchain/arm/arm-gnu-toolchain/bin/../lib/gcc/arm-none-eabi/6.3.1/../../../../arm-none-eabi/lib/thumb/v7e-m\libm.a
END GROUP
START GROUP
LOAD s:/program files (x86)/atmel/studio/7.0/toolchain/arm/arm-gnu-toolchain/bin/../lib/gcc/arm-none-eabi/6.3.1/thumb/v7e-m\libgcc.a
LOAD s:/program files (x86)/atmel/studio/7.0/toolchain/arm/arm-gnu-toolchain/bin/../lib/gcc/arm-none-eabi/6.3.1/../../../../arm-none-eabi/lib/thumb/v7e-m\libc.a
END GROUP
LOAD s:/program files (x86)/atmel/studio/7.0/toolchain/arm/arm-gnu-toolchain/bin/../lib/gcc/arm-none-eabi/6.3.1/thumb/v7e-m/crtend.o
LOAD s:/program files (x86)/atmel/studio/7.0/toolchain/arm/arm-gnu-toolchain/bin/../lib/gcc/arm-none-eabi/6.3.1/thumb/v7e-m/crtn.o
                0x00003000                __stack_size__ = DEFINED (__stack_size__)?__stack_size__:0x3000
                0x20027ffc                __ram_end__ = ((ORIGIN (ram) + LENGTH (ram)) - 0x4)

.text           0x00400000     0x4338
                0x00400000                . = ALIGN (0x4)
                0x00400000                _sfixed = .
 *(.vectors .vectors.*)
 .vectors       0x00400000       0xcc src/ASF/sam/utils/cmsis/sam4s/source/templates/gcc/startup_sam4s.o
                0x00400000                exception_table
 *(.text .text.* .gnu.linkonce.t.*)
 .text          0x004000cc       0x6c s:/program files (x86)/atmel/studio/7.0/toolchain/arm/arm-gnu-toolchain/bin/../lib/gcc/arm-none-eabi/6.3.1/thumb/v7e-m/crtbegin.o
 .text._read    0x00400138       0x3c src/ASF/common/utils/stdio/read.o
                0x00400138                _read
 .text._write   0x00400174       0x50 src/ASF/common/utils/stdio/write.o
                0x00400174                _write
 .text.usart_write
                0x004001c4       0x14 src/ASF/sam/drivers/usart/usart.o
                0x004001c4                usart_write
 .text.usart_read
                0x004001d8       0x18 src/ASF/sam/drivers/usart/usart.o
                0x004001d8                usart_read
 .text.uart_init
                0x004001f0       0x36 src/ASF/sam/drivers/uart/uart.o
                0x004001f0                uart_init
 .text.uart_write
                0x00400226       0x10 src/ASF/sam/drivers/uart/uart.o
                0x00400226                uart_write
 .text.uart_read
                0x00400236       0x12 src/ASF/sam/drivers/uart/uart.o
                0x00400236                uart_read
 .text.sysclk_init
                0x00400248       0x64 src/ASF/common/services/clock/sam4s/sysclk.o
                0x00400248                sysclk_init
 .text.board_init
                0x004002ac      0x144 src/ASF/sam/boards/sam4s_ek2/init.o
                0x004002ac                board_init
 .text.pio_set_peripheral
                0x004003f0       0x90 src/ASF/sam/drivers/pio/pio.o
                0x004003f0                pio_set_peripheral
 .text.pio_set_input
                0x00400480       0x32 src/ASF/sam/drivers/pio/pio.o
                0x00400480                pio_set_input
 .text.pio_set_output
                0x004004b2       0x26 src/ASF/sam/drivers/pio/pio.o
                0x004004b2                pio_set_output
 .text.pio_get_interrupt_status
                0x004004d8        0x4 src/ASF/sam/drivers/pio/pio.o
                0x004004d8                pio_get_interrupt_status
 .text.pio_get_interrupt_mask
                0x004004dc        0x4 src/ASF/sam/drivers/pio/pio.o
                0x004004dc                pio_get_interrupt_mask
 .text.pio_set_pin_low
                0x004004e0       0x1a src/ASF/sam/drivers/pio/pio.o
                0x004004e0                pio_set_pin_low
 *fill*         0x004004fa        0x2 
 .text.pio_configure_pin
                0x004004fc      0x120 src/ASF/sam/drivers/pio/pio.o
                0x004004fc                pio_configure_pin
 .text.pio_configure_pin_group
                0x0040061c       0xd8 src/ASF/sam/drivers/pio/pio.o
                0x0040061c                pio_configure_pin_group
 .text.pio_handler_process
                0x004006f4       0x68 src/ASF/sam/drivers/pio/pio_handler.o
                0x004006f4                pio_handler_process
 .text.PIOA_Handler
                0x0040075c       0x14 src/ASF/sam/drivers/pio/pio_handler.o
                0x0040075c                PIOA_Handler
 .text.PIOB_Handler
                0x00400770       0x14 src/ASF/sam/drivers/pio/pio_handler.o
                0x00400770                PIOB_Handler
 .text.PIOC_Handler
                0x00400784       0x14 src/ASF/sam/drivers/pio/pio_handler.o
                0x00400784                PIOC_Handler
 .text.pmc_switch_mck_to_pllack
                0x00400798       0x64 src/ASF/sam/drivers/pmc/pmc.o
                0x00400798                pmc_switch_mck_to_pllack
 .text.pmc_switch_mainck_to_xtal
                0x004007fc       0x54 src/ASF/sam/drivers/pmc/pmc.o
                0x004007fc                pmc_switch_mainck_to_xtal
 .text.pmc_osc_is_ready_mainck
                0x00400850       0x10 src/ASF/sam/drivers/pmc/pmc.o
                0x00400850                pmc_osc_is_ready_mainck
 .text.pmc_disable_pllack
                0x00400860       0x10 src/ASF/sam/drivers/pmc/pmc.o
                0x00400860                pmc_disable_pllack
 .text.pmc_is_locked_pllack
                0x00400870       0x10 src/ASF/sam/drivers/pmc/pmc.o
                0x00400870                pmc_is_locked_pllack
 .text.pmc_enable_periph_clk
                0x00400880       0x54 src/ASF/sam/drivers/pmc/pmc.o
                0x00400880                pmc_enable_periph_clk
 .text.Dummy_Handler
                0x004008d4        0x2 src/ASF/sam/utils/cmsis/sam4s/source/templates/gcc/startup_sam4s.o
                0x004008d4                DACC_Handler
                0x004008d4                DebugMon_Handler
                0x004008d4                HardFault_Handler
                0x004008d4                TC2_Handler
                0x004008d4                SPI_Handler
                0x004008d4                SysTick_Handler
                0x004008d4                TWI1_Handler
                0x004008d4                PendSV_Handler
                0x004008d4                NMI_Handler
                0x004008d4                ADC_Handler
                0x004008d4                CRCCU_Handler
                0x004008d4                USART0_Handler
                0x004008d4                RTT_Handler
                0x004008d4                EFC1_Handler
                0x004008d4                RTC_Handler
                0x004008d4                UsageFault_Handler
                0x004008d4                WDT_Handler
                0x004008d4                TC4_Handler
                0x004008d4                TC1_Handler
                0x004008d4                HSMCI_Handler
                0x004008d4                UART1_Handler
                0x004008d4                TC3_Handler
                0x004008d4                Dummy_Handler
                0x004008d4                TWI0_Handler
                0x004008d4                USART1_Handler
                0x004008d4                SSC_Handler
                0x004008d4                EFC0_Handler
                0x004008d4                ACC_Handler
                0x004008d4                PMC_Handler
                0x004008d4                PWM_Handler
                0x004008d4                MemManage_Handler
                0x004008d4                SUPC_Handler
                0x004008d4                SVC_Handler
                0x004008d4                UART0_Handler
                0x004008d4                UDP_Handler
                0x004008d4                BusFault_Handler
                0x004008d4                RSTC_Handler
                0x004008d4                TC0_Handler
                0x004008d4                TC5_Handler
 *fill*         0x004008d6        0x2 
 .text.Reset_Handler
                0x004008d8       0xac src/ASF/sam/utils/cmsis/sam4s/source/templates/gcc/startup_sam4s.o
                0x004008d8                Reset_Handler
 .text.SystemCoreClockUpdate
                0x00400984      0x110 src/ASF/sam/utils/cmsis/sam4s/source/templates/system_sam4s.o
                0x00400984                SystemCoreClockUpdate
 .text.system_init_flash
                0x00400a94       0x94 src/ASF/sam/utils/cmsis/sam4s/source/templates/system_sam4s.o
                0x00400a94                system_init_flash
 .text._sbrk    0x00400b28       0x38 src/ASF/sam/utils/syscalls/gcc/syscalls.o
                0x00400b28                _sbrk
 .text._close   0x00400b60        0x6 src/ASF/sam/utils/syscalls/gcc/syscalls.o
                0x00400b60                _close
 .text._fstat   0x00400b66        0xa src/ASF/sam/utils/syscalls/gcc/syscalls.o
                0x00400b66                _fstat
 .text._isatty  0x00400b70        0x4 src/ASF/sam/utils/syscalls/gcc/syscalls.o
                0x00400b70                _isatty
 .text._lseek   0x00400b74        0x4 src/ASF/sam/utils/syscalls/gcc/syscalls.o
                0x00400b74                _lseek
 .text.usart_serial_getchar
                0x00400b78       0x88 src/main.o
 .text.usart_serial_putchar
                0x00400c00       0x80 src/main.o
 .text.inicializacao_UART
                0x00400c80       0x98 src/main.o
                0x00400c80                inicializacao_UART
 .text.main     0x00400d18      0x18c src/main.o
                0x00400d18                main
 .text.__libc_init_array
                0x00400ea4       0x50 s:/program files (x86)/atmel/studio/7.0/toolchain/arm/arm-gnu-toolchain/bin/../lib/gcc/arm-none-eabi/6.3.1/../../../../arm-none-eabi/lib/thumb/v7e-m\libc.a(lib_a-init.o)
                0x00400ea4                __libc_init_array
 .text.iprintf  0x00400ef4       0x28 s:/program files (x86)/atmel/studio/7.0/toolchain/arm/arm-gnu-toolchain/bin/../lib/gcc/arm-none-eabi/6.3.1/../../../../arm-none-eabi/lib/thumb/v7e-m\libc.a(lib_a-iprintf.o)
                0x00400ef4                iprintf
 .text.memset   0x00400f1c       0x9c s:/program files (x86)/atmel/studio/7.0/toolchain/arm/arm-gnu-toolchain/bin/../lib/gcc/arm-none-eabi/6.3.1/../../../../arm-none-eabi/lib/thumb/v7e-m\libc.a(lib_a-memset.o)
                0x00400f1c                memset
 .text._puts_r  0x00400fb8       0x9c s:/program files (x86)/atmel/studio/7.0/toolchain/arm/arm-gnu-toolchain/bin/../lib/gcc/arm-none-eabi/6.3.1/../../../../arm-none-eabi/lib/thumb/v7e-m\libc.a(lib_a-puts.o)
                0x00400fb8                _puts_r
 .text.puts     0x00401054       0x10 s:/program files (x86)/atmel/studio/7.0/toolchain/arm/arm-gnu-toolchain/bin/../lib/gcc/arm-none-eabi/6.3.1/../../../../arm-none-eabi/lib/thumb/v7e-m\libc.a(lib_a-puts.o)
                0x00401054                puts
 .text.__srget_r
                0x00401064       0x34 s:/program files (x86)/atmel/studio/7.0/toolchain/arm/arm-gnu-toolchain/bin/../lib/gcc/arm-none-eabi/6.3.1/../../../../arm-none-eabi/lib/thumb/v7e-m\libc.a(lib_a-rget.o)
                0x00401064                __srget_r
 .text.setbuf   0x00401098       0x10 s:/program files (x86)/atmel/studio/7.0/toolchain/arm/arm-gnu-toolchain/bin/../lib/gcc/arm-none-eabi/6.3.1/../../../../arm-none-eabi/lib/thumb/v7e-m\libc.a(lib_a-setbuf.o)
                0x00401098                setbuf
 .text.setvbuf  0x004010a8      0x190 s:/program files (x86)/atmel/studio/7.0/toolchain/arm/arm-gnu-toolchain/bin/../lib/gcc/arm-none-eabi/6.3.1/../../../../arm-none-eabi/lib/thumb/v7e-m\libc.a(lib_a-setvbuf.o)
                0x004010a8                setvbuf
 *fill*         0x00401238        0x8 
 .text          0x00401240       0xdc s:/program files (x86)/atmel/studio/7.0/toolchain/arm/arm-gnu-toolchain/bin/../lib/gcc/arm-none-eabi/6.3.1/../../../../arm-none-eabi/lib/thumb/v7e-m\libc.a(lib_a-strlen.o)
                0x00401240                strlen
 .text.__sprint_r.part.0
                0x0040131c       0x80 s:/program files (x86)/atmel/studio/7.0/toolchain/arm/arm-gnu-toolchain/bin/../lib/gcc/arm-none-eabi/6.3.1/../../../../arm-none-eabi/lib/thumb/v7e-m\libc.a(lib_a-vfiprintf.o)
 .text._vfiprintf_r
                0x0040139c      0xc90 s:/program files (x86)/atmel/studio/7.0/toolchain/arm/arm-gnu-toolchain/bin/../lib/gcc/arm-none-eabi/6.3.1/../../../../arm-none-eabi/lib/thumb/v7e-m\libc.a(lib_a-vfiprintf.o)
                0x0040139c                _vfiprintf_r
 .text.__sbprintf
                0x0040202c       0x84 s:/program files (x86)/atmel/studio/7.0/toolchain/arm/arm-gnu-toolchain/bin/../lib/gcc/arm-none-eabi/6.3.1/../../../../arm-none-eabi/lib/thumb/v7e-m\libc.a(lib_a-vfiprintf.o)
 .text.__swsetup_r
                0x004020b0       0xc8 s:/program files (x86)/atmel/studio/7.0/toolchain/arm/arm-gnu-toolchain/bin/../lib/gcc/arm-none-eabi/6.3.1/../../../../arm-none-eabi/lib/thumb/v7e-m\libc.a(lib_a-wsetup.o)
                0x004020b0                __swsetup_r
 .text.startup.register_fini
                0x00402178       0x14 s:/program files (x86)/atmel/studio/7.0/toolchain/arm/arm-gnu-toolchain/bin/../lib/gcc/arm-none-eabi/6.3.1/../../../../arm-none-eabi/lib/thumb/v7e-m\libc.a(lib_a-__call_atexit.o)
 .text.atexit   0x0040218c        0xc s:/program files (x86)/atmel/studio/7.0/toolchain/arm/arm-gnu-toolchain/bin/../lib/gcc/arm-none-eabi/6.3.1/../../../../arm-none-eabi/lib/thumb/v7e-m\libc.a(lib_a-atexit.o)
                0x0040218c                atexit
 .text.__sflush_r
                0x00402198      0x140 s:/program files (x86)/atmel/studio/7.0/toolchain/arm/arm-gnu-toolchain/bin/../lib/gcc/arm-none-eabi/6.3.1/../../../../arm-none-eabi/lib/thumb/v7e-m\libc.a(lib_a-fflush.o)
                0x00402198                __sflush_r
 .text._fflush_r
                0x004022d8       0x54 s:/program files (x86)/atmel/studio/7.0/toolchain/arm/arm-gnu-toolchain/bin/../lib/gcc/arm-none-eabi/6.3.1/../../../../arm-none-eabi/lib/thumb/v7e-m\libc.a(lib_a-fflush.o)
                0x004022d8                _fflush_r
 .text.fflush   0x0040232c       0x24 s:/program files (x86)/atmel/studio/7.0/toolchain/arm/arm-gnu-toolchain/bin/../lib/gcc/arm-none-eabi/6.3.1/../../../../arm-none-eabi/lib/thumb/v7e-m\libc.a(lib_a-fflush.o)
                0x0040232c                fflush
 .text._cleanup_r
                0x00402350        0xc s:/program files (x86)/atmel/studio/7.0/toolchain/arm/arm-gnu-toolchain/bin/../lib/gcc/arm-none-eabi/6.3.1/../../../../arm-none-eabi/lib/thumb/v7e-m\libc.a(lib_a-findfp.o)
                0x00402350                _cleanup_r
 .text.std.isra.0
                0x0040235c       0x50 s:/program files (x86)/atmel/studio/7.0/toolchain/arm/arm-gnu-toolchain/bin/../lib/gcc/arm-none-eabi/6.3.1/../../../../arm-none-eabi/lib/thumb/v7e-m\libc.a(lib_a-findfp.o)
 .text.__sinit  0x004023ac       0x58 s:/program files (x86)/atmel/studio/7.0/toolchain/arm/arm-gnu-toolchain/bin/../lib/gcc/arm-none-eabi/6.3.1/../../../../arm-none-eabi/lib/thumb/v7e-m\libc.a(lib_a-findfp.o)
                0x004023ac                __sinit
 .text.__sfp_lock_acquire
                0x00402404        0xc s:/program files (x86)/atmel/studio/7.0/toolchain/arm/arm-gnu-toolchain/bin/../lib/gcc/arm-none-eabi/6.3.1/../../../../arm-none-eabi/lib/thumb/v7e-m\libc.a(lib_a-findfp.o)
                0x00402404                __sfp_lock_acquire
 .text.__sfp_lock_release
                0x00402410        0xc s:/program files (x86)/atmel/studio/7.0/toolchain/arm/arm-gnu-toolchain/bin/../lib/gcc/arm-none-eabi/6.3.1/../../../../arm-none-eabi/lib/thumb/v7e-m\libc.a(lib_a-findfp.o)
                0x00402410                __sfp_lock_release
 .text.__libc_fini_array
                0x0040241c       0x34 s:/program files (x86)/atmel/studio/7.0/toolchain/arm/arm-gnu-toolchain/bin/../lib/gcc/arm-none-eabi/6.3.1/../../../../arm-none-eabi/lib/thumb/v7e-m\libc.a(lib_a-fini.o)
                0x0040241c                __libc_fini_array
 .text.__fputwc
                0x00402450       0xa0 s:/program files (x86)/atmel/studio/7.0/toolchain/arm/arm-gnu-toolchain/bin/../lib/gcc/arm-none-eabi/6.3.1/../../../../arm-none-eabi/lib/thumb/v7e-m\libc.a(lib_a-fputwc.o)
                0x00402450                __fputwc
 .text._fputwc_r
                0x004024f0       0x68 s:/program files (x86)/atmel/studio/7.0/toolchain/arm/arm-gnu-toolchain/bin/../lib/gcc/arm-none-eabi/6.3.1/../../../../arm-none-eabi/lib/thumb/v7e-m\libc.a(lib_a-fputwc.o)
                0x004024f0                _fputwc_r
 .text._malloc_trim_r
                0x00402558       0xa0 s:/program files (x86)/atmel/studio/7.0/toolchain/arm/arm-gnu-toolchain/bin/../lib/gcc/arm-none-eabi/6.3.1/../../../../arm-none-eabi/lib/thumb/v7e-m\libc.a(lib_a-freer.o)
                0x00402558                _malloc_trim_r
 .text._free_r  0x004025f8      0x1cc s:/program files (x86)/atmel/studio/7.0/toolchain/arm/arm-gnu-toolchain/bin/../lib/gcc/arm-none-eabi/6.3.1/../../../../arm-none-eabi/lib/thumb/v7e-m\libc.a(lib_a-freer.o)
                0x004025f8                _free_r
 .text.__sfvwrite_r
                0x004027c4      0x2f0 s:/program files (x86)/atmel/studio/7.0/toolchain/arm/arm-gnu-toolchain/bin/../lib/gcc/arm-none-eabi/6.3.1/../../../../arm-none-eabi/lib/thumb/v7e-m\libc.a(lib_a-fvwrite.o)
                0x004027c4                __sfvwrite_r
 .text._fwalk   0x00402ab4       0x4c s:/program files (x86)/atmel/studio/7.0/toolchain/arm/arm-gnu-toolchain/bin/../lib/gcc/arm-none-eabi/6.3.1/../../../../arm-none-eabi/lib/thumb/v7e-m\libc.a(lib_a-fwalk.o)
                0x00402ab4                _fwalk
 .text._fwalk_reent
                0x00402b00       0x54 s:/program files (x86)/atmel/studio/7.0/toolchain/arm/arm-gnu-toolchain/bin/../lib/gcc/arm-none-eabi/6.3.1/../../../../arm-none-eabi/lib/thumb/v7e-m\libc.a(lib_a-fwalk.o)
                0x00402b00                _fwalk_reent
 .text.__locale_mb_cur_max
                0x00402b54       0x1c s:/program files (x86)/atmel/studio/7.0/toolchain/arm/arm-gnu-toolchain/bin/../lib/gcc/arm-none-eabi/6.3.1/../../../../arm-none-eabi/lib/thumb/v7e-m\libc.a(lib_a-locale.o)
                0x00402b54                __locale_mb_cur_max
 .text.__retarget_lock_init_recursive
                0x00402b70        0x4 s:/program files (x86)/atmel/studio/7.0/toolchain/arm/arm-gnu-toolchain/bin/../lib/gcc/arm-none-eabi/6.3.1/../../../../arm-none-eabi/lib/thumb/v7e-m\libc.a(lib_a-lock.o)
                0x00402b70                __retarget_lock_init_recursive
 .text.__retarget_lock_close_recursive
                0x00402b74        0x4 s:/program files (x86)/atmel/studio/7.0/toolchain/arm/arm-gnu-toolchain/bin/../lib/gcc/arm-none-eabi/6.3.1/../../../../arm-none-eabi/lib/thumb/v7e-m\libc.a(lib_a-lock.o)
                0x00402b74                __retarget_lock_close_recursive
 .text.__retarget_lock_acquire_recursive
                0x00402b78        0x4 s:/program files (x86)/atmel/studio/7.0/toolchain/arm/arm-gnu-toolchain/bin/../lib/gcc/arm-none-eabi/6.3.1/../../../../arm-none-eabi/lib/thumb/v7e-m\libc.a(lib_a-lock.o)
                0x00402b78                __retarget_lock_acquire_recursive
 .text.__retarget_lock_release_recursive
                0x00402b7c        0x4 s:/program files (x86)/atmel/studio/7.0/toolchain/arm/arm-gnu-toolchain/bin/../lib/gcc/arm-none-eabi/6.3.1/../../../../arm-none-eabi/lib/thumb/v7e-m\libc.a(lib_a-lock.o)
                0x00402b7c                __retarget_lock_release_recursive
 .text.__swhatbuf_r
                0x00402b80       0x5c s:/program files (x86)/atmel/studio/7.0/toolchain/arm/arm-gnu-toolchain/bin/../lib/gcc/arm-none-eabi/6.3.1/../../../../arm-none-eabi/lib/thumb/v7e-m\libc.a(lib_a-makebuf.o)
                0x00402b80                __swhatbuf_r
 .text.__smakebuf_r
                0x00402bdc       0x94 s:/program files (x86)/atmel/studio/7.0/toolchain/arm/arm-gnu-toolchain/bin/../lib/gcc/arm-none-eabi/6.3.1/../../../../arm-none-eabi/lib/thumb/v7e-m\libc.a(lib_a-makebuf.o)
                0x00402bdc                __smakebuf_r
 .text.malloc   0x00402c70       0x10 s:/program files (x86)/atmel/studio/7.0/toolchain/arm/arm-gnu-toolchain/bin/../lib/gcc/arm-none-eabi/6.3.1/../../../../arm-none-eabi/lib/thumb/v7e-m\libc.a(lib_a-malloc.o)
                0x00402c70                malloc
 .text._malloc_r
                0x00402c80      0x560 s:/program files (x86)/atmel/studio/7.0/toolchain/arm/arm-gnu-toolchain/bin/../lib/gcc/arm-none-eabi/6.3.1/../../../../arm-none-eabi/lib/thumb/v7e-m\libc.a(lib_a-mallocr.o)
                0x00402c80                _malloc_r
 .text.__ascii_mbtowc
                0x004031e0       0x2c s:/program files (x86)/atmel/studio/7.0/toolchain/arm/arm-gnu-toolchain/bin/../lib/gcc/arm-none-eabi/6.3.1/../../../../arm-none-eabi/lib/thumb/v7e-m\libc.a(lib_a-mbtowc_r.o)
                0x004031e0                __ascii_mbtowc
 *fill*         0x0040320c        0x4 
 .text          0x00403210       0xa0 s:/program files (x86)/atmel/studio/7.0/toolchain/arm/arm-gnu-toolchain/bin/../lib/gcc/arm-none-eabi/6.3.1/../../../../arm-none-eabi/lib/thumb/v7e-m\libc.a(lib_a-memchr.o)
                0x00403210                memchr
 .text          0x004032b0      0x134 s:/program files (x86)/atmel/studio/7.0/toolchain/arm/arm-gnu-toolchain/bin/../lib/gcc/arm-none-eabi/6.3.1/../../../../arm-none-eabi/lib/thumb/v7e-m\libc.a(lib_a-memcpy.o)
                0x004032b0                memcpy
 .text.memmove  0x004033e4       0xc8 s:/program files (x86)/atmel/studio/7.0/toolchain/arm/arm-gnu-toolchain/bin/../lib/gcc/arm-none-eabi/6.3.1/../../../../arm-none-eabi/lib/thumb/v7e-m\libc.a(lib_a-memmove.o)
                0x004033e4                memmove
 .text.__malloc_lock
                0x004034ac        0xc s:/program files (x86)/atmel/studio/7.0/toolchain/arm/arm-gnu-toolchain/bin/../lib/gcc/arm-none-eabi/6.3.1/../../../../arm-none-eabi/lib/thumb/v7e-m\libc.a(lib_a-mlock.o)
                0x004034ac                __malloc_lock
 .text.__malloc_unlock
                0x004034b8        0xc s:/program files (x86)/atmel/studio/7.0/toolchain/arm/arm-gnu-toolchain/bin/../lib/gcc/arm-none-eabi/6.3.1/../../../../arm-none-eabi/lib/thumb/v7e-m\libc.a(lib_a-mlock.o)
                0x004034b8                __malloc_unlock
 .text._realloc_r
                0x004034c4      0x34c s:/program files (x86)/atmel/studio/7.0/toolchain/arm/arm-gnu-toolchain/bin/../lib/gcc/arm-none-eabi/6.3.1/../../../../arm-none-eabi/lib/thumb/v7e-m\libc.a(lib_a-reallocr.o)
                0x004034c4                _realloc_r
 .text.lflush   0x00403810       0x14 s:/program files (x86)/atmel/studio/7.0/toolchain/arm/arm-gnu-toolchain/bin/../lib/gcc/arm-none-eabi/6.3.1/../../../../arm-none-eabi/lib/thumb/v7e-m\libc.a(lib_a-refill.o)
 .text.__srefill_r
                0x00403824      0x114 s:/program files (x86)/atmel/studio/7.0/toolchain/arm/arm-gnu-toolchain/bin/../lib/gcc/arm-none-eabi/6.3.1/../../../../arm-none-eabi/lib/thumb/v7e-m\libc.a(lib_a-refill.o)
                0x00403824                __srefill_r
 .text._sbrk_r  0x00403938       0x24 s:/program files (x86)/atmel/studio/7.0/toolchain/arm/arm-gnu-toolchain/bin/../lib/gcc/arm-none-eabi/6.3.1/../../../../arm-none-eabi/lib/thumb/v7e-m\libc.a(lib_a-sbrkr.o)
                0x00403938                _sbrk_r
 .text.__sread  0x0040395c       0x24 s:/program files (x86)/atmel/studio/7.0/toolchain/arm/arm-gnu-toolchain/bin/../lib/gcc/arm-none-eabi/6.3.1/../../../../arm-none-eabi/lib/thumb/v7e-m\libc.a(lib_a-stdio.o)
                0x0040395c                __sread
 .text.__swrite
                0x00403980       0x3c s:/program files (x86)/atmel/studio/7.0/toolchain/arm/arm-gnu-toolchain/bin/../lib/gcc/arm-none-eabi/6.3.1/../../../../arm-none-eabi/lib/thumb/v7e-m\libc.a(lib_a-stdio.o)
                0x00403980                __swrite
 .text.__sseek  0x004039bc       0x20 s:/program files (x86)/atmel/studio/7.0/toolchain/arm/arm-gnu-toolchain/bin/../lib/gcc/arm-none-eabi/6.3.1/../../../../arm-none-eabi/lib/thumb/v7e-m\libc.a(lib_a-stdio.o)
                0x004039bc                __sseek
 .text.__sclose
                0x004039dc        0x8 s:/program files (x86)/atmel/studio/7.0/toolchain/arm/arm-gnu-toolchain/bin/../lib/gcc/arm-none-eabi/6.3.1/../../../../arm-none-eabi/lib/thumb/v7e-m\libc.a(lib_a-stdio.o)
                0x004039dc                __sclose
 .text.__swbuf_r
                0x004039e4       0xb0 s:/program files (x86)/atmel/studio/7.0/toolchain/arm/arm-gnu-toolchain/bin/../lib/gcc/arm-none-eabi/6.3.1/../../../../arm-none-eabi/lib/thumb/v7e-m\libc.a(lib_a-wbuf.o)
                0x004039e4                __swbuf_r
 .text._wcrtomb_r
                0x00403a94       0x54 s:/program files (x86)/atmel/studio/7.0/toolchain/arm/arm-gnu-toolchain/bin/../lib/gcc/arm-none-eabi/6.3.1/../../../../arm-none-eabi/lib/thumb/v7e-m\libc.a(lib_a-wcrtomb.o)
                0x00403a94                _wcrtomb_r
 .text.__ascii_wctomb
                0x00403ae8       0x1c s:/program files (x86)/atmel/studio/7.0/toolchain/arm/arm-gnu-toolchain/bin/../lib/gcc/arm-none-eabi/6.3.1/../../../../arm-none-eabi/lib/thumb/v7e-m\libc.a(lib_a-wctomb_r.o)
                0x00403ae8                __ascii_wctomb
 .text._write_r
                0x00403b04       0x2c s:/program files (x86)/atmel/studio/7.0/toolchain/arm/arm-gnu-toolchain/bin/../lib/gcc/arm-none-eabi/6.3.1/../../../../arm-none-eabi/lib/thumb/v7e-m\libc.a(lib_a-writer.o)
                0x00403b04                _write_r
 .text.__register_exitproc
                0x00403b30       0xc4 s:/program files (x86)/atmel/studio/7.0/toolchain/arm/arm-gnu-toolchain/bin/../lib/gcc/arm-none-eabi/6.3.1/../../../../arm-none-eabi/lib/thumb/v7e-m\libc.a(lib_a-__atexit.o)
                0x00403b30                __register_exitproc
 .text._close_r
                0x00403bf4       0x24 s:/program files (x86)/atmel/studio/7.0/toolchain/arm/arm-gnu-toolchain/bin/../lib/gcc/arm-none-eabi/6.3.1/../../../../arm-none-eabi/lib/thumb/v7e-m\libc.a(lib_a-closer.o)
                0x00403bf4                _close_r
 .text._fclose_r
                0x00403c18       0xc4 s:/program files (x86)/atmel/studio/7.0/toolchain/arm/arm-gnu-toolchain/bin/../lib/gcc/arm-none-eabi/6.3.1/../../../../arm-none-eabi/lib/thumb/v7e-m\libc.a(lib_a-fclose.o)
                0x00403c18                _fclose_r
 .text._fstat_r
                0x00403cdc       0x28 s:/program files (x86)/atmel/studio/7.0/toolchain/arm/arm-gnu-toolchain/bin/../lib/gcc/arm-none-eabi/6.3.1/../../../../arm-none-eabi/lib/thumb/v7e-m\libc.a(lib_a-fstatr.o)
                0x00403cdc                _fstat_r
 .text._isatty_r
                0x00403d04       0x24 s:/program files (x86)/atmel/studio/7.0/toolchain/arm/arm-gnu-toolchain/bin/../lib/gcc/arm-none-eabi/6.3.1/../../../../arm-none-eabi/lib/thumb/v7e-m\libc.a(lib_a-isattyr.o)
                0x00403d04                _isatty_r
 .text._lseek_r
                0x00403d28       0x2c s:/program files (x86)/atmel/studio/7.0/toolchain/arm/arm-gnu-toolchain/bin/../lib/gcc/arm-none-eabi/6.3.1/../../../../arm-none-eabi/lib/thumb/v7e-m\libc.a(lib_a-lseekr.o)
                0x00403d28                _lseek_r
 .text._read_r  0x00403d54       0x2c s:/program files (x86)/atmel/studio/7.0/toolchain/arm/arm-gnu-toolchain/bin/../lib/gcc/arm-none-eabi/6.3.1/../../../../arm-none-eabi/lib/thumb/v7e-m\libc.a(lib_a-readr.o)
                0x00403d54                _read_r
 .text          0x00403d80       0x30 s:/program files (x86)/atmel/studio/7.0/toolchain/arm/arm-gnu-toolchain/bin/../lib/gcc/arm-none-eabi/6.3.1/thumb/v7e-m\libgcc.a(_aeabi_uldivmod.o)
                0x00403d80                __aeabi_uldivmod
 .text          0x00403db0      0x2dc s:/program files (x86)/atmel/studio/7.0/toolchain/arm/arm-gnu-toolchain/bin/../lib/gcc/arm-none-eabi/6.3.1/thumb/v7e-m\libgcc.a(_udivmoddi4.o)
                0x00403db0                __udivmoddi4
 .text          0x0040408c        0x4 s:/program files (x86)/atmel/studio/7.0/toolchain/arm/arm-gnu-toolchain/bin/../lib/gcc/arm-none-eabi/6.3.1/thumb/v7e-m\libgcc.a(_dvmd_tls.o)
                0x0040408c                __aeabi_idiv0
                0x0040408c                __aeabi_ldiv0
 *(.glue_7t)
 .glue_7t       0x00404090        0x0 linker stubs
 *(.glue_7)
 .glue_7        0x00404090        0x0 linker stubs
 *(.rodata .rodata* .gnu.linkonce.r.*)
 .rodata.main.str1.4
                0x00404090      0x115 src/main.o
 *fill*         0x004041a5        0x3 
 .rodata._global_impure_ptr
                0x004041a8        0x4 s:/program files (x86)/atmel/studio/7.0/toolchain/arm/arm-gnu-toolchain/bin/../lib/gcc/arm-none-eabi/6.3.1/../../../../arm-none-eabi/lib/thumb/v7e-m\libc.a(lib_a-impure.o)
                0x004041a8                _global_impure_ptr
 .rodata._puts_r.str1.4
                0x004041ac        0x2 s:/program files (x86)/atmel/studio/7.0/toolchain/arm/arm-gnu-toolchain/bin/../lib/gcc/arm-none-eabi/6.3.1/../../../../arm-none-eabi/lib/thumb/v7e-m\libc.a(lib_a-puts.o)
 *fill*         0x004041ae        0x2 
 .rodata._vfiprintf_r.str1.4
                0x004041b0       0x2f s:/program files (x86)/atmel/studio/7.0/toolchain/arm/arm-gnu-toolchain/bin/../lib/gcc/arm-none-eabi/6.3.1/../../../../arm-none-eabi/lib/thumb/v7e-m\libc.a(lib_a-vfiprintf.o)
 *fill*         0x004041df        0x1 
 .rodata.blanks.7217
                0x004041e0       0x10 s:/program files (x86)/atmel/studio/7.0/toolchain/arm/arm-gnu-toolchain/bin/../lib/gcc/arm-none-eabi/6.3.1/../../../../arm-none-eabi/lib/thumb/v7e-m\libc.a(lib_a-vfiprintf.o)
 .rodata.zeroes.7218
                0x004041f0       0x10 s:/program files (x86)/atmel/studio/7.0/toolchain/arm/arm-gnu-toolchain/bin/../lib/gcc/arm-none-eabi/6.3.1/../../../../arm-none-eabi/lib/thumb/v7e-m\libc.a(lib_a-vfiprintf.o)
 .rodata._setlocale_r.str1.4
                0x00404200        0xa s:/program files (x86)/atmel/studio/7.0/toolchain/arm/arm-gnu-toolchain/bin/../lib/gcc/arm-none-eabi/6.3.1/../../../../arm-none-eabi/lib/thumb/v7e-m\libc.a(lib_a-locale.o)
                                  0xd (size before relaxing)
 *fill*         0x0040420a        0x2 
 .rodata.str1.4
                0x0040420c        0x4 s:/program files (x86)/atmel/studio/7.0/toolchain/arm/arm-gnu-toolchain/bin/../lib/gcc/arm-none-eabi/6.3.1/../../../../arm-none-eabi/lib/thumb/v7e-m\libc.a(lib_a-locale.o)
                                  0x2 (size before relaxing)
 .rodata._ctype_
                0x00404210      0x101 s:/program files (x86)/atmel/studio/7.0/toolchain/arm/arm-gnu-toolchain/bin/../lib/gcc/arm-none-eabi/6.3.1/../../../../arm-none-eabi/lib/thumb/v7e-m\libc.a(lib_a-ctype_.o)
                0x00404210                _ctype_
 *(.ARM.extab* .gnu.linkonce.armextab.*)
                0x00404314                . = ALIGN (0x4)
 *fill*         0x00404311        0x3 
 *(.init)
 .init          0x00404314        0x4 s:/program files (x86)/atmel/studio/7.0/toolchain/arm/arm-gnu-toolchain/bin/../lib/gcc/arm-none-eabi/6.3.1/thumb/v7e-m/crti.o
                0x00404314                _init
 .init          0x00404318        0x8 s:/program files (x86)/atmel/studio/7.0/toolchain/arm/arm-gnu-toolchain/bin/../lib/gcc/arm-none-eabi/6.3.1/thumb/v7e-m/crtn.o
                0x00404320                . = ALIGN (0x4)
                0x00404320                __preinit_array_start = .
 *(.preinit_array)
                0x00404320                __preinit_array_end = .
                0x00404320                . = ALIGN (0x4)
                0x00404320                __init_array_start = .
 *(SORT(.init_array.*))
 .init_array.00000
                0x00404320        0x4 s:/program files (x86)/atmel/studio/7.0/toolchain/arm/arm-gnu-toolchain/bin/../lib/gcc/arm-none-eabi/6.3.1/../../../../arm-none-eabi/lib/thumb/v7e-m\libc.a(lib_a-__call_atexit.o)
 *(.init_array)
 .init_array    0x00404324        0x4 s:/program files (x86)/atmel/studio/7.0/toolchain/arm/arm-gnu-toolchain/bin/../lib/gcc/arm-none-eabi/6.3.1/thumb/v7e-m/crtbegin.o
                0x00404328                __init_array_end = .
                0x00404328                . = ALIGN (0x4)
 *crtbegin.o(.ctors)
 *(EXCLUDE_FILE(*crtend.o) .ctors)
 *(SORT(.ctors.*))
 *crtend.o(.ctors)
                0x00404328                . = ALIGN (0x4)
 *(.fini)
 .fini          0x00404328        0x4 s:/program files (x86)/atmel/studio/7.0/toolchain/arm/arm-gnu-toolchain/bin/../lib/gcc/arm-none-eabi/6.3.1/thumb/v7e-m/crti.o
                0x00404328                _fini
 .fini          0x0040432c        0x8 s:/program files (x86)/atmel/studio/7.0/toolchain/arm/arm-gnu-toolchain/bin/../lib/gcc/arm-none-eabi/6.3.1/thumb/v7e-m/crtn.o
                0x00404334                . = ALIGN (0x4)
                0x00404334                __fini_array_start = .
 *(.fini_array)
 .fini_array    0x00404334        0x4 s:/program files (x86)/atmel/studio/7.0/toolchain/arm/arm-gnu-toolchain/bin/../lib/gcc/arm-none-eabi/6.3.1/thumb/v7e-m/crtbegin.o
 *(SORT(.fini_array.*))
                0x00404338                __fini_array_end = .
 *crtbegin.o(.dtors)
 *(EXCLUDE_FILE(*crtend.o) .dtors)
 *(SORT(.dtors.*))
 *crtend.o(.dtors)
                0x00404338                . = ALIGN (0x4)
                0x00404338                _efixed = .
                [!provide]                PROVIDE (__exidx_start, .)

.vfp11_veneer   0x00404338        0x0
 .vfp11_veneer  0x00404338        0x0 linker stubs

.v4_bx          0x00404338        0x0
 .v4_bx         0x00404338        0x0 linker stubs

.iplt           0x00404338        0x0
 .iplt          0x00404338        0x0 s:/program files (x86)/atmel/studio/7.0/toolchain/arm/arm-gnu-toolchain/bin/../lib/gcc/arm-none-eabi/6.3.1/thumb/v7e-m/crtbegin.o

.ARM.exidx      0x00404338        0x8
 *(.ARM.exidx* .gnu.linkonce.armexidx.*)
 .ARM.exidx     0x00404338        0x8 s:/program files (x86)/atmel/studio/7.0/toolchain/arm/arm-gnu-toolchain/bin/../lib/gcc/arm-none-eabi/6.3.1/thumb/v7e-m\libgcc.a(_udivmoddi4.o)
                [!provide]                PROVIDE (__exidx_end, .)

.eh_frame       0x00404340        0x0
 .eh_frame      0x00404340        0x0 s:/program files (x86)/atmel/studio/7.0/toolchain/arm/arm-gnu-toolchain/bin/../lib/gcc/arm-none-eabi/6.3.1/thumb/v7e-m/crtbegin.o

.rel.dyn        0x00404340        0x0
 .rel.iplt      0x00404340        0x0 s:/program files (x86)/atmel/studio/7.0/toolchain/arm/arm-gnu-toolchain/bin/../lib/gcc/arm-none-eabi/6.3.1/thumb/v7e-m/crtbegin.o

.jcr            0x00404340        0x0
 .jcr           0x00404340        0x0 s:/program files (x86)/atmel/studio/7.0/toolchain/arm/arm-gnu-toolchain/bin/../lib/gcc/arm-none-eabi/6.3.1/thumb/v7e-m/crtbegin.o

.igot.plt       0x00404340        0x0
 .igot.plt      0x00404340        0x0 s:/program files (x86)/atmel/studio/7.0/toolchain/arm/arm-gnu-toolchain/bin/../lib/gcc/arm-none-eabi/6.3.1/thumb/v7e-m/crtbegin.o
                0x00404340                . = ALIGN (0x4)
                0x00404340                _etext = .

.relocate       0x20000000      0x9c0 load address 0x00404340
                0x20000000                . = ALIGN (0x4)
                0x20000000                _srelocate = .
 *(.ramfunc .ramfunc.*)
 *(.data .data.*)
 .data.SystemCoreClock
                0x20000000        0x4 src/ASF/sam/utils/cmsis/sam4s/source/templates/system_sam4s.o
                0x20000000                SystemCoreClock
 .data.usart_options.8472
                0x20000004       0x10 src/main.o
 .data._impure_ptr
                0x20000014        0x4 s:/program files (x86)/atmel/studio/7.0/toolchain/arm/arm-gnu-toolchain/bin/../lib/gcc/arm-none-eabi/6.3.1/../../../../arm-none-eabi/lib/thumb/v7e-m\libc.a(lib_a-impure.o)
                0x20000014                _impure_ptr
 .data.impure_data
                0x20000018      0x428 s:/program files (x86)/atmel/studio/7.0/toolchain/arm/arm-gnu-toolchain/bin/../lib/gcc/arm-none-eabi/6.3.1/../../../../arm-none-eabi/lib/thumb/v7e-m\libc.a(lib_a-impure.o)
 .data.__atexit_recursive_mutex
                0x20000440        0x4 s:/program files (x86)/atmel/studio/7.0/toolchain/arm/arm-gnu-toolchain/bin/../lib/gcc/arm-none-eabi/6.3.1/../../../../arm-none-eabi/lib/thumb/v7e-m\libc.a(lib_a-__call_atexit.o)
                0x20000440                __atexit_recursive_mutex
 .data.__global_locale
                0x20000444      0x16c s:/program files (x86)/atmel/studio/7.0/toolchain/arm/arm-gnu-toolchain/bin/../lib/gcc/arm-none-eabi/6.3.1/../../../../arm-none-eabi/lib/thumb/v7e-m\libc.a(lib_a-locale.o)
                0x20000444                __global_locale
 .data.__malloc_av_
                0x200005b0      0x408 s:/program files (x86)/atmel/studio/7.0/toolchain/arm/arm-gnu-toolchain/bin/../lib/gcc/arm-none-eabi/6.3.1/../../../../arm-none-eabi/lib/thumb/v7e-m\libc.a(lib_a-mallocr.o)
                0x200005b0                __malloc_av_
 .data.__malloc_sbrk_base
                0x200009b8        0x4 s:/program files (x86)/atmel/studio/7.0/toolchain/arm/arm-gnu-toolchain/bin/../lib/gcc/arm-none-eabi/6.3.1/../../../../arm-none-eabi/lib/thumb/v7e-m\libc.a(lib_a-mallocr.o)
                0x200009b8                __malloc_sbrk_base
 .data.__malloc_trim_threshold
                0x200009bc        0x4 s:/program files (x86)/atmel/studio/7.0/toolchain/arm/arm-gnu-toolchain/bin/../lib/gcc/arm-none-eabi/6.3.1/../../../../arm-none-eabi/lib/thumb/v7e-m\libc.a(lib_a-mallocr.o)
                0x200009bc                __malloc_trim_threshold
                0x200009c0                . = ALIGN (0x4)
                0x200009c0                _erelocate = .

.bss            0x200009c0      0x100 load address 0x00404d00
                0x200009c0                . = ALIGN (0x4)
                0x200009c0                _sbss = .
                0x200009c0                _szero = .
 *(.bss .bss.*)
 .bss           0x200009c0       0x1c s:/program files (x86)/atmel/studio/7.0/toolchain/arm/arm-gnu-toolchain/bin/../lib/gcc/arm-none-eabi/6.3.1/thumb/v7e-m/crtbegin.o
 .bss.gs_interrupt_sources
                0x200009dc       0x70 src/ASF/sam/drivers/pio/pio_handler.o
 .bss.pio_capture_handler
                0x20000a4c        0x4 src/ASF/sam/drivers/pio/pio_handler.o
 .bss.heap.5297
                0x20000a50        0x4 src/ASF/sam/utils/syscalls/gcc/syscalls.o
 .bss.__malloc_current_mallinfo
                0x20000a54       0x28 s:/program files (x86)/atmel/studio/7.0/toolchain/arm/arm-gnu-toolchain/bin/../lib/gcc/arm-none-eabi/6.3.1/../../../../arm-none-eabi/lib/thumb/v7e-m\libc.a(lib_a-mallocr.o)
                0x20000a54                __malloc_current_mallinfo
 .bss.__malloc_max_sbrked_mem
                0x20000a7c        0x4 s:/program files (x86)/atmel/studio/7.0/toolchain/arm/arm-gnu-toolchain/bin/../lib/gcc/arm-none-eabi/6.3.1/../../../../arm-none-eabi/lib/thumb/v7e-m\libc.a(lib_a-mallocr.o)
                0x20000a7c                __malloc_max_sbrked_mem
 .bss.__malloc_max_total_mem
                0x20000a80        0x4 s:/program files (x86)/atmel/studio/7.0/toolchain/arm/arm-gnu-toolchain/bin/../lib/gcc/arm-none-eabi/6.3.1/../../../../arm-none-eabi/lib/thumb/v7e-m\libc.a(lib_a-mallocr.o)
                0x20000a80                __malloc_max_total_mem
 .bss.__malloc_top_pad
                0x20000a84        0x4 s:/program files (x86)/atmel/studio/7.0/toolchain/arm/arm-gnu-toolchain/bin/../lib/gcc/arm-none-eabi/6.3.1/../../../../arm-none-eabi/lib/thumb/v7e-m\libc.a(lib_a-mallocr.o)
                0x20000a84                __malloc_top_pad
 *(COMMON)
 COMMON         0x20000a88        0x4 src/ASF/common/utils/stdio/read.o
                0x20000a88                ptr_get
 COMMON         0x20000a8c        0x8 src/ASF/common/utils/stdio/write.o
                0x20000a8c                ptr_put
                0x20000a90                stdio_base
 COMMON         0x20000a94        0x4 src/ASF/sam/drivers/pio/pio.o
                0x20000a94                pio_capture_enable_flag
 COMMON         0x20000a98       0x21 s:/program files (x86)/atmel/studio/7.0/toolchain/arm/arm-gnu-toolchain/bin/../lib/gcc/arm-none-eabi/6.3.1/../../../../arm-none-eabi/lib/thumb/v7e-m\libc.a(lib_a-lock.o)
                0x20000a98                __lock___atexit_recursive_mutex
                0x20000a9c                __lock___arc4random_mutex
                0x20000aa0                __lock___env_recursive_mutex
                0x20000aa4                __lock___sinit_recursive_mutex
                0x20000aa8                __lock___malloc_recursive_mutex
                0x20000aac                __lock___at_quick_exit_mutex
                0x20000ab0                __lock___dd_hash_mutex
                0x20000ab4                __lock___tz_mutex
                0x20000ab8                __lock___sfp_recursive_mutex
 *fill*         0x20000ab9        0x3 
 COMMON         0x20000abc        0x4 s:/program files (x86)/atmel/studio/7.0/toolchain/arm/arm-gnu-toolchain/bin/../lib/gcc/arm-none-eabi/6.3.1/../../../../arm-none-eabi/lib/thumb/v7e-m\libc.a(lib_a-reent.o)
                0x20000abc                errno
                0x20000ac0                . = ALIGN (0x4)
                0x20000ac0                _ebss = .
                0x20000ac0                _ezero = .

.stack          0x20000ac0     0x3000 load address 0x00404e00
                0x20000ac0                . = ALIGN (0x8)
                0x20000ac0                _sstack = .
                0x20003ac0                . = (. + __stack_size__)
 *fill*         0x20000ac0     0x3000 
                0x20003ac0                . = ALIGN (0x8)
                0x20003ac0                _estack = .
                0x20003ac0                . = ALIGN (0x4)
                0x20003ac0                _end = .
OUTPUT(UART_console.elf elf32-littlearm)

.ARM.attributes
                0x00000000       0x2a
 .ARM.attributes
                0x00000000       0x1e s:/program files (x86)/atmel/studio/7.0/toolchain/arm/arm-gnu-toolchain/bin/../lib/gcc/arm-none-eabi/6.3.1/thumb/v7e-m/crti.o
 .ARM.attributes
                0x0000001e       0x2e s:/program files (x86)/atmel/studio/7.0/toolchain/arm/arm-gnu-toolchain/bin/../lib/gcc/arm-none-eabi/6.3.1/thumb/v7e-m/crtbegin.o
 .ARM.attributes
                0x0000004c       0x33 src/ASF/common/utils/stdio/read.o
 .ARM.attributes
                0x0000007f       0x33 src/ASF/common/utils/stdio/write.o
 .ARM.attributes
                0x000000b2       0x33 src/ASF/sam/drivers/usart/usart.o
 .ARM.attributes
                0x000000e5       0x33 src/ASF/sam/drivers/uart/uart.o
 .ARM.attributes
                0x00000118       0x33 src/ASF/common/services/clock/sam4s/sysclk.o
 .ARM.attributes
                0x0000014b       0x33 src/ASF/sam/boards/sam4s_ek2/init.o
 .ARM.attributes
                0x0000017e       0x33 src/ASF/sam/drivers/pio/pio.o
 .ARM.attributes
                0x000001b1       0x33 src/ASF/sam/drivers/pio/pio_handler.o
 .ARM.attributes
                0x000001e4       0x33 src/ASF/sam/drivers/pmc/pmc.o
 .ARM.attributes
                0x00000217       0x33 src/ASF/sam/utils/cmsis/sam4s/source/templates/gcc/startup_sam4s.o
 .ARM.attributes
                0x0000024a       0x33 src/ASF/sam/utils/cmsis/sam4s/source/templates/system_sam4s.o
 .ARM.attributes
                0x0000027d       0x33 src/ASF/sam/utils/syscalls/gcc/syscalls.o
 .ARM.attributes
                0x000002b0       0x33 src/main.o
 .ARM.attributes
                0x000002e3       0x2e s:/program files (x86)/atmel/studio/7.0/toolchain/arm/arm-gnu-toolchain/bin/../lib/gcc/arm-none-eabi/6.3.1/../../../../arm-none-eabi/lib/thumb/v7e-m\libc.a(lib_a-impure.o)
 .ARM.attributes
                0x00000311       0x2e s:/program files (x86)/atmel/studio/7.0/toolchain/arm/arm-gnu-toolchain/bin/../lib/gcc/arm-none-eabi/6.3.1/../../../../arm-none-eabi/lib/thumb/v7e-m\libc.a(lib_a-init.o)
 .ARM.attributes
                0x0000033f       0x2e s:/program files (x86)/atmel/studio/7.0/toolchain/arm/arm-gnu-toolchain/bin/../lib/gcc/arm-none-eabi/6.3.1/../../../../arm-none-eabi/lib/thumb/v7e-m\libc.a(lib_a-iprintf.o)
 .ARM.attributes
                0x0000036d       0x2e s:/program files (x86)/atmel/studio/7.0/toolchain/arm/arm-gnu-toolchain/bin/../lib/gcc/arm-none-eabi/6.3.1/../../../../arm-none-eabi/lib/thumb/v7e-m\libc.a(lib_a-memset.o)
 .ARM.attributes
                0x0000039b       0x2e s:/program files (x86)/atmel/studio/7.0/toolchain/arm/arm-gnu-toolchain/bin/../lib/gcc/arm-none-eabi/6.3.1/../../../../arm-none-eabi/lib/thumb/v7e-m\libc.a(lib_a-puts.o)
 .ARM.attributes
                0x000003c9       0x2e s:/program files (x86)/atmel/studio/7.0/toolchain/arm/arm-gnu-toolchain/bin/../lib/gcc/arm-none-eabi/6.3.1/../../../../arm-none-eabi/lib/thumb/v7e-m\libc.a(lib_a-rget.o)
 .ARM.attributes
                0x000003f7       0x2e s:/program files (x86)/atmel/studio/7.0/toolchain/arm/arm-gnu-toolchain/bin/../lib/gcc/arm-none-eabi/6.3.1/../../../../arm-none-eabi/lib/thumb/v7e-m\libc.a(lib_a-setbuf.o)
 .ARM.attributes
                0x00000425       0x2e s:/program files (x86)/atmel/studio/7.0/toolchain/arm/arm-gnu-toolchain/bin/../lib/gcc/arm-none-eabi/6.3.1/../../../../arm-none-eabi/lib/thumb/v7e-m\libc.a(lib_a-setvbuf.o)
 .ARM.attributes
                0x00000453       0x1c s:/program files (x86)/atmel/studio/7.0/toolchain/arm/arm-gnu-toolchain/bin/../lib/gcc/arm-none-eabi/6.3.1/../../../../arm-none-eabi/lib/thumb/v7e-m\libc.a(lib_a-strlen.o)
 .ARM.attributes
                0x0000046f       0x2e s:/program files (x86)/atmel/studio/7.0/toolchain/arm/arm-gnu-toolchain/bin/../lib/gcc/arm-none-eabi/6.3.1/../../../../arm-none-eabi/lib/thumb/v7e-m\libc.a(lib_a-vfiprintf.o)
 .ARM.attributes
                0x0000049d       0x2e s:/program files (x86)/atmel/studio/7.0/toolchain/arm/arm-gnu-toolchain/bin/../lib/gcc/arm-none-eabi/6.3.1/../../../../arm-none-eabi/lib/thumb/v7e-m\libc.a(lib_a-wsetup.o)
 .ARM.attributes
                0x000004cb       0x2e s:/program files (x86)/atmel/studio/7.0/toolchain/arm/arm-gnu-toolchain/bin/../lib/gcc/arm-none-eabi/6.3.1/../../../../arm-none-eabi/lib/thumb/v7e-m\libc.a(lib_a-__call_atexit.o)
 .ARM.attributes
                0x000004f9       0x2e s:/program files (x86)/atmel/studio/7.0/toolchain/arm/arm-gnu-toolchain/bin/../lib/gcc/arm-none-eabi/6.3.1/../../../../arm-none-eabi/lib/thumb/v7e-m\libc.a(lib_a-atexit.o)
 .ARM.attributes
                0x00000527       0x2e s:/program files (x86)/atmel/studio/7.0/toolchain/arm/arm-gnu-toolchain/bin/../lib/gcc/arm-none-eabi/6.3.1/../../../../arm-none-eabi/lib/thumb/v7e-m\libc.a(lib_a-fflush.o)
 .ARM.attributes
                0x00000555       0x2e s:/program files (x86)/atmel/studio/7.0/toolchain/arm/arm-gnu-toolchain/bin/../lib/gcc/arm-none-eabi/6.3.1/../../../../arm-none-eabi/lib/thumb/v7e-m\libc.a(lib_a-findfp.o)
 .ARM.attributes
                0x00000583       0x2e s:/program files (x86)/atmel/studio/7.0/toolchain/arm/arm-gnu-toolchain/bin/../lib/gcc/arm-none-eabi/6.3.1/../../../../arm-none-eabi/lib/thumb/v7e-m\libc.a(lib_a-fini.o)
 .ARM.attributes
                0x000005b1       0x2e s:/program files (x86)/atmel/studio/7.0/toolchain/arm/arm-gnu-toolchain/bin/../lib/gcc/arm-none-eabi/6.3.1/../../../../arm-none-eabi/lib/thumb/v7e-m\libc.a(lib_a-fputwc.o)
 .ARM.attributes
                0x000005df       0x2e s:/program files (x86)/atmel/studio/7.0/toolchain/arm/arm-gnu-toolchain/bin/../lib/gcc/arm-none-eabi/6.3.1/../../../../arm-none-eabi/lib/thumb/v7e-m\libc.a(lib_a-freer.o)
 .ARM.attributes
                0x0000060d       0x2e s:/program files (x86)/atmel/studio/7.0/toolchain/arm/arm-gnu-toolchain/bin/../lib/gcc/arm-none-eabi/6.3.1/../../../../arm-none-eabi/lib/thumb/v7e-m\libc.a(lib_a-fvwrite.o)
 .ARM.attributes
                0x0000063b       0x2e s:/program files (x86)/atmel/studio/7.0/toolchain/arm/arm-gnu-toolchain/bin/../lib/gcc/arm-none-eabi/6.3.1/../../../../arm-none-eabi/lib/thumb/v7e-m\libc.a(lib_a-fwalk.o)
 .ARM.attributes
                0x00000669       0x2e s:/program files (x86)/atmel/studio/7.0/toolchain/arm/arm-gnu-toolchain/bin/../lib/gcc/arm-none-eabi/6.3.1/../../../../arm-none-eabi/lib/thumb/v7e-m\libc.a(lib_a-locale.o)
 .ARM.attributes
                0x00000697       0x2e s:/program files (x86)/atmel/studio/7.0/toolchain/arm/arm-gnu-toolchain/bin/../lib/gcc/arm-none-eabi/6.3.1/../../../../arm-none-eabi/lib/thumb/v7e-m\libc.a(lib_a-lock.o)
 .ARM.attributes
                0x000006c5       0x2e s:/program files (x86)/atmel/studio/7.0/toolchain/arm/arm-gnu-toolchain/bin/../lib/gcc/arm-none-eabi/6.3.1/../../../../arm-none-eabi/lib/thumb/v7e-m\libc.a(lib_a-makebuf.o)
 .ARM.attributes
                0x000006f3       0x2e s:/program files (x86)/atmel/studio/7.0/toolchain/arm/arm-gnu-toolchain/bin/../lib/gcc/arm-none-eabi/6.3.1/../../../../arm-none-eabi/lib/thumb/v7e-m\libc.a(lib_a-malloc.o)
 .ARM.attributes
                0x00000721       0x2e s:/program files (x86)/atmel/studio/7.0/toolchain/arm/arm-gnu-toolchain/bin/../lib/gcc/arm-none-eabi/6.3.1/../../../../arm-none-eabi/lib/thumb/v7e-m\libc.a(lib_a-mallocr.o)
 .ARM.attributes
                0x0000074f       0x2e s:/program files (x86)/atmel/studio/7.0/toolchain/arm/arm-gnu-toolchain/bin/../lib/gcc/arm-none-eabi/6.3.1/../../../../arm-none-eabi/lib/thumb/v7e-m\libc.a(lib_a-mbtowc_r.o)
 .ARM.attributes
                0x0000077d       0x1c s:/program files (x86)/atmel/studio/7.0/toolchain/arm/arm-gnu-toolchain/bin/../lib/gcc/arm-none-eabi/6.3.1/../../../../arm-none-eabi/lib/thumb/v7e-m\libc.a(lib_a-memchr.o)
 .ARM.attributes
                0x00000799       0x1c s:/program files (x86)/atmel/studio/7.0/toolchain/arm/arm-gnu-toolchain/bin/../lib/gcc/arm-none-eabi/6.3.1/../../../../arm-none-eabi/lib/thumb/v7e-m\libc.a(lib_a-memcpy.o)
 .ARM.attributes
                0x000007b5       0x2e s:/program files (x86)/atmel/studio/7.0/toolchain/arm/arm-gnu-toolchain/bin/../lib/gcc/arm-none-eabi/6.3.1/../../../../arm-none-eabi/lib/thumb/v7e-m\libc.a(lib_a-memmove.o)
 .ARM.attributes
                0x000007e3       0x2e s:/program files (x86)/atmel/studio/7.0/toolchain/arm/arm-gnu-toolchain/bin/../lib/gcc/arm-none-eabi/6.3.1/../../../../arm-none-eabi/lib/thumb/v7e-m\libc.a(lib_a-mlock.o)
 .ARM.attributes
                0x00000811       0x2e s:/program files (x86)/atmel/studio/7.0/toolchain/arm/arm-gnu-toolchain/bin/../lib/gcc/arm-none-eabi/6.3.1/../../../../arm-none-eabi/lib/thumb/v7e-m\libc.a(lib_a-reallocr.o)
 .ARM.attributes
                0x0000083f       0x2e s:/program files (x86)/atmel/studio/7.0/toolchain/arm/arm-gnu-toolchain/bin/../lib/gcc/arm-none-eabi/6.3.1/../../../../arm-none-eabi/lib/thumb/v7e-m\libc.a(lib_a-refill.o)
 .ARM.attributes
                0x0000086d       0x2e s:/program files (x86)/atmel/studio/7.0/toolchain/arm/arm-gnu-toolchain/bin/../lib/gcc/arm-none-eabi/6.3.1/../../../../arm-none-eabi/lib/thumb/v7e-m\libc.a(lib_a-sbrkr.o)
 .ARM.attributes
                0x0000089b       0x2e s:/program files (x86)/atmel/studio/7.0/toolchain/arm/arm-gnu-toolchain/bin/../lib/gcc/arm-none-eabi/6.3.1/../../../../arm-none-eabi/lib/thumb/v7e-m\libc.a(lib_a-stdio.o)
 .ARM.attributes
                0x000008c9       0x2e s:/program files (x86)/atmel/studio/7.0/toolchain/arm/arm-gnu-toolchain/bin/../lib/gcc/arm-none-eabi/6.3.1/../../../../arm-none-eabi/lib/thumb/v7e-m\libc.a(lib_a-wbuf.o)
 .ARM.attributes
                0x000008f7       0x2e s:/program files (x86)/atmel/studio/7.0/toolchain/arm/arm-gnu-toolchain/bin/../lib/gcc/arm-none-eabi/6.3.1/../../../../arm-none-eabi/lib/thumb/v7e-m\libc.a(lib_a-wcrtomb.o)
 .ARM.attributes
                0x00000925       0x2e s:/program files (x86)/atmel/studio/7.0/toolchain/arm/arm-gnu-toolchain/bin/../lib/gcc/arm-none-eabi/6.3.1/../../../../arm-none-eabi/lib/thumb/v7e-m\libc.a(lib_a-wctomb_r.o)
 .ARM.attributes
                0x00000953       0x2e s:/program files (x86)/atmel/studio/7.0/toolchain/arm/arm-gnu-toolchain/bin/../lib/gcc/arm-none-eabi/6.3.1/../../../../arm-none-eabi/lib/thumb/v7e-m\libc.a(lib_a-writer.o)
 .ARM.attributes
                0x00000981       0x2e s:/program files (x86)/atmel/studio/7.0/toolchain/arm/arm-gnu-toolchain/bin/../lib/gcc/arm-none-eabi/6.3.1/../../../../arm-none-eabi/lib/thumb/v7e-m\libc.a(lib_a-__atexit.o)
 .ARM.attributes
                0x000009af       0x2e s:/program files (x86)/atmel/studio/7.0/toolchain/arm/arm-gnu-toolchain/bin/../lib/gcc/arm-none-eabi/6.3.1/../../../../arm-none-eabi/lib/thumb/v7e-m\libc.a(lib_a-closer.o)
 .ARM.attributes
                0x000009dd       0x2e s:/program files (x86)/atmel/studio/7.0/toolchain/arm/arm-gnu-toolchain/bin/../lib/gcc/arm-none-eabi/6.3.1/../../../../arm-none-eabi/lib/thumb/v7e-m\libc.a(lib_a-ctype_.o)
 .ARM.attributes
                0x00000a0b       0x2e s:/program files (x86)/atmel/studio/7.0/toolchain/arm/arm-gnu-toolchain/bin/../lib/gcc/arm-none-eabi/6.3.1/../../../../arm-none-eabi/lib/thumb/v7e-m\libc.a(lib_a-fclose.o)
 .ARM.attributes
                0x00000a39       0x2e s:/program files (x86)/atmel/studio/7.0/toolchain/arm/arm-gnu-toolchain/bin/../lib/gcc/arm-none-eabi/6.3.1/../../../../arm-none-eabi/lib/thumb/v7e-m\libc.a(lib_a-fstatr.o)
 .ARM.attributes
                0x00000a67       0x2e s:/program files (x86)/atmel/studio/7.0/toolchain/arm/arm-gnu-toolchain/bin/../lib/gcc/arm-none-eabi/6.3.1/../../../../arm-none-eabi/lib/thumb/v7e-m\libc.a(lib_a-isattyr.o)
 .ARM.attributes
                0x00000a95       0x2e s:/program files (x86)/atmel/studio/7.0/toolchain/arm/arm-gnu-toolchain/bin/../lib/gcc/arm-none-eabi/6.3.1/../../../../arm-none-eabi/lib/thumb/v7e-m\libc.a(lib_a-lseekr.o)
 .ARM.attributes
                0x00000ac3       0x2e s:/program files (x86)/atmel/studio/7.0/toolchain/arm/arm-gnu-toolchain/bin/../lib/gcc/arm-none-eabi/6.3.1/../../../../arm-none-eabi/lib/thumb/v7e-m\libc.a(lib_a-readr.o)
 .ARM.attributes
                0x00000af1       0x2e s:/program files (x86)/atmel/studio/7.0/toolchain/arm/arm-gnu-toolchain/bin/../lib/gcc/arm-none-eabi/6.3.1/../../../../arm-none-eabi/lib/thumb/v7e-m\libc.a(lib_a-reent.o)
 .ARM.attributes
                0x00000b1f       0x1e s:/program files (x86)/atmel/studio/7.0/toolchain/arm/arm-gnu-toolchain/bin/../lib/gcc/arm-none-eabi/6.3.1/thumb/v7e-m\libgcc.a(_aeabi_uldivmod.o)
 .ARM.attributes
                0x00000b3d       0x2e s:/program files (x86)/atmel/studio/7.0/toolchain/arm/arm-gnu-toolchain/bin/../lib/gcc/arm-none-eabi/6.3.1/thumb/v7e-m\libgcc.a(_udivmoddi4.o)
 .ARM.attributes
                0x00000b6b       0x1e s:/program files (x86)/atmel/studio/7.0/toolchain/arm/arm-gnu-toolchain/bin/../lib/gcc/arm-none-eabi/6.3.1/thumb/v7e-m\libgcc.a(_dvmd_tls.o)
 .ARM.attributes
                0x00000b89       0x1e s:/program files (x86)/atmel/studio/7.0/toolchain/arm/arm-gnu-toolchain/bin/../lib/gcc/arm-none-eabi/6.3.1/thumb/v7e-m/crtn.o

.comment        0x00000000       0x59
 .comment       0x00000000       0x59 src/ASF/common/utils/stdio/read.o
                                 0x5a (size before relaxing)
 .comment       0x00000059       0x5a src/ASF/common/utils/stdio/write.o
 .comment       0x00000059       0x5a src/ASF/sam/drivers/usart/usart.o
 .comment       0x00000059       0x5a src/ASF/sam/drivers/uart/uart.o
 .comment       0x00000059       0x5a src/ASF/common/services/clock/sam4s/sysclk.o
 .comment       0x00000059       0x5a src/ASF/sam/boards/sam4s_ek2/init.o
 .comment       0x00000059       0x5a src/ASF/sam/drivers/pio/pio.o
 .comment       0x00000059       0x5a src/ASF/sam/drivers/pio/pio_handler.o
 .comment       0x00000059       0x5a src/ASF/sam/drivers/pmc/pmc.o
 .comment       0x00000059       0x5a src/ASF/sam/utils/cmsis/sam4s/source/templates/gcc/startup_sam4s.o
 .comment       0x00000059       0x5a src/ASF/sam/utils/cmsis/sam4s/source/templates/system_sam4s.o
 .comment       0x00000059       0x5a src/ASF/sam/utils/syscalls/gcc/syscalls.o
 .comment       0x00000059       0x5a src/main.o

.debug_info     0x00000000     0xf46f
 .debug_info    0x00000000      0xac9 src/ASF/common/utils/stdio/read.o
 .debug_info    0x00000ac9      0xac6 src/ASF/common/utils/stdio/write.o
 .debug_info    0x0000158f     0x2060 src/ASF/sam/drivers/usart/usart.o
 .debug_info    0x000035ef     0x1178 src/ASF/sam/drivers/uart/uart.o
 .debug_info    0x00004767     0x10fa src/ASF/common/services/clock/sam4s/sysclk.o
 .debug_info    0x00005861     0x1472 src/ASF/sam/boards/sam4s_ek2/init.o
 .debug_info    0x00006cd3     0x221d src/ASF/sam/drivers/pio/pio.o
 .debug_info    0x00008ef0     0x18e2 src/ASF/sam/drivers/pio/pio_handler.o
 .debug_info    0x0000a7d2     0x19e5 src/ASF/sam/drivers/pmc/pmc.o
 .debug_info    0x0000c1b7      0x6eb src/ASF/sam/utils/cmsis/sam4s/source/templates/gcc/startup_sam4s.o
 .debug_info    0x0000c8a2      0x458 src/ASF/sam/utils/cmsis/sam4s/source/templates/system_sam4s.o
 .debug_info    0x0000ccfa      0xdb0 src/ASF/sam/utils/syscalls/gcc/syscalls.o
 .debug_info    0x0000daaa     0x19c5 src/main.o

.debug_abbrev   0x00000000     0x22ef
 .debug_abbrev  0x00000000      0x1fe src/ASF/common/utils/stdio/read.o
 .debug_abbrev  0x000001fe      0x1e9 src/ASF/common/utils/stdio/write.o
 .debug_abbrev  0x000003e7      0x406 src/ASF/sam/drivers/usart/usart.o
 .debug_abbrev  0x000007ed      0x288 src/ASF/sam/drivers/uart/uart.o
 .debug_abbrev  0x00000a75      0x311 src/ASF/common/services/clock/sam4s/sysclk.o
 .debug_abbrev  0x00000d86      0x26f src/ASF/sam/boards/sam4s_ek2/init.o
 .debug_abbrev  0x00000ff5      0x3ff src/ASF/sam/drivers/pio/pio.o
 .debug_abbrev  0x000013f4      0x368 src/ASF/sam/drivers/pio/pio_handler.o
 .debug_abbrev  0x0000175c      0x315 src/ASF/sam/drivers/pmc/pmc.o
 .debug_abbrev  0x00001a71      0x17c src/ASF/sam/utils/cmsis/sam4s/source/templates/gcc/startup_sam4s.o
 .debug_abbrev  0x00001bed      0x102 src/ASF/sam/utils/cmsis/sam4s/source/templates/system_sam4s.o
 .debug_abbrev  0x00001cef      0x264 src/ASF/sam/utils/syscalls/gcc/syscalls.o
 .debug_abbrev  0x00001f53      0x39c src/main.o

.debug_loc      0x00000000     0x3802
 .debug_loc     0x00000000       0xb3 src/ASF/common/utils/stdio/read.o
 .debug_loc     0x000000b3      0x12b src/ASF/common/utils/stdio/write.o
 .debug_loc     0x000001de      0xe59 src/ASF/sam/drivers/usart/usart.o
 .debug_loc     0x00001037      0x241 src/ASF/sam/drivers/uart/uart.o
 .debug_loc     0x00001278      0x143 src/ASF/common/services/clock/sam4s/sysclk.o
 .debug_loc     0x000013bb       0x5c src/ASF/sam/boards/sam4s_ek2/init.o
 .debug_loc     0x00001417      0xdef src/ASF/sam/drivers/pio/pio.o
 .debug_loc     0x00002206      0x549 src/ASF/sam/drivers/pio/pio_handler.o
 .debug_loc     0x0000274f      0xb91 src/ASF/sam/drivers/pmc/pmc.o
 .debug_loc     0x000032e0       0xa1 src/ASF/sam/utils/cmsis/sam4s/source/templates/gcc/startup_sam4s.o
 .debug_loc     0x00003381       0xfd src/ASF/sam/utils/syscalls/gcc/syscalls.o
 .debug_loc     0x0000347e      0x384 src/main.o

.debug_aranges  0x00000000      0x880
 .debug_aranges
                0x00000000       0x20 src/ASF/common/utils/stdio/read.o
 .debug_aranges
                0x00000020       0x20 src/ASF/common/utils/stdio/write.o
 .debug_aranges
                0x00000040      0x210 src/ASF/sam/drivers/usart/usart.o
 .debug_aranges
                0x00000250       0xe8 src/ASF/sam/drivers/uart/uart.o
 .debug_aranges
                0x00000338       0x30 src/ASF/common/services/clock/sam4s/sysclk.o
 .debug_aranges
                0x00000368       0x20 src/ASF/sam/boards/sam4s_ek2/init.o
 .debug_aranges
                0x00000388      0x1a8 src/ASF/sam/drivers/pio/pio.o
 .debug_aranges
                0x00000530       0x58 src/ASF/sam/drivers/pio/pio_handler.o
 .debug_aranges
                0x00000588      0x208 src/ASF/sam/drivers/pmc/pmc.o
 .debug_aranges
                0x00000790       0x28 src/ASF/sam/utils/cmsis/sam4s/source/templates/gcc/startup_sam4s.o
 .debug_aranges
                0x000007b8       0x30 src/ASF/sam/utils/cmsis/sam4s/source/templates/system_sam4s.o
 .debug_aranges
                0x000007e8       0x60 src/ASF/sam/utils/syscalls/gcc/syscalls.o
 .debug_aranges
                0x00000848       0x38 src/main.o

.debug_ranges   0x00000000      0x7e0
 .debug_ranges  0x00000000       0x10 src/ASF/common/utils/stdio/read.o
 .debug_ranges  0x00000010       0x10 src/ASF/common/utils/stdio/write.o
 .debug_ranges  0x00000020      0x200 src/ASF/sam/drivers/usart/usart.o
 .debug_ranges  0x00000220       0xd8 src/ASF/sam/drivers/uart/uart.o
 .debug_ranges  0x000002f8       0x20 src/ASF/common/services/clock/sam4s/sysclk.o
 .debug_ranges  0x00000318       0x10 src/ASF/sam/boards/sam4s_ek2/init.o
 .debug_ranges  0x00000328      0x1b0 src/ASF/sam/drivers/pio/pio.o
 .debug_ranges  0x000004d8       0x60 src/ASF/sam/drivers/pio/pio_handler.o
 .debug_ranges  0x00000538      0x1f8 src/ASF/sam/drivers/pmc/pmc.o
 .debug_ranges  0x00000730       0x18 src/ASF/sam/utils/cmsis/sam4s/source/templates/gcc/startup_sam4s.o
 .debug_ranges  0x00000748       0x20 src/ASF/sam/utils/cmsis/sam4s/source/templates/system_sam4s.o
 .debug_ranges  0x00000768       0x50 src/ASF/sam/utils/syscalls/gcc/syscalls.o
 .debug_ranges  0x000007b8       0x28 src/main.o

.debug_macro    0x00000000    0x12858
 .debug_macro   0x00000000      0x524 src/ASF/common/utils/stdio/read.o
 .debug_macro   0x00000524      0x8ce src/ASF/common/utils/stdio/read.o
 .debug_macro   0x00000df2      0x16d src/ASF/common/utils/stdio/read.o
 .debug_macro   0x00000f5f      0x652 src/ASF/common/utils/stdio/read.o
 .debug_macro   0x000015b1       0x76 src/ASF/common/utils/stdio/read.o
 .debug_macro   0x00001627       0x16 src/ASF/common/utils/stdio/read.o
 .debug_macro   0x0000163d      0x6e4 src/ASF/common/utils/stdio/read.o
 .debug_macro   0x00001d21       0x22 src/ASF/common/utils/stdio/read.o
 .debug_macro   0x00001d43       0x87 src/ASF/common/utils/stdio/read.o
 .debug_macro   0x00001dca       0x51 src/ASF/common/utils/stdio/read.o
 .debug_macro   0x00001e1b       0xef src/ASF/common/utils/stdio/read.o
 .debug_macro   0x00001f0a       0x6a src/ASF/common/utils/stdio/read.o
 .debug_macro   0x00001f74      0x1df src/ASF/common/utils/stdio/read.o
 .debug_macro   0x00002153       0x27 src/ASF/common/utils/stdio/read.o
 .debug_macro   0x0000217a       0x3b src/ASF/common/utils/stdio/read.o
 .debug_macro   0x000021b5       0x2d src/ASF/common/utils/stdio/read.o
 .debug_macro   0x000021e2       0x26 src/ASF/common/utils/stdio/read.o
 .debug_macro   0x00002208      0xbbf src/ASF/common/utils/stdio/read.o
 .debug_macro   0x00002dc7      0x159 src/ASF/common/utils/stdio/read.o
 .debug_macro   0x00002f20      0xaaf src/ASF/common/utils/stdio/read.o
 .debug_macro   0x000039cf      0x284 src/ASF/common/utils/stdio/read.o
 .debug_macro   0x00003c53      0x11e src/ASF/common/utils/stdio/read.o
 .debug_macro   0x00003d71       0xac src/ASF/common/utils/stdio/read.o
 .debug_macro   0x00003e1d      0x401 src/ASF/common/utils/stdio/read.o
 .debug_macro   0x0000421e      0x106 src/ASF/common/utils/stdio/read.o
 .debug_macro   0x00004324       0x1c src/ASF/common/utils/stdio/read.o
 .debug_macro   0x00004340      0x738 src/ASF/common/utils/stdio/read.o
 .debug_macro   0x00004a78      0x2d2 src/ASF/common/utils/stdio/read.o
 .debug_macro   0x00004d4a       0xbe src/ASF/common/utils/stdio/read.o
 .debug_macro   0x00004e08     0x280b src/ASF/common/utils/stdio/read.o
 .debug_macro   0x00007613      0x777 src/ASF/common/utils/stdio/read.o
 .debug_macro   0x00007d8a      0xa8e src/ASF/common/utils/stdio/read.o
 .debug_macro   0x00008818       0x9a src/ASF/common/utils/stdio/read.o
 .debug_macro   0x000088b2      0x3d8 src/ASF/common/utils/stdio/read.o
 .debug_macro   0x00008c8a       0x64 src/ASF/common/utils/stdio/read.o
 .debug_macro   0x00008cee      0x1ae src/ASF/common/utils/stdio/read.o
 .debug_macro   0x00008e9c      0x386 src/ASF/common/utils/stdio/read.o
 .debug_macro   0x00009222      0x624 src/ASF/common/utils/stdio/read.o
 .debug_macro   0x00009846      0x690 src/ASF/common/utils/stdio/read.o
 .debug_macro   0x00009ed6      0x59f src/ASF/common/utils/stdio/read.o
 .debug_macro   0x0000a475      0x34d src/ASF/common/utils/stdio/read.o
 .debug_macro   0x0000a7c2      0x28c src/ASF/common/utils/stdio/read.o
 .debug_macro   0x0000aa4e      0x2d6 src/ASF/common/utils/stdio/read.o
 .debug_macro   0x0000ad24      0x6d9 src/ASF/common/utils/stdio/read.o
 .debug_macro   0x0000b3fd       0x76 src/ASF/common/utils/stdio/read.o
 .debug_macro   0x0000b473       0xb8 src/ASF/common/utils/stdio/read.o
 .debug_macro   0x0000b52b       0xb2 src/ASF/common/utils/stdio/read.o
 .debug_macro   0x0000b5dd       0x88 src/ASF/common/utils/stdio/read.o
 .debug_macro   0x0000b665      0x105 src/ASF/common/utils/stdio/read.o
 .debug_macro   0x0000b76a      0x105 src/ASF/common/utils/stdio/read.o
 .debug_macro   0x0000b86f       0x88 src/ASF/common/utils/stdio/read.o
 .debug_macro   0x0000b8f7       0x88 src/ASF/common/utils/stdio/read.o
 .debug_macro   0x0000b97f      0x2cd src/ASF/common/utils/stdio/read.o
 .debug_macro   0x0000bc4c       0xb2 src/ASF/common/utils/stdio/read.o
 .debug_macro   0x0000bcfe       0xb2 src/ASF/common/utils/stdio/read.o
 .debug_macro   0x0000bdb0       0x52 src/ASF/common/utils/stdio/read.o
 .debug_macro   0x0000be02       0xac src/ASF/common/utils/stdio/read.o
 .debug_macro   0x0000beae       0x7c src/ASF/common/utils/stdio/read.o
 .debug_macro   0x0000bf2a       0x40 src/ASF/common/utils/stdio/read.o
 .debug_macro   0x0000bf6a       0x64 src/ASF/common/utils/stdio/read.o
 .debug_macro   0x0000bfce       0x46 src/ASF/common/utils/stdio/read.o
 .debug_macro   0x0000c014       0x88 src/ASF/common/utils/stdio/read.o
 .debug_macro   0x0000c09c       0x4c src/ASF/common/utils/stdio/read.o
 .debug_macro   0x0000c0e8       0xa6 src/ASF/common/utils/stdio/read.o
 .debug_macro   0x0000c18e       0x7c src/ASF/common/utils/stdio/read.o
 .debug_macro   0x0000c20a       0x16 src/ASF/common/utils/stdio/read.o
 .debug_macro   0x0000c220       0x7c src/ASF/common/utils/stdio/read.o
 .debug_macro   0x0000c29c       0x22 src/ASF/common/utils/stdio/read.o
 .debug_macro   0x0000c2be       0x22 src/ASF/common/utils/stdio/read.o
 .debug_macro   0x0000c2e0      0x195 src/ASF/common/utils/stdio/read.o
 .debug_macro   0x0000c475      0x165 src/ASF/common/utils/stdio/read.o
 .debug_macro   0x0000c5da      0x165 src/ASF/common/utils/stdio/read.o
 .debug_macro   0x0000c73f       0x1c src/ASF/common/utils/stdio/read.o
 .debug_macro   0x0000c75b       0x2e src/ASF/common/utils/stdio/read.o
 .debug_macro   0x0000c789       0x22 src/ASF/common/utils/stdio/read.o
 .debug_macro   0x0000c7ab       0x1c src/ASF/common/utils/stdio/read.o
 .debug_macro   0x0000c7c7       0x52 src/ASF/common/utils/stdio/read.o
 .debug_macro   0x0000c819       0x10 src/ASF/common/utils/stdio/read.o
 .debug_macro   0x0000c829      0x234 src/ASF/common/utils/stdio/read.o
 .debug_macro   0x0000ca5d      0x938 src/ASF/common/utils/stdio/read.o
 .debug_macro   0x0000d395      0x12a src/ASF/common/utils/stdio/read.o
 .debug_macro   0x0000d4bf       0x58 src/ASF/common/utils/stdio/read.o
 .debug_macro   0x0000d517       0x35 src/ASF/common/utils/stdio/read.o
 .debug_macro   0x0000d54c       0x9c src/ASF/common/utils/stdio/read.o
 .debug_macro   0x0000d5e8       0x16 src/ASF/common/utils/stdio/read.o
 .debug_macro   0x0000d5fe       0x35 src/ASF/common/utils/stdio/read.o
 .debug_macro   0x0000d633      0x353 src/ASF/common/utils/stdio/read.o
 .debug_macro   0x0000d986       0x10 src/ASF/common/utils/stdio/read.o
 .debug_macro   0x0000d996       0x58 src/ASF/common/utils/stdio/read.o
 .debug_macro   0x0000d9ee       0x1f src/ASF/common/utils/stdio/read.o
 .debug_macro   0x0000da0d       0x43 src/ASF/common/utils/stdio/read.o
 .debug_macro   0x0000da50       0x20 src/ASF/common/utils/stdio/read.o
 .debug_macro   0x0000da70      0x187 src/ASF/common/utils/stdio/read.o
 .debug_macro   0x0000dbf7       0x10 src/ASF/common/utils/stdio/read.o
 .debug_macro   0x0000dc07       0x1c src/ASF/common/utils/stdio/read.o
 .debug_macro   0x0000dc23       0x52 src/ASF/common/utils/stdio/read.o
 .debug_macro   0x0000dc75       0x40 src/ASF/common/utils/stdio/read.o
 .debug_macro   0x0000dcb5       0x10 src/ASF/common/utils/stdio/read.o
 .debug_macro   0x0000dcc5       0x40 src/ASF/common/utils/stdio/read.o
 .debug_macro   0x0000dd05       0xd7 src/ASF/common/utils/stdio/read.o
 .debug_macro   0x0000dddc       0x16 src/ASF/common/utils/stdio/read.o
 .debug_macro   0x0000ddf2      0x18b src/ASF/common/utils/stdio/read.o
 .debug_macro   0x0000df7d       0x22 src/ASF/common/utils/stdio/read.o
 .debug_macro   0x0000df9f       0x16 src/ASF/common/utils/stdio/read.o
 .debug_macro   0x0000dfb5       0x16 src/ASF/common/utils/stdio/read.o
 .debug_macro   0x0000dfcb       0x29 src/ASF/common/utils/stdio/read.o
 .debug_macro   0x0000dff4       0x75 src/ASF/common/utils/stdio/read.o
 .debug_macro   0x0000e069       0x3f src/ASF/common/utils/stdio/read.o
 .debug_macro   0x0000e0a8      0x3ca src/ASF/common/utils/stdio/read.o
 .debug_macro   0x0000e472      0x524 src/ASF/common/utils/stdio/write.o
 .debug_macro   0x0000e996      0x569 src/ASF/sam/drivers/usart/usart.o
 .debug_macro   0x0000eeff       0x28 src/ASF/sam/drivers/usart/usart.o
 .debug_macro   0x0000ef27      0x533 src/ASF/sam/drivers/uart/uart.o
 .debug_macro   0x0000f45a       0x16 src/ASF/sam/drivers/uart/uart.o
 .debug_macro   0x0000f470      0x59e src/ASF/common/services/clock/sam4s/sysclk.o
 .debug_macro   0x0000fa0e      0x2b9 src/ASF/common/services/clock/sam4s/sysclk.o
 .debug_macro   0x0000fcc7      0x5de src/ASF/sam/boards/sam4s_ek2/init.o
 .debug_macro   0x000102a5       0x46 src/ASF/sam/boards/sam4s_ek2/init.o
 .debug_macro   0x000102eb       0x94 src/ASF/sam/boards/sam4s_ek2/init.o
 .debug_macro   0x0001037f       0x40 src/ASF/sam/boards/sam4s_ek2/init.o
 .debug_macro   0x000103bf       0x82 src/ASF/sam/boards/sam4s_ek2/init.o
 .debug_macro   0x00010441      0x539 src/ASF/sam/drivers/pio/pio.o
 .debug_macro   0x0001097a       0x8e src/ASF/sam/drivers/pio/pio.o
 .debug_macro   0x00010a08      0x543 src/ASF/sam/drivers/pio/pio_handler.o
 .debug_macro   0x00010f4b      0x539 src/ASF/sam/drivers/pmc/pmc.o
 .debug_macro   0x00011484       0x52 src/ASF/sam/drivers/pmc/pmc.o
 .debug_macro   0x000114d6      0x325 src/ASF/sam/utils/cmsis/sam4s/source/templates/gcc/startup_sam4s.o
 .debug_macro   0x000117fb      0x32d src/ASF/sam/utils/cmsis/sam4s/source/templates/system_sam4s.o
 .debug_macro   0x00011b28      0x1d6 src/ASF/sam/utils/syscalls/gcc/syscalls.o
 .debug_macro   0x00011cfe       0x52 src/ASF/sam/utils/syscalls/gcc/syscalls.o
 .debug_macro   0x00011d50       0x8d src/ASF/sam/utils/syscalls/gcc/syscalls.o
 .debug_macro   0x00011ddd       0x57 src/ASF/sam/utils/syscalls/gcc/syscalls.o
 .debug_macro   0x00011e34       0x97 src/ASF/sam/utils/syscalls/gcc/syscalls.o
 .debug_macro   0x00011ecb       0xf6 src/ASF/sam/utils/syscalls/gcc/syscalls.o
 .debug_macro   0x00011fc1       0x4c src/ASF/sam/utils/syscalls/gcc/syscalls.o
 .debug_macro   0x0001200d       0x16 src/ASF/sam/utils/syscalls/gcc/syscalls.o
 .debug_macro   0x00012023       0x10 src/ASF/sam/utils/syscalls/gcc/syscalls.o
 .debug_macro   0x00012033       0x10 src/ASF/sam/utils/syscalls/gcc/syscalls.o
 .debug_macro   0x00012043       0x35 src/ASF/sam/utils/syscalls/gcc/syscalls.o
 .debug_macro   0x00012078      0x122 src/ASF/sam/utils/syscalls/gcc/syscalls.o
 .debug_macro   0x0001219a      0x698 src/main.o
 .debug_macro   0x00012832       0x10 src/main.o
 .debug_macro   0x00012842       0x16 src/main.o

.debug_line     0x00000000     0x99e5
 .debug_line    0x00000000      0xab0 src/ASF/common/utils/stdio/read.o
 .debug_line    0x00000ab0      0xaa8 src/ASF/common/utils/stdio/write.o
 .debug_line    0x00001558     0x102c src/ASF/sam/drivers/usart/usart.o
 .debug_line    0x00002584      0xc63 src/ASF/sam/drivers/uart/uart.o
 .debug_line    0x000031e7      0xbe6 src/ASF/common/services/clock/sam4s/sysclk.o
 .debug_line    0x00003dcd      0xcbf src/ASF/sam/boards/sam4s_ek2/init.o
 .debug_line    0x00004a8c      0xf5f src/ASF/sam/drivers/pio/pio.o
 .debug_line    0x000059eb      0xb7a src/ASF/sam/drivers/pio/pio_handler.o
 .debug_line    0x00006565     0x103b src/ASF/sam/drivers/pmc/pmc.o
 .debug_line    0x000075a0      0x88b src/ASF/sam/utils/cmsis/sam4s/source/templates/gcc/startup_sam4s.o
 .debug_line    0x00007e2b      0x8bd src/ASF/sam/utils/cmsis/sam4s/source/templates/system_sam4s.o
 .debug_line    0x000086e8      0x40c src/ASF/sam/utils/syscalls/gcc/syscalls.o
 .debug_line    0x00008af4      0xef1 src/main.o

.debug_str      0x00000000    0x530ca
 .debug_str     0x00000000    0x4a9e7 src/ASF/common/utils/stdio/read.o
                              0x4ada5 (size before relaxing)
 .debug_str     0x0004a9e7       0x2e src/ASF/common/utils/stdio/write.o
                              0x4ada6 (size before relaxing)
 .debug_str     0x0004aa15      0xa1b src/ASF/sam/drivers/usart/usart.o
                              0x4b7a5 (size before relaxing)
 .debug_str     0x0004b430      0x340 src/ASF/sam/drivers/uart/uart.o
                              0x4b15f (size before relaxing)
 .debug_str     0x0004b770     0x4da5 src/ASF/common/services/clock/sam4s/sysclk.o
                              0x4fb7e (size before relaxing)
 .debug_str     0x00050515      0xcae src/ASF/sam/boards/sam4s_ek2/init.o
                              0x504db (size before relaxing)
 .debug_str     0x000511c3      0x51c src/ASF/sam/drivers/pio/pio.o
                              0x4b9c0 (size before relaxing)
 .debug_str     0x000516df      0x40b src/ASF/sam/drivers/pio/pio_handler.o
                              0x4b8ec (size before relaxing)
 .debug_str     0x00051aea      0x622 src/ASF/sam/drivers/pmc/pmc.o
                              0x4b80f (size before relaxing)
 .debug_str     0x0005210c      0x435 src/ASF/sam/utils/cmsis/sam4s/source/templates/gcc/startup_sam4s.o
                              0x3b881 (size before relaxing)
 .debug_str     0x00052541       0xb9 src/ASF/sam/utils/cmsis/sam4s/source/templates/system_sam4s.o
                              0x3b613 (size before relaxing)
 .debug_str     0x000525fa      0x774 src/ASF/sam/utils/syscalls/gcc/syscalls.o
                               0x7403 (size before relaxing)
 .debug_str     0x00052d6e      0x35c src/main.o
                              0x50aaa (size before relaxing)

.debug_frame    0x00000000     0x1f74
 .debug_frame   0x00000000       0x30 src/ASF/common/utils/stdio/read.o
 .debug_frame   0x00000030       0x48 src/ASF/common/utils/stdio/write.o
 .debug_frame   0x00000078      0x48c src/ASF/sam/drivers/usart/usart.o
 .debug_frame   0x00000504      0x1bc src/ASF/sam/drivers/uart/uart.o
 .debug_frame   0x000006c0       0x58 src/ASF/common/services/clock/sam4s/sysclk.o
 .debug_frame   0x00000718       0x2c src/ASF/sam/boards/sam4s_ek2/init.o
 .debug_frame   0x00000744      0x384 src/ASF/sam/drivers/pio/pio.o
 .debug_frame   0x00000ac8       0xf4 src/ASF/sam/drivers/pio/pio_handler.o
 .debug_frame   0x00000bbc      0x408 src/ASF/sam/drivers/pmc/pmc.o
 .debug_frame   0x00000fc4       0x38 src/ASF/sam/utils/cmsis/sam4s/source/templates/gcc/startup_sam4s.o
 .debug_frame   0x00000ffc       0x40 src/ASF/sam/utils/cmsis/sam4s/source/templates/system_sam4s.o
 .debug_frame   0x0000103c       0xa0 src/ASF/sam/utils/syscalls/gcc/syscalls.o
 .debug_frame   0x000010dc       0x9c src/main.o
 .debug_frame   0x00001178       0x2c s:/program files (x86)/atmel/studio/7.0/toolchain/arm/arm-gnu-toolchain/bin/../lib/gcc/arm-none-eabi/6.3.1/../../../../arm-none-eabi/lib/thumb/v7e-m\libc.a(lib_a-init.o)
 .debug_frame   0x000011a4       0x74 s:/program files (x86)/atmel/studio/7.0/toolchain/arm/arm-gnu-toolchain/bin/../lib/gcc/arm-none-eabi/6.3.1/../../../../arm-none-eabi/lib/thumb/v7e-m\libc.a(lib_a-iprintf.o)
 .debug_frame   0x00001218       0x34 s:/program files (x86)/atmel/studio/7.0/toolchain/arm/arm-gnu-toolchain/bin/../lib/gcc/arm-none-eabi/6.3.1/../../../../arm-none-eabi/lib/thumb/v7e-m\libc.a(lib_a-memset.o)
 .debug_frame   0x0000124c       0x4c s:/program files (x86)/atmel/studio/7.0/toolchain/arm/arm-gnu-toolchain/bin/../lib/gcc/arm-none-eabi/6.3.1/../../../../arm-none-eabi/lib/thumb/v7e-m\libc.a(lib_a-puts.o)
 .debug_frame   0x00001298       0x3c s:/program files (x86)/atmel/studio/7.0/toolchain/arm/arm-gnu-toolchain/bin/../lib/gcc/arm-none-eabi/6.3.1/../../../../arm-none-eabi/lib/thumb/v7e-m\libc.a(lib_a-rget.o)
 .debug_frame   0x000012d4       0x20 s:/program files (x86)/atmel/studio/7.0/toolchain/arm/arm-gnu-toolchain/bin/../lib/gcc/arm-none-eabi/6.3.1/../../../../arm-none-eabi/lib/thumb/v7e-m\libc.a(lib_a-setbuf.o)
 .debug_frame   0x000012f4       0x48 s:/program files (x86)/atmel/studio/7.0/toolchain/arm/arm-gnu-toolchain/bin/../lib/gcc/arm-none-eabi/6.3.1/../../../../arm-none-eabi/lib/thumb/v7e-m\libc.a(lib_a-setvbuf.o)
 .debug_frame   0x0000133c       0xd8 s:/program files (x86)/atmel/studio/7.0/toolchain/arm/arm-gnu-toolchain/bin/../lib/gcc/arm-none-eabi/6.3.1/../../../../arm-none-eabi/lib/thumb/v7e-m\libc.a(lib_a-vfiprintf.o)
 .debug_frame   0x00001414       0x2c s:/program files (x86)/atmel/studio/7.0/toolchain/arm/arm-gnu-toolchain/bin/../lib/gcc/arm-none-eabi/6.3.1/../../../../arm-none-eabi/lib/thumb/v7e-m\libc.a(lib_a-wsetup.o)
 .debug_frame   0x00001440       0x5c s:/program files (x86)/atmel/studio/7.0/toolchain/arm/arm-gnu-toolchain/bin/../lib/gcc/arm-none-eabi/6.3.1/../../../../arm-none-eabi/lib/thumb/v7e-m\libc.a(lib_a-__call_atexit.o)
 .debug_frame   0x0000149c       0x20 s:/program files (x86)/atmel/studio/7.0/toolchain/arm/arm-gnu-toolchain/bin/../lib/gcc/arm-none-eabi/6.3.1/../../../../arm-none-eabi/lib/thumb/v7e-m\libc.a(lib_a-atexit.o)
 .debug_frame   0x000014bc       0x5c s:/program files (x86)/atmel/studio/7.0/toolchain/arm/arm-gnu-toolchain/bin/../lib/gcc/arm-none-eabi/6.3.1/../../../../arm-none-eabi/lib/thumb/v7e-m\libc.a(lib_a-fflush.o)
 .debug_frame   0x00001518      0x148 s:/program files (x86)/atmel/studio/7.0/toolchain/arm/arm-gnu-toolchain/bin/../lib/gcc/arm-none-eabi/6.3.1/../../../../arm-none-eabi/lib/thumb/v7e-m\libc.a(lib_a-findfp.o)
 .debug_frame   0x00001660       0x34 s:/program files (x86)/atmel/studio/7.0/toolchain/arm/arm-gnu-toolchain/bin/../lib/gcc/arm-none-eabi/6.3.1/../../../../arm-none-eabi/lib/thumb/v7e-m\libc.a(lib_a-fini.o)
 .debug_frame   0x00001694       0x94 s:/program files (x86)/atmel/studio/7.0/toolchain/arm/arm-gnu-toolchain/bin/../lib/gcc/arm-none-eabi/6.3.1/../../../../arm-none-eabi/lib/thumb/v7e-m\libc.a(lib_a-fputwc.o)
 .debug_frame   0x00001728       0x74 s:/program files (x86)/atmel/studio/7.0/toolchain/arm/arm-gnu-toolchain/bin/../lib/gcc/arm-none-eabi/6.3.1/../../../../arm-none-eabi/lib/thumb/v7e-m\libc.a(lib_a-freer.o)
 .debug_frame   0x0000179c       0x68 s:/program files (x86)/atmel/studio/7.0/toolchain/arm/arm-gnu-toolchain/bin/../lib/gcc/arm-none-eabi/6.3.1/../../../../arm-none-eabi/lib/thumb/v7e-m\libc.a(lib_a-fvwrite.o)
 .debug_frame   0x00001804       0x54 s:/program files (x86)/atmel/studio/7.0/toolchain/arm/arm-gnu-toolchain/bin/../lib/gcc/arm-none-eabi/6.3.1/../../../../arm-none-eabi/lib/thumb/v7e-m\libc.a(lib_a-fwalk.o)
 .debug_frame   0x00001858       0x6c s:/program files (x86)/atmel/studio/7.0/toolchain/arm/arm-gnu-toolchain/bin/../lib/gcc/arm-none-eabi/6.3.1/../../../../arm-none-eabi/lib/thumb/v7e-m\libc.a(lib_a-locale.o)
 .debug_frame   0x000018c4       0xb0 s:/program files (x86)/atmel/studio/7.0/toolchain/arm/arm-gnu-toolchain/bin/../lib/gcc/arm-none-eabi/6.3.1/../../../../arm-none-eabi/lib/thumb/v7e-m\libc.a(lib_a-lock.o)
 .debug_frame   0x00001974       0x68 s:/program files (x86)/atmel/studio/7.0/toolchain/arm/arm-gnu-toolchain/bin/../lib/gcc/arm-none-eabi/6.3.1/../../../../arm-none-eabi/lib/thumb/v7e-m\libc.a(lib_a-makebuf.o)
 .debug_frame   0x000019dc       0x30 s:/program files (x86)/atmel/studio/7.0/toolchain/arm/arm-gnu-toolchain/bin/../lib/gcc/arm-none-eabi/6.3.1/../../../../arm-none-eabi/lib/thumb/v7e-m\libc.a(lib_a-malloc.o)
 .debug_frame   0x00001a0c       0x58 s:/program files (x86)/atmel/studio/7.0/toolchain/arm/arm-gnu-toolchain/bin/../lib/gcc/arm-none-eabi/6.3.1/../../../../arm-none-eabi/lib/thumb/v7e-m\libc.a(lib_a-mallocr.o)
 .debug_frame   0x00001a64       0x4c s:/program files (x86)/atmel/studio/7.0/toolchain/arm/arm-gnu-toolchain/bin/../lib/gcc/arm-none-eabi/6.3.1/../../../../arm-none-eabi/lib/thumb/v7e-m\libc.a(lib_a-mbtowc_r.o)
 .debug_frame   0x00001ab0       0x30 s:/program files (x86)/atmel/studio/7.0/toolchain/arm/arm-gnu-toolchain/bin/../lib/gcc/arm-none-eabi/6.3.1/../../../../arm-none-eabi/lib/thumb/v7e-m\libc.a(lib_a-memmove.o)
 .debug_frame   0x00001ae0       0x30 s:/program files (x86)/atmel/studio/7.0/toolchain/arm/arm-gnu-toolchain/bin/../lib/gcc/arm-none-eabi/6.3.1/../../../../arm-none-eabi/lib/thumb/v7e-m\libc.a(lib_a-mlock.o)
 .debug_frame   0x00001b10       0x68 s:/program files (x86)/atmel/studio/7.0/toolchain/arm/arm-gnu-toolchain/bin/../lib/gcc/arm-none-eabi/6.3.1/../../../../arm-none-eabi/lib/thumb/v7e-m\libc.a(lib_a-reallocr.o)
 .debug_frame   0x00001b78       0x40 s:/program files (x86)/atmel/studio/7.0/toolchain/arm/arm-gnu-toolchain/bin/../lib/gcc/arm-none-eabi/6.3.1/../../../../arm-none-eabi/lib/thumb/v7e-m\libc.a(lib_a-refill.o)
 .debug_frame   0x00001bb8       0x2c s:/program files (x86)/atmel/studio/7.0/toolchain/arm/arm-gnu-toolchain/bin/../lib/gcc/arm-none-eabi/6.3.1/../../../../arm-none-eabi/lib/thumb/v7e-m\libc.a(lib_a-sbrkr.o)
 .debug_frame   0x00001be4       0x88 s:/program files (x86)/atmel/studio/7.0/toolchain/arm/arm-gnu-toolchain/bin/../lib/gcc/arm-none-eabi/6.3.1/../../../../arm-none-eabi/lib/thumb/v7e-m\libc.a(lib_a-stdio.o)
 .debug_frame   0x00001c6c       0x40 s:/program files (x86)/atmel/studio/7.0/toolchain/arm/arm-gnu-toolchain/bin/../lib/gcc/arm-none-eabi/6.3.1/../../../../arm-none-eabi/lib/thumb/v7e-m\libc.a(lib_a-wbuf.o)
 .debug_frame   0x00001cac       0x5c s:/program files (x86)/atmel/studio/7.0/toolchain/arm/arm-gnu-toolchain/bin/../lib/gcc/arm-none-eabi/6.3.1/../../../../arm-none-eabi/lib/thumb/v7e-m\libc.a(lib_a-wcrtomb.o)
 .debug_frame   0x00001d08       0x3c s:/program files (x86)/atmel/studio/7.0/toolchain/arm/arm-gnu-toolchain/bin/../lib/gcc/arm-none-eabi/6.3.1/../../../../arm-none-eabi/lib/thumb/v7e-m\libc.a(lib_a-wctomb_r.o)
 .debug_frame   0x00001d44       0x2c s:/program files (x86)/atmel/studio/7.0/toolchain/arm/arm-gnu-toolchain/bin/../lib/gcc/arm-none-eabi/6.3.1/../../../../arm-none-eabi/lib/thumb/v7e-m\libc.a(lib_a-writer.o)
 .debug_frame   0x00001d70       0x34 s:/program files (x86)/atmel/studio/7.0/toolchain/arm/arm-gnu-toolchain/bin/../lib/gcc/arm-none-eabi/6.3.1/../../../../arm-none-eabi/lib/thumb/v7e-m\libc.a(lib_a-__atexit.o)
 .debug_frame   0x00001da4       0x2c s:/program files (x86)/atmel/studio/7.0/toolchain/arm/arm-gnu-toolchain/bin/../lib/gcc/arm-none-eabi/6.3.1/../../../../arm-none-eabi/lib/thumb/v7e-m\libc.a(lib_a-closer.o)
 .debug_frame   0x00001dd0       0x3c s:/program files (x86)/atmel/studio/7.0/toolchain/arm/arm-gnu-toolchain/bin/../lib/gcc/arm-none-eabi/6.3.1/../../../../arm-none-eabi/lib/thumb/v7e-m\libc.a(lib_a-fclose.o)
 .debug_frame   0x00001e0c       0x2c s:/program files (x86)/atmel/studio/7.0/toolchain/arm/arm-gnu-toolchain/bin/../lib/gcc/arm-none-eabi/6.3.1/../../../../arm-none-eabi/lib/thumb/v7e-m\libc.a(lib_a-fstatr.o)
 .debug_frame   0x00001e38       0x2c s:/program files (x86)/atmel/studio/7.0/toolchain/arm/arm-gnu-toolchain/bin/../lib/gcc/arm-none-eabi/6.3.1/../../../../arm-none-eabi/lib/thumb/v7e-m\libc.a(lib_a-isattyr.o)
 .debug_frame   0x00001e64       0x2c s:/program files (x86)/atmel/studio/7.0/toolchain/arm/arm-gnu-toolchain/bin/../lib/gcc/arm-none-eabi/6.3.1/../../../../arm-none-eabi/lib/thumb/v7e-m\libc.a(lib_a-lseekr.o)
 .debug_frame   0x00001e90       0x2c s:/program files (x86)/atmel/studio/7.0/toolchain/arm/arm-gnu-toolchain/bin/../lib/gcc/arm-none-eabi/6.3.1/../../../../arm-none-eabi/lib/thumb/v7e-m\libc.a(lib_a-readr.o)
 .debug_frame   0x00001ebc       0x58 s:/program files (x86)/atmel/studio/7.0/toolchain/arm/arm-gnu-toolchain/bin/../lib/gcc/arm-none-eabi/6.3.1/../../../../arm-none-eabi/lib/thumb/v7e-m\libc.a(lib_a-reent.o)
 .debug_frame   0x00001f14       0x2c s:/program files (x86)/atmel/studio/7.0/toolchain/arm/arm-gnu-toolchain/bin/../lib/gcc/arm-none-eabi/6.3.1/thumb/v7e-m\libgcc.a(_aeabi_uldivmod.o)
 .debug_frame   0x00001f40       0x34 s:/program files (x86)/atmel/studio/7.0/toolchain/arm/arm-gnu-toolchain/bin/../lib/gcc/arm-none-eabi/6.3.1/thumb/v7e-m\libgcc.a(_udivmoddi4.o)

Cross Reference Table

Symbol                                            File
ACC_Handler                                       src/ASF/sam/utils/cmsis/sam4s/source/templates/gcc/startup_sam4s.o
ADC_Handler                                       src/ASF/sam/utils/cmsis/sam4s/source/templates/gcc/startup_sam4s.o
BusFault_Handler                                  src/ASF/sam/utils/cmsis/sam4s/source/templates/gcc/startup_sam4s.o
CRCCU_Handler                                     src/ASF/sam/utils/cmsis/sam4s/source/templates/gcc/startup_sam4s.o
DACC_Handler                                      src/ASF/sam/utils/cmsis/sam4s/source/templates/gcc/startup_sam4s.o
DebugMon_Handler                                  src/ASF/sam/utils/cmsis/sam4s/source/templates/gcc/startup_sam4s.o
Dummy_Handler                                     src/ASF/sam/utils/cmsis/sam4s/source/templates/gcc/startup_sam4s.o
EFC0_Handler                                      src/ASF/sam/utils/cmsis/sam4s/source/templates/gcc/startup_sam4s.o
EFC1_Handler                                      src/ASF/sam/utils/cmsis/sam4s/source/templates/gcc/startup_sam4s.o
HSMCI_Handler                                     src/ASF/sam/utils/cmsis/sam4s/source/templates/gcc/startup_sam4s.o
HardFault_Handler                                 src/ASF/sam/utils/cmsis/sam4s/source/templates/gcc/startup_sam4s.o
LED_Off                                           src/ASF/sam/boards/sam4s_ek2/led.o
LED_On                                            src/ASF/sam/boards/sam4s_ek2/led.o
MemManage_Handler                                 src/ASF/sam/utils/cmsis/sam4s/source/templates/gcc/startup_sam4s.o
NMI_Handler                                       src/ASF/sam/utils/cmsis/sam4s/source/templates/gcc/startup_sam4s.o
PIOA_Handler                                      src/ASF/sam/drivers/pio/pio_handler.o
PIOB_Handler                                      src/ASF/sam/drivers/pio/pio_handler.o
PIOC_Handler                                      src/ASF/sam/drivers/pio/pio_handler.o
PMC_Handler                                       src/ASF/sam/utils/cmsis/sam4s/source/templates/gcc/startup_sam4s.o
PWM_Handler                                       src/ASF/sam/utils/cmsis/sam4s/source/templates/gcc/startup_sam4s.o
PendSV_Handler                                    src/ASF/sam/utils/cmsis/sam4s/source/templates/gcc/startup_sam4s.o
RSTC_Handler                                      src/ASF/sam/utils/cmsis/sam4s/source/templates/gcc/startup_sam4s.o
RTC_Handler                                       src/ASF/sam/utils/cmsis/sam4s/source/templates/gcc/startup_sam4s.o
RTT_Handler                                       src/ASF/sam/utils/cmsis/sam4s/source/templates/gcc/startup_sam4s.o
Reset_Handler                                     src/ASF/sam/utils/cmsis/sam4s/source/templates/gcc/startup_sam4s.o
SPI_Handler                                       src/ASF/sam/utils/cmsis/sam4s/source/templates/gcc/startup_sam4s.o
SSC_Handler                                       src/ASF/sam/utils/cmsis/sam4s/source/templates/gcc/startup_sam4s.o
SUPC_Handler                                      src/ASF/sam/utils/cmsis/sam4s/source/templates/gcc/startup_sam4s.o
SVC_Handler                                       src/ASF/sam/utils/cmsis/sam4s/source/templates/gcc/startup_sam4s.o
SysTick_Handler                                   src/ASF/sam/utils/cmsis/sam4s/source/templates/gcc/startup_sam4s.o
SystemCoreClock                                   src/ASF/sam/utils/cmsis/sam4s/source/templates/system_sam4s.o
SystemCoreClockUpdate                             src/ASF/sam/utils/cmsis/sam4s/source/templates/system_sam4s.o
                                                  src/ASF/common/services/clock/sam4s/sysclk.o
SystemInit                                        src/ASF/sam/utils/cmsis/sam4s/source/templates/system_sam4s.o
TC0_Handler                                       src/ASF/sam/utils/cmsis/sam4s/source/templates/gcc/startup_sam4s.o
TC1_Handler                                       src/ASF/sam/utils/cmsis/sam4s/source/templates/gcc/startup_sam4s.o
TC2_Handler                                       src/ASF/sam/utils/cmsis/sam4s/source/templates/gcc/startup_sam4s.o
TC3_Handler                                       src/ASF/sam/utils/cmsis/sam4s/source/templates/gcc/startup_sam4s.o
TC4_Handler                                       src/ASF/sam/utils/cmsis/sam4s/source/templates/gcc/startup_sam4s.o
TC5_Handler                                       src/ASF/sam/utils/cmsis/sam4s/source/templates/gcc/startup_sam4s.o
TWI0_Handler                                      src/ASF/sam/utils/cmsis/sam4s/source/templates/gcc/startup_sam4s.o
TWI1_Handler                                      src/ASF/sam/utils/cmsis/sam4s/source/templates/gcc/startup_sam4s.o
UART0_Handler                                     src/ASF/sam/utils/cmsis/sam4s/source/templates/gcc/startup_sam4s.o
UART1_Handler                                     src/ASF/sam/utils/cmsis/sam4s/source/templates/gcc/startup_sam4s.o
UDP_Handler                                       src/ASF/sam/utils/cmsis/sam4s/source/templates/gcc/startup_sam4s.o
USART0_Handler                                    src/ASF/sam/utils/cmsis/sam4s/source/templates/gcc/startup_sam4s.o
USART1_Handler                                    src/ASF/sam/utils/cmsis/sam4s/source/templates/gcc/startup_sam4s.o
UsageFault_Handler                                src/ASF/sam/utils/cmsis/sam4s/source/templates/gcc/startup_sam4s.o
WDT_Handler                                       src/ASF/sam/utils/cmsis/sam4s/source/templates/gcc/startup_sam4s.o
_Jv_RegisterClasses                               s:/program files (x86)/atmel/studio/7.0/toolchain/arm/arm-gnu-toolchain/bin/../lib/gcc/arm-none-eabi/6.3.1/thumb/v7e-m/crtbegin.o
_PathLocale                                       s:/program files (x86)/atmel/studio/7.0/toolchain/arm/arm-gnu-toolchain/bin/../lib/gcc/arm-none-eabi/6.3.1/../../../../arm-none-eabi/lib/thumb/v7e-m\libc.a(lib_a-locale.o)
__aeabi_idiv0                                     s:/program files (x86)/atmel/studio/7.0/toolchain/arm/arm-gnu-toolchain/bin/../lib/gcc/arm-none-eabi/6.3.1/thumb/v7e-m\libgcc.a(_dvmd_tls.o)
__aeabi_ldiv0                                     s:/program files (x86)/atmel/studio/7.0/toolchain/arm/arm-gnu-toolchain/bin/../lib/gcc/arm-none-eabi/6.3.1/thumb/v7e-m\libgcc.a(_dvmd_tls.o)
                                                  s:/program files (x86)/atmel/studio/7.0/toolchain/arm/arm-gnu-toolchain/bin/../lib/gcc/arm-none-eabi/6.3.1/thumb/v7e-m\libgcc.a(_aeabi_uldivmod.o)
__aeabi_uldivmod                                  s:/program files (x86)/atmel/studio/7.0/toolchain/arm/arm-gnu-toolchain/bin/../lib/gcc/arm-none-eabi/6.3.1/thumb/v7e-m\libgcc.a(_aeabi_uldivmod.o)
                                                  s:/program files (x86)/atmel/studio/7.0/toolchain/arm/arm-gnu-toolchain/bin/../lib/gcc/arm-none-eabi/6.3.1/../../../../arm-none-eabi/lib/thumb/v7e-m\libc.a(lib_a-vfiprintf.o)
__ascii_mbtowc                                    s:/program files (x86)/atmel/studio/7.0/toolchain/arm/arm-gnu-toolchain/bin/../lib/gcc/arm-none-eabi/6.3.1/../../../../arm-none-eabi/lib/thumb/v7e-m\libc.a(lib_a-mbtowc_r.o)
                                                  s:/program files (x86)/atmel/studio/7.0/toolchain/arm/arm-gnu-toolchain/bin/../lib/gcc/arm-none-eabi/6.3.1/../../../../arm-none-eabi/lib/thumb/v7e-m\libc.a(lib_a-locale.o)
__ascii_wctomb                                    s:/program files (x86)/atmel/studio/7.0/toolchain/arm/arm-gnu-toolchain/bin/../lib/gcc/arm-none-eabi/6.3.1/../../../../arm-none-eabi/lib/thumb/v7e-m\libc.a(lib_a-wctomb_r.o)
                                                  s:/program files (x86)/atmel/studio/7.0/toolchain/arm/arm-gnu-toolchain/bin/../lib/gcc/arm-none-eabi/6.3.1/../../../../arm-none-eabi/lib/thumb/v7e-m\libc.a(lib_a-locale.o)
__atexit_recursive_mutex                          s:/program files (x86)/atmel/studio/7.0/toolchain/arm/arm-gnu-toolchain/bin/../lib/gcc/arm-none-eabi/6.3.1/../../../../arm-none-eabi/lib/thumb/v7e-m\libc.a(lib_a-__call_atexit.o)
                                                  s:/program files (x86)/atmel/studio/7.0/toolchain/arm/arm-gnu-toolchain/bin/../lib/gcc/arm-none-eabi/6.3.1/../../../../arm-none-eabi/lib/thumb/v7e-m\libc.a(lib_a-__atexit.o)
__bss_end__                                       s:/program files (x86)/atmel/studio/7.0/toolchain/arm/arm-gnu-toolchain/bin/../lib/gcc/arm-none-eabi/6.3.1/../../../../arm-none-eabi/lib/thumb/v7e-m/crt0.o